Godot Engine v4.7.2.stable.official.ed1daf0bf - https://godotengine.org


--------------------------------------------------------------------------------------------------
GdUnit4 Comandline Tool
--------------------------------------------------------------------------------------------------
Disabled fail fast!
Set write reports to C:/Users/Leo/Documents/RutaFragil/reports

Headless mode is ignored by option '--ignoreHeadlessMode'"

Please note that tests that use UI interaction do not work correctly in headless mode.
Godot 'InputEvents' are not transported by the Godot engine in headless mode and therefore
have no effect in the test!

Installing GdUnit4 session system hooks.
Session hook 'GdUnitHtmlTestReporter' installed.
Session hook 'GdUnitXMLTestReporter' installed.
Run Test Suite: res://tests/net/crew_sync_test.gd
  res://tests/net/crew_sync_test.gd > test_network_remote_does_not_simulate_while_local_falls STARTED
  res://tests/net/crew_sync_test.gd > test_network_remote_does_not_simulate_while_local_falls PASSED 199ms

  res://tests/net/crew_sync_test.gd > test_spawner_builds_named_crews_with_distinct_authorities_and_one_local_camera STARTED
  res://tests/net/crew_sync_test.gd > test_spawner_builds_named_crews_with_distinct_authorities_and_one_local_camera PASSED 34ms

  res://tests/net/crew_sync_test.gd > test_remote_snapshots_interpolate_without_advancing_physics STARTED
  res://tests/net/crew_sync_test.gd > test_remote_snapshots_interpolate_without_advancing_physics PASSED 81ms

  res://tests/net/crew_sync_test.gd > test_remote_hands_cannot_grab_and_bind_to_their_own_eye STARTED
  res://tests/net/crew_sync_test.gd > test_remote_hands_cannot_grab_and_bind_to_their_own_eye PASSED 33ms

  res://tests/net/crew_sync_test.gd > test_client_replaces_authored_crew_and_activates_local_view_after_spawn STARTED
  res://tests/net/crew_sync_test.gd > test_client_replaces_authored_crew_and_activates_local_view_after_spawn PASSED 48ms

Statistics: 5 test cases | 0 errors | 0 failures | 0 flaky | 0 skipped | 0 orphans | PASSED 407ms


Overall Summary: 5 test cases | 0 errors | 0 failures | 0 flaky | 0 skipped | 0 orphans |
Executed test suites: (1/1)
Executed test cases : (5/5)
Total execution time: 407ms
 Open XML Report at: file://C:/Users/Leo/Documents/RutaFragil/reports/report_3/results.xml
Open HTML Report at: file://C:/Users/Leo/Documents/RutaFragil/reports/report_3/index.html
Exit code: 0
Run dispose test resources
