Godot Engine v4.7.2.stable.official.ed1daf0bf - https://godotengine.org

[2J[H[38;2;233;150;122m
--------------------------------------------------------------------------------------------------
GdUnit4 Comandline Tool
--------------------------------------------------------------------------------------------------[0m
[38;2;0;191;255mDisabled fail fast![0m
[38;2;0;191;255mSet write reports to C:/Users/Leo/Documents/RutaFragil/reports[0m
[38;2;218;165;32m
Headless mode is ignored by option '--ignoreHeadlessMode'"

Please note that tests that use UI interaction do not work correctly in headless mode.
Godot 'InputEvents' are not transported by the Godot engine in headless mode and therefore
have no effect in the test!
[0m
[38;2;100;149;237mInstalling GdUnit4 session system hooks.[0m
[38;2;100;149;237mSession hook 'GdUnitHtmlTestReporter' installed.[0m
[38;2;100;149;237mSession hook 'GdUnitXMLTestReporter' installed.[0m
[38;2;0;206;209mRun Test Suite: [0m[38;2;250;235;215mres://tests/net/cargo_sync_test.gd[0m
  [38;2;250;235;215mres://tests/net/cargo_sync_test.gd[0m[38;2;128;128;128m > [0m[38;2;250;235;215mtest_client_impulse_never_simulates_but_host_free_box_does[0m[38;2;34;139;34m STARTED[0m[38;2;128;128;128m[0m
  [38;2;250;235;215mres://tests/net/cargo_sync_test.gd[0m[38;2;128;128;128m > [0m[38;2;250;235;215mtest_client_impulse_never_simulates_but_host_free_box_does[0m[38;2;34;139;34m PASSED[0m[38;2;100;149;237m 248ms[0m
[38;2;128;128;128m[0m
  [38;2;250;235;215mres://tests/net/cargo_sync_test.gd[0m[38;2;128;128;128m > [0m[38;2;250;235;215mtest_host_grant_and_release_transfer_authority_to_holder_and_back[0m[38;2;34;139;34m STARTED[0m[38;2;128;128;128m[0m
  [38;2;250;235;215mres://tests/net/cargo_sync_test.gd[0m[38;2;128;128;128m > [0m[38;2;250;235;215mtest_host_grant_and_release_transfer_authority_to_holder_and_back[0m[38;2;34;139;34m PASSED[0m[38;2;100;149;237m 6ms[0m
[38;2;128;128;128m[0m
  [38;2;250;235;215mres://tests/net/cargo_sync_test.gd[0m[38;2;128;128;128m > [0m[38;2;250;235;215mtest_unknown_peer_distance_and_occupied_hand_deny_hold[0m[38;2;34;139;34m STARTED[0m[38;2;128;128;128m[0m
  [38;2;250;235;215mres://tests/net/cargo_sync_test.gd[0m[38;2;128;128;128m > [0m[38;2;250;235;215mtest_unknown_peer_distance_and_occupied_hand_deny_hold[0m[38;2;34;139;34m PASSED[0m[38;2;100;149;237m 4ms[0m
[38;2;128;128;128m[0m
  [38;2;250;235;215mres://tests/net/cargo_sync_test.gd[0m[38;2;128;128;128m > [0m[38;2;250;235;215mtest_reach_validation_uses_remote_hand_in_the_same_bus_frame[0m[38;2;34;139;34m STARTED[0m[38;2;128;128;128m[0m
  [38;2;250;235;215mres://tests/net/cargo_sync_test.gd[0m[38;2;128;128;128m > [0m[38;2;250;235;215mtest_reach_validation_uses_remote_hand_in_the_same_bus_frame[0m[38;2;178;34;34m[1m FAILED[0m[38;2;100;149;237m 19ms[0m
  [38;2;0;206;209m[1m[4mReport:[0m
  [38;2;128;128;128m[38;2;255;69;0mExpecting:[0m '[38;2;30;144;255mfalse[0m' but is '[38;2;30;144;255mtrue[0m'[0m[38;2;173;216;230m	at 'test_reach_validation_uses_remote_hand_in_the_same_bus_frame' in res://tests/net/cargo_sync_test.gd:92
	at '_ticks' in res://tests/net/cargo_sync_test.gd:284[0m  [38;2;128;128;128m[38;2;255;69;0mExpecting:[0m
 [38;2;30;144;255m<CharacterBody3D>[0m
 to refer to the same object
 '[38;2;30;144;255m<null>[0m'[0m[38;2;173;216;230m	at 'test_reach_validation_uses_remote_hand_in_the_same_bus_frame' in res://tests/net/cargo_sync_test.gd:93
	at '_ticks' in res://tests/net/cargo_sync_test.gd:284[0m[38;2;128;128;128m[0m
[38;2;128;128;128m[0m
  [38;2;250;235;215mres://tests/net/cargo_sync_test.gd[0m[38;2;128;128;128m > [0m[38;2;250;235;215mtest_nonholder_and_occupied_anchor_cannot_change_restraint[0m[38;2;34;139;34m STARTED[0m[38;2;128;128;128m[0m
  [38;2;250;235;215mres://tests/net/cargo_sync_test.gd[0m[38;2;128;128;128m > [0m[38;2;250;235;215mtest_nonholder_and_occupied_anchor_cannot_change_restraint[0m[38;2;34;139;34m PASSED[0m[38;2;100;149;237m 5ms[0m
[38;2;128;128;128m[0m
  [38;2;250;235;215mres://tests/net/cargo_sync_test.gd[0m[38;2;128;128;128m > [0m[38;2;250;235;215mtest_only_full_confirmed_sequence_counts_a_cycle[0m[38;2;34;139;34m STARTED[0m[38;2;128;128;128m[0m
  [38;2;250;235;215mres://tests/net/cargo_sync_test.gd[0m[38;2;128;128;128m > [0m[38;2;250;235;215mtest_only_full_confirmed_sequence_counts_a_cycle[0m[38;2;34;139;34m PASSED[0m[38;2;100;149;237m 4ms[0m
[38;2;128;128;128m[0m
  [38;2;250;235;215mres://tests/net/cargo_sync_test.gd[0m[38;2;128;128;128m > [0m[38;2;250;235;215mtest_replicated_strapped_to_free_clears_anchor_and_restores_cargo_parent[0m[38;2;34;139;34m STARTED[0m[38;2;128;128;128m[0m
  [38;2;250;235;215mres://tests/net/cargo_sync_test.gd[0m[38;2;128;128;128m > [0m[38;2;250;235;215mtest_replicated_strapped_to_free_clears_anchor_and_restores_cargo_parent[0m[38;2;34;139;34m PASSED[0m[38;2;100;149;237m 25ms[0m
[38;2;128;128;128m[0m
  [38;2;250;235;215mres://tests/net/cargo_sync_test.gd[0m[38;2;128;128;128m > [0m[38;2;250;235;215mtest_late_holder_resolves_exact_peer_and_updates_only_local_hands[0m[38;2;34;139;34m STARTED[0m[38;2;128;128;128m[0m
  [38;2;250;235;215mres://tests/net/cargo_sync_test.gd[0m[38;2;128;128;128m > [0m[38;2;250;235;215mtest_late_holder_resolves_exact_peer_and_updates_only_local_hands[0m[38;2;34;139;34m PASSED[0m[38;2;100;149;237m 5ms[0m
[38;2;128;128;128m[0m
  [38;2;250;235;215mres://tests/net/cargo_sync_test.gd[0m[38;2;128;128;128m > [0m[38;2;250;235;215mtest_repeated_state_is_idempotent_and_holder_change_is_observable[0m[38;2;34;139;34m STARTED[0m[38;2;128;128;128m[0m
  [38;2;250;235;215mres://tests/net/cargo_sync_test.gd[0m[38;2;128;128;128m > [0m[38;2;250;235;215mtest_repeated_state_is_idempotent_and_holder_change_is_observable[0m[38;2;34;139;34m PASSED[0m[38;2;100;149;237m 3ms[0m
[38;2;128;128;128m[0m
  [38;2;250;235;215mres://tests/net/cargo_sync_test.gd[0m[38;2;128;128;128m > [0m[38;2;250;235;215mtest_interpolation_rejects_pose_from_previous_state_revision[0m[38;2;34;139;34m STARTED[0m[38;2;128;128;128m[0m
  [38;2;250;235;215mres://tests/net/cargo_sync_test.gd[0m[38;2;128;128;128m > [0m[38;2;250;235;215mtest_interpolation_rejects_pose_from_previous_state_revision[0m[38;2;34;139;34m PASSED[0m[38;2;100;149;237m 3ms[0m
[38;2;128;128;128m[0m
  [38;2;250;235;215mres://tests/net/cargo_sync_test.gd[0m[38;2;128;128;128m > [0m[38;2;250;235;215mtest_release_uses_current_bus_frame_and_point_velocity_after_bus_moves[0m[38;2;34;139;34m STARTED[0m[38;2;128;128;128m[0m
  [38;2;250;235;215mres://tests/net/cargo_sync_test.gd[0m[38;2;128;128;128m > [0m[38;2;250;235;215mtest_release_uses_current_bus_frame_and_point_velocity_after_bus_moves[0m[38;2;34;139;34m PASSED[0m[38;2;100;149;237m 3ms[0m
[38;2;128;128;128m[0m
  [38;2;250;235;215mres://tests/net/cargo_sync_test.gd[0m[38;2;128;128;128m > [0m[38;2;250;235;215mtest_held_snapshots_reject_other_peer_and_obsolete_revision[0m[38;2;34;139;34m STARTED[0m[38;2;128;128;128m[0m
  [38;2;250;235;215mres://tests/net/cargo_sync_test.gd[0m[38;2;128;128;128m > [0m[38;2;250;235;215mtest_held_snapshots_reject_other_peer_and_obsolete_revision[0m[38;2;34;139;34m PASSED[0m[38;2;100;149;237m 5ms[0m
[38;2;128;128;128m[0m
  [38;2;250;235;215mres://tests/net/cargo_sync_test.gd[0m[38;2;128;128;128m > [0m[38;2;250;235;215mtest_host_strapped_box_follows_a_dynamic_bus[0m[38;2;34;139;34m STARTED[0m[38;2;128;128;128m[0m
  [38;2;250;235;215mres://tests/net/cargo_sync_test.gd[0m[38;2;128;128;128m > [0m[38;2;250;235;215mtest_host_strapped_box_follows_a_dynamic_bus[0m[38;2;34;139;34m PASSED[0m[38;2;100;149;237m 488ms[0m
[38;2;128;128;128m[0m
  [38;2;250;235;215mres://tests/net/cargo_sync_test.gd[0m[38;2;128;128;128m > [0m[38;2;250;235;215mtest_outside_drop_accepts_zero_world_velocity_beside_moving_bus[0m[38;2;34;139;34m STARTED[0m[38;2;128;128;128m[0m
  [38;2;250;235;215mres://tests/net/cargo_sync_test.gd[0m[38;2;128;128;128m > [0m[38;2;250;235;215mtest_outside_drop_accepts_zero_world_velocity_beside_moving_bus[0m[38;2;34;139;34m PASSED[0m[38;2;100;149;237m 3ms[0m
[38;2;128;128;128m[0m
  [38;2;250;235;215mres://tests/net/cargo_sync_test.gd[0m[38;2;128;128;128m > [0m[38;2;250;235;215mtest_malformed_held_pose_is_rejected_without_changing_package[0m[38;2;34;139;34m STARTED[0m[38;2;128;128;128m[0m
  [38;2;250;235;215mres://tests/net/cargo_sync_test.gd[0m[38;2;128;128;128m > [0m[38;2;250;235;215mtest_malformed_held_pose_is_rejected_without_changing_package[0m[38;2;34;139;34m PASSED[0m[38;2;100;149;237m 3ms[0m
[38;2;128;128;128m[0m
[38;2;30;144;255mStatistics:[0m[38;2;128;128;128m 15 test cases | 0 errors | 2 failures | 0 flaky | 0 skipped | 0 orphans |[0m[38;2;34;139;34m PASSED[0m[38;2;100;149;237m 858ms[0m
[38;2;128;128;128m[0m
[38;2;128;128;128m[0m
[38;2;30;144;255mOverall Summary:[0m[38;2;255;255;255m 15 test cases | 0 errors | 2 failures | 0 flaky | 0 skipped | 0 orphans |[0m
[38;2;233;150;122mExecuted test suites: (1/1)[0m
[38;2;233;150;122mExecuted test cases : (15/15)[0m
[38;2;233;150;122mTotal execution time: 858ms[0m
[38;2;255;255;255m [0m[38;2;100;149;237mOpen XML Report at: file://C:/Users/Leo/Documents/RutaFragil/reports/report_9/results.xml[0m
[38;2;100;149;237mOpen HTML Report at: file://C:/Users/Leo/Documents/RutaFragil/reports/report_9/index.html[0m
[38;2;178;34;34mExit code: 100[0m
Run dispose test resources
