Godot Engine v4.7.2.stable.official.ed1daf0bf - https://godotengine.org


--------------------------------------------------------------------------------------------------
GdUnit4 Comandline Tool
--------------------------------------------------------------------------------------------------
Disabled fail fast!
Set write reports to C:/Users/Leo/Documents/RutaFragil/reports

Headless mode is ignored by option '--ignoreHeadlessMode'"

Please note that tests that use UI interaction do not work correctly in headless mode.
Godot 'InputEvents' are not transported by the Godot engine in headless mode and therefore
have no effect in the test!

Installing GdUnit4 session system hooks.
Session hook 'GdUnitHtmlTestReporter' installed.
Session hook 'GdUnitXMLTestReporter' installed.
Run Test Suite: res://tests/net/cargo_sync_test.gd
  res://tests/net/cargo_sync_test.gd > test_client_impulse_never_simulates_but_host_free_box_does STARTED
  res://tests/net/cargo_sync_test.gd > test_client_impulse_never_simulates_but_host_free_box_does PASSED 239ms

  res://tests/net/cargo_sync_test.gd > test_host_grant_and_release_transfer_authority_to_holder_and_back STARTED
  res://tests/net/cargo_sync_test.gd > test_host_grant_and_release_transfer_authority_to_holder_and_back PASSED 5ms

  res://tests/net/cargo_sync_test.gd > test_unknown_peer_distance_and_occupied_hand_deny_hold STARTED
  res://tests/net/cargo_sync_test.gd > test_unknown_peer_distance_and_occupied_hand_deny_hold PASSED 5ms

  res://tests/net/cargo_sync_test.gd > test_nonholder_and_occupied_anchor_cannot_change_restraint STARTED
  res://tests/net/cargo_sync_test.gd > test_nonholder_and_occupied_anchor_cannot_change_restraint PASSED 5ms

  res://tests/net/cargo_sync_test.gd > test_only_full_confirmed_sequence_counts_a_cycle STARTED
  res://tests/net/cargo_sync_test.gd > test_only_full_confirmed_sequence_counts_a_cycle PASSED 5ms

  res://tests/net/cargo_sync_test.gd > test_replicated_strapped_to_free_clears_anchor_and_restores_cargo_parent STARTED
  res://tests/net/cargo_sync_test.gd > test_replicated_strapped_to_free_clears_anchor_and_restores_cargo_parent PASSED 6ms

  res://tests/net/cargo_sync_test.gd > test_late_holder_resolves_exact_peer_and_updates_only_local_hands STARTED
  res://tests/net/cargo_sync_test.gd > test_late_holder_resolves_exact_peer_and_updates_only_local_hands PASSED 5ms

  res://tests/net/cargo_sync_test.gd > test_repeated_state_is_idempotent_and_holder_change_is_observable STARTED
  res://tests/net/cargo_sync_test.gd > test_repeated_state_is_idempotent_and_holder_change_is_observable PASSED 4ms

  res://tests/net/cargo_sync_test.gd > test_interpolation_rejects_pose_from_previous_state_revision STARTED
  res://tests/net/cargo_sync_test.gd > test_interpolation_rejects_pose_from_previous_state_revision PASSED 5ms

  res://tests/net/cargo_sync_test.gd > test_release_uses_current_bus_frame_and_point_velocity_after_bus_moves STARTED
  res://tests/net/cargo_sync_test.gd > test_release_uses_current_bus_frame_and_point_velocity_after_bus_moves PASSED 5ms

  res://tests/net/cargo_sync_test.gd > test_held_snapshots_reject_other_peer_and_obsolete_revision STARTED
  res://tests/net/cargo_sync_test.gd > test_held_snapshots_reject_other_peer_and_obsolete_revision PASSED 5ms

  res://tests/net/cargo_sync_test.gd > test_host_strapped_box_follows_a_dynamic_bus STARTED
  res://tests/net/cargo_sync_test.gd > test_host_strapped_box_follows_a_dynamic_bus PASSED 488ms

  res://tests/net/cargo_sync_test.gd > test_outside_drop_accepts_zero_world_velocity_beside_moving_bus STARTED
  res://tests/net/cargo_sync_test.gd > test_outside_drop_accepts_zero_world_velocity_beside_moving_bus PASSED 5ms

  res://tests/net/cargo_sync_test.gd > test_malformed_held_pose_is_rejected_without_changing_package STARTED
  res://tests/net/cargo_sync_test.gd > test_malformed_held_pose_is_rejected_without_changing_package PASSED 4ms

Statistics: 14 test cases | 0 errors | 0 failures | 0 flaky | 0 skipped | 0 orphans | PASSED 818ms


Overall Summary: 14 test cases | 0 errors | 0 failures | 0 flaky | 0 skipped | 0 orphans |
Executed test suites: (1/1)
Executed test cases : (14/14)
Total execution time: 818ms
 Open XML Report at: file://C:/Users/Leo/Documents/RutaFragil/reports/report_2/results.xml
Open HTML Report at: file://C:/Users/Leo/Documents/RutaFragil/reports/report_2/index.html
Exit code: 0
Run dispose test resources
