Godot Engine v4.7.2.stable.official.ed1daf0bf - https://godotengine.org

[   0% ] first_scan_filesystem | Started Inicialización del proyecto (5 steps)
[   0% ] first_scan_filesystem | Escaneando la estructura del archivo...
[  16% ] first_scan_filesystem | Cargando nombres de clases globales...
[  33% ] first_scan_filesystem | Verificando GDExtensions...
[  50% ] first_scan_filesystem | Creando scripts de carga automática...
[  66% ] first_scan_filesystem | Inicializando plugins...
It was recognized that GdUnit4 is running in a test environment, therefore the GdUnit4 plugin will not be executed!
[  83% ] first_scan_filesystem | Iniciando escaneo de archivos...
[ DONE ] first_scan_filesystem

[   0% ] update_scripts_classes | Started Registrando clases globales... (26 steps)
[   0% ] update_scripts_classes | Playground
[   3% ] update_scripts_classes | Package
[   7% ] update_scripts_classes | CameraArbiter
[  11% ] update_scripts_classes | CrewHands
[  14% ] update_scripts_classes | CrewInput
[  18% ] update_scripts_classes | CrewMember
[  22% ] update_scripts_classes | NetCargoReplica
[  25% ] update_scripts_classes | NetCargoRules
[  29% ] update_scripts_classes | NetCargoSync
[  33% ] update_scripts_classes | NetCrewPose
[  37% ] update_scripts_classes | NetCrewSync
[  40% ] update_scripts_classes | GateActor
[  44% ] update_scripts_classes | GateConfig
[  48% ] update_scripts_classes | GateDrive
[  51% ] update_scripts_classes | 
[  55% ] update_scripts_classes | 
[  59% ] update_scripts_classes | 
[  62% ] update_scripts_classes | 
[  66% ] update_scripts_classes | 
[  70% ] update_scripts_classes | 
[  74% ] update_scripts_classes | 
[  77% ] update_scripts_classes | 
[  81% ] update_scripts_classes | 
[  85% ] update_scripts_classes | 
[  88% ] update_scripts_classes | 
[  92% ] update_scripts_classes | 
[ DONE ] update_scripts_classes

[   0% ] loading_editor_layout | Started Cargando editor (5 steps)
[   0% ] loading_editor_layout | Cargando diseño del editor...
[  16% ] loading_editor_layout | Cargando docks...
[  33% ] loading_editor_layout | Reabriendo escenas...
[  50% ] loading_editor_layout | Cargando el diseño del editor central...
[  66% ] loading_editor_layout | Cargando Layout de la ventana del plugin...
[  83% ] loading_editor_layout | Diseño del editor listo.
[ DONE ] loading_editor_layout

