Godot Engine v4.7.2.stable.official.ed1daf0bf - https://godotengine.org


--------------------------------------------------------------------------------------------------
GdUnit4 Comandline Tool
--------------------------------------------------------------------------------------------------
Disabled fail fast!
Set write reports to C:/Users/Leo/Documents/RutaFragil/reports

Headless mode is ignored by option '--ignoreHeadlessMode'"

Please note that tests that use UI interaction do not work correctly in headless mode.
Godot 'InputEvents' are not transported by the Godot engine in headless mode and therefore
have no effect in the test!

Installing GdUnit4 session system hooks.
Session hook 'GdUnitHtmlTestReporter' installed.
Session hook 'GdUnitXMLTestReporter' installed.
Run Test Suite: res://tests/net/gate_metrics_test.gd
  res://tests/net/gate_metrics_test.gd > test_percentiles_and_fps_report_tails_not_average STARTED
  res://tests/net/gate_metrics_test.gd > test_percentiles_and_fps_report_tails_not_average PASSED 3ms

  res://tests/net/gate_metrics_test.gd > test_capsule_height_and_rotated_cargo_measure_real_shape_extents STARTED
  res://tests/net/gate_metrics_test.gd > test_capsule_height_and_rotated_cargo_measure_real_shape_extents PASSED 3ms

  res://tests/net/gate_metrics_test.gd > test_authored_door_hole_excludes_air_but_keeps_floor_and_jamb STARTED
  res://tests/net/gate_metrics_test.gd > test_authored_door_hole_excludes_air_but_keeps_floor_and_jamb PASSED 11ms

  res://tests/net/gate_metrics_test.gd > test_penetration_run_resets_without_losing_peak_or_total STARTED
  res://tests/net/gate_metrics_test.gd > test_penetration_run_resets_without_losing_peak_or_total PASSED 4ms

  res://tests/net/gate_metrics_test.gd > test_judge_uses_same_run_p99_not_outlier_maximum STARTED
  res://tests/net/gate_metrics_test.gd > test_judge_uses_same_run_p99_not_outlier_maximum PASSED 4ms

  res://tests/net/gate_metrics_test.gd > test_short_or_idle_iterations_are_invalid_and_headless_is_unverified STARTED
  res://tests/net/gate_metrics_test.gd > test_short_or_idle_iterations_are_invalid_and_headless_is_unverified PASSED 3ms

  res://tests/net/gate_metrics_test.gd > test_trace_interpolates_position_and_quaternion_at_observation_utc STARTED
  res://tests/net/gate_metrics_test.gd > test_trace_interpolates_position_and_quaternion_at_observation_utc PASSED 3ms

  res://tests/net/gate_metrics_test.gd > test_trace_does_not_interpolate_handover_or_fake_zero_without_matches STARTED
  res://tests/net/gate_metrics_test.gd > test_trace_does_not_interpolate_handover_or_fake_zero_without_matches PASSED 4ms

  res://tests/net/gate_metrics_test.gd > test_observer_reads_local_slip_remote_penetration_and_simulation_counters STARTED
  res://tests/net/gate_metrics_test.gd > test_observer_reads_local_slip_remote_penetration_and_simulation_counters PASSED 32ms

Statistics: 9 test cases | 0 errors | 0 failures | 0 flaky | 0 skipped | 0 orphans | PASSED 91ms


Overall Summary: 9 test cases | 0 errors | 0 failures | 0 flaky | 0 skipped | 0 orphans |
Executed test suites: (1/1)
Executed test cases : (9/9)
Total execution time: 91ms
 Open XML Report at: file://C:/Users/Leo/Documents/RutaFragil/reports/report_3/results.xml
Open HTML Report at: file://C:/Users/Leo/Documents/RutaFragil/reports/report_3/index.html
Exit code: 0
Run dispose test resources
