Godot Engine v4.7.2.stable.official.ed1daf0bf - https://godotengine.org

[2J[H[38;2;233;150;122m
--------------------------------------------------------------------------------------------------
GdUnit4 Comandline Tool
--------------------------------------------------------------------------------------------------[0m
[38;2;0;191;255mDisabled fail fast![0m
[38;2;0;191;255mSet write reports to C:/Users/Leo/Documents/RutaFragil/reports[0m
[38;2;218;165;32m
Headless mode is ignored by option '--ignoreHeadlessMode'"

Please note that tests that use UI interaction do not work correctly in headless mode.
Godot 'InputEvents' are not transported by the Godot engine in headless mode and therefore
have no effect in the test!
[0m
Scanning for test suites in: res://tests/net
[38;2;100;149;237mInstalling GdUnit4 session system hooks.[0m
[38;2;100;149;237mSession hook 'GdUnitHtmlTestReporter' installed.[0m
[38;2;100;149;237mSession hook 'GdUnitXMLTestReporter' installed.[0m
[38;2;0;206;209mRun Test Suite: [0m[38;2;250;235;215mres://tests/net/authority_lookup_test.gd[0m
  [38;2;250;235;215mres://tests/net/authority_lookup_test.gd[0m[38;2;128;128;128m > [0m[38;2;250;235;215mtest_local_lookup_skips_remote_first_and_resolves_each_peer_eye[0m[38;2;34;139;34m STARTED[0m[38;2;128;128;128m[0m
  [38;2;250;235;215mres://tests/net/authority_lookup_test.gd[0m[38;2;128;128;128m > [0m[38;2;250;235;215mtest_local_lookup_skips_remote_first_and_resolves_each_peer_eye[0m[38;2;34;139;34m PASSED[0m[38;2;100;149;237m 5ms[0m
[38;2;128;128;128m[0m
  [38;2;250;235;215mres://tests/net/authority_lookup_test.gd[0m[38;2;128;128;128m > [0m[38;2;250;235;215mtest_input_created_before_spawn_moves_only_the_late_local_crew[0m[38;2;34;139;34m STARTED[0m[38;2;128;128;128m[0m
  [38;2;250;235;215mres://tests/net/authority_lookup_test.gd[0m[38;2;128;128;128m > [0m[38;2;250;235;215mtest_input_created_before_spawn_moves_only_the_late_local_crew[0m[38;2;34;139;34m PASSED[0m[38;2;100;149;237m 423ms[0m
[38;2;128;128;128m[0m
  [38;2;250;235;215mres://tests/net/authority_lookup_test.gd[0m[38;2;128;128;128m > [0m[38;2;250;235;215mtest_null_network_peer_keeps_local_input_and_door_working[0m[38;2;34;139;34m STARTED[0m[38;2;128;128;128m[0m
  [38;2;250;235;215mres://tests/net/authority_lookup_test.gd[0m[38;2;128;128;128m > [0m[38;2;250;235;215mtest_null_network_peer_keeps_local_input_and_door_working[0m[38;2;34;139;34m PASSED[0m[38;2;100;149;237m 379ms[0m
[38;2;128;128;128m[0m
  [38;2;250;235;215mres://tests/net/authority_lookup_test.gd[0m[38;2;128;128;128m > [0m[38;2;250;235;215mtest_mouse_look_and_hands_belong_to_local_crew_when_remote_is_first[0m[38;2;34;139;34m STARTED[0m[38;2;128;128;128m[0m
  [38;2;250;235;215mres://tests/net/authority_lookup_test.gd[0m[38;2;128;128;128m > [0m[38;2;250;235;215mtest_mouse_look_and_hands_belong_to_local_crew_when_remote_is_first[0m[38;2;34;139;34m PASSED[0m[38;2;100;149;237m 47ms[0m
[38;2;128;128;128m[0m
  [38;2;250;235;215mres://tests/net/authority_lookup_test.gd[0m[38;2;128;128;128m > [0m[38;2;250;235;215mtest_door_transit_created_before_spawn_boards_only_late_local_crew[0m[38;2;34;139;34m STARTED[0m[38;2;128;128;128m[0m
  [38;2;250;235;215mres://tests/net/authority_lookup_test.gd[0m[38;2;128;128;128m > [0m[38;2;250;235;215mtest_door_transit_created_before_spawn_boards_only_late_local_crew[0m[38;2;34;139;34m PASSED[0m[38;2;100;149;237m 199ms[0m
[38;2;128;128;128m[0m
  [38;2;250;235;215mres://tests/net/authority_lookup_test.gd[0m[38;2;128;128;128m > [0m[38;2;250;235;215mtest_package_joins_stable_identity_group_on_ready[0m[38;2;34;139;34m STARTED[0m[38;2;128;128;128m[0m
  [38;2;250;235;215mres://tests/net/authority_lookup_test.gd[0m[38;2;128;128;128m > [0m[38;2;250;235;215mtest_package_joins_stable_identity_group_on_ready[0m[38;2;34;139;34m PASSED[0m[38;2;100;149;237m 5ms[0m
[38;2;128;128;128m[0m
[38;2;30;144;255mStatistics:[0m[38;2;128;128;128m 6 test cases | 0 errors | 0 failures | 0 flaky | 0 skipped | 0 orphans |[0m[38;2;34;139;34m PASSED[0m[38;2;100;149;237m 1s 70ms[0m
[38;2;128;128;128m[0m
[38;2;128;128;128m[0m
[38;2;0;206;209mRun Test Suite: [0m[38;2;250;235;215mres://tests/net/bus_snapshot_timing_test.gd[0m
  [38;2;250;235;215mres://tests/net/bus_snapshot_timing_test.gd[0m[38;2;128;128;128m > [0m[38;2;250;235;215mtest_irregular_delivery_preserves_uniform_motion_after_buffer_warmup[0m[38;2;34;139;34m STARTED[0m[38;2;128;128;128m[0m
BUS_DELIVERY alternating_1_3 min_step=0.308331 max_step=0.308334 expected=0.308333
  [38;2;250;235;215mres://tests/net/bus_snapshot_timing_test.gd[0m[38;2;128;128;128m > [0m[38;2;250;235;215mtest_irregular_delivery_preserves_uniform_motion_after_buffer_warmup[0m[38;2;34;139;34m PASSED[0m[38;2;100;149;237m 3ms[0m
[38;2;128;128;128m[0m
  [38;2;250;235;215mres://tests/net/bus_snapshot_timing_test.gd[0m[38;2;128;128;128m > [0m[38;2;250;235;215mtest_batched_snapshots_follow_the_source_clock_without_skipping_history[0m[38;2;34;139;34m STARTED[0m[38;2;128;128;128m[0m
  [38;2;250;235;215mres://tests/net/bus_snapshot_timing_test.gd[0m[38;2;128;128;128m > [0m[38;2;250;235;215mtest_batched_snapshots_follow_the_source_clock_without_skipping_history[0m[38;2;34;139;34m PASSED[0m[38;2;100;149;237m 4ms[0m
[38;2;128;128;128m[0m
  [38;2;250;235;215mres://tests/net/bus_snapshot_timing_test.gd[0m[38;2;128;128;128m > [0m[38;2;250;235;215mtest_stale_packets_are_rejected_and_loss_holds_the_last_known_pose[0m[38;2;34;139;34m STARTED[0m[38;2;128;128;128m[0m
  [38;2;250;235;215mres://tests/net/bus_snapshot_timing_test.gd[0m[38;2;128;128;128m > [0m[38;2;250;235;215mtest_stale_packets_are_rejected_and_loss_holds_the_last_known_pose[0m[38;2;34;139;34m PASSED[0m[38;2;100;149;237m 5ms[0m
[38;2;128;128;128m[0m
[38;2;30;144;255mStatistics:[0m[38;2;128;128;128m 3 test cases | 0 errors | 0 failures | 0 flaky | 0 skipped | 0 orphans |[0m[38;2;34;139;34m PASSED[0m[38;2;100;149;237m 19ms[0m
[38;2;128;128;128m[0m
[38;2;128;128;128m[0m
[38;2;0;206;209mRun Test Suite: [0m[38;2;250;235;215mres://tests/net/cargo_replica_motion_test.gd[0m
  [38;2;250;235;215mres://tests/net/cargo_replica_motion_test.gd[0m[38;2;128;128;128m > [0m[38;2;250;235;215mtest_client_strapped_collider_follows_bus_after_a_completed_physics_step[0m[38;2;34;139;34m STARTED[0m[38;2;128;128;128m[0m
STRAPPED_CLIENT node_error=0.000004 physical_error=0.000004 angle=0.000691
  [38;2;250;235;215mres://tests/net/cargo_replica_motion_test.gd[0m[38;2;128;128;128m > [0m[38;2;250;235;215mtest_client_strapped_collider_follows_bus_after_a_completed_physics_step[0m[38;2;34;139;34m PASSED[0m[38;2;100;149;237m 1s 3ms[0m
[38;2;128;128;128m[0m
[38;2;30;144;255mStatistics:[0m[38;2;128;128;128m 1 test cases | 0 errors | 0 failures | 0 flaky | 0 skipped | 0 orphans |[0m[38;2;34;139;34m PASSED[0m[38;2;100;149;237m 1s 10ms[0m
[38;2;128;128;128m[0m
[38;2;128;128;128m[0m
[38;2;0;206;209mRun Test Suite: [0m[38;2;250;235;215mres://tests/net/cargo_sync_test.gd[0m
  [38;2;250;235;215mres://tests/net/cargo_sync_test.gd[0m[38;2;128;128;128m > [0m[38;2;250;235;215mtest_client_impulse_never_simulates_but_host_free_box_does[0m[38;2;34;139;34m STARTED[0m[38;2;128;128;128m[0m
  [38;2;250;235;215mres://tests/net/cargo_sync_test.gd[0m[38;2;128;128;128m > [0m[38;2;250;235;215mtest_client_impulse_never_simulates_but_host_free_box_does[0m[38;2;34;139;34m PASSED[0m[38;2;100;149;237m 245ms[0m
[38;2;128;128;128m[0m
  [38;2;250;235;215mres://tests/net/cargo_sync_test.gd[0m[38;2;128;128;128m > [0m[38;2;250;235;215mtest_host_grant_and_release_transfer_authority_to_holder_and_back[0m[38;2;34;139;34m STARTED[0m[38;2;128;128;128m[0m
  [38;2;250;235;215mres://tests/net/cargo_sync_test.gd[0m[38;2;128;128;128m > [0m[38;2;250;235;215mtest_host_grant_and_release_transfer_authority_to_holder_and_back[0m[38;2;34;139;34m PASSED[0m[38;2;100;149;237m 6ms[0m
[38;2;128;128;128m[0m
  [38;2;250;235;215mres://tests/net/cargo_sync_test.gd[0m[38;2;128;128;128m > [0m[38;2;250;235;215mtest_unknown_peer_distance_and_occupied_hand_deny_hold[0m[38;2;34;139;34m STARTED[0m[38;2;128;128;128m[0m
  [38;2;250;235;215mres://tests/net/cargo_sync_test.gd[0m[38;2;128;128;128m > [0m[38;2;250;235;215mtest_unknown_peer_distance_and_occupied_hand_deny_hold[0m[38;2;34;139;34m PASSED[0m[38;2;100;149;237m 4ms[0m
[38;2;128;128;128m[0m
  [38;2;250;235;215mres://tests/net/cargo_sync_test.gd[0m[38;2;128;128;128m > [0m[38;2;250;235;215mtest_reach_validation_uses_remote_hand_in_the_same_bus_frame[0m[38;2;34;139;34m STARTED[0m[38;2;128;128;128m[0m
  [38;2;250;235;215mres://tests/net/cargo_sync_test.gd[0m[38;2;128;128;128m > [0m[38;2;250;235;215mtest_reach_validation_uses_remote_hand_in_the_same_bus_frame[0m[38;2;34;139;34m PASSED[0m[38;2;100;149;237m 17ms[0m
[38;2;128;128;128m[0m
  [38;2;250;235;215mres://tests/net/cargo_sync_test.gd[0m[38;2;128;128;128m > [0m[38;2;250;235;215mtest_nonholder_and_occupied_anchor_cannot_change_restraint[0m[38;2;34;139;34m STARTED[0m[38;2;128;128;128m[0m
  [38;2;250;235;215mres://tests/net/cargo_sync_test.gd[0m[38;2;128;128;128m > [0m[38;2;250;235;215mtest_nonholder_and_occupied_anchor_cannot_change_restraint[0m[38;2;34;139;34m PASSED[0m[38;2;100;149;237m 5ms[0m
[38;2;128;128;128m[0m
  [38;2;250;235;215mres://tests/net/cargo_sync_test.gd[0m[38;2;128;128;128m > [0m[38;2;250;235;215mtest_only_full_confirmed_sequence_counts_a_cycle[0m[38;2;34;139;34m STARTED[0m[38;2;128;128;128m[0m
  [38;2;250;235;215mres://tests/net/cargo_sync_test.gd[0m[38;2;128;128;128m > [0m[38;2;250;235;215mtest_only_full_confirmed_sequence_counts_a_cycle[0m[38;2;34;139;34m PASSED[0m[38;2;100;149;237m 4ms[0m
[38;2;128;128;128m[0m
  [38;2;250;235;215mres://tests/net/cargo_sync_test.gd[0m[38;2;128;128;128m > [0m[38;2;250;235;215mtest_replicated_strapped_to_free_clears_anchor_and_restores_cargo_parent[0m[38;2;34;139;34m STARTED[0m[38;2;128;128;128m[0m
  [38;2;250;235;215mres://tests/net/cargo_sync_test.gd[0m[38;2;128;128;128m > [0m[38;2;250;235;215mtest_replicated_strapped_to_free_clears_anchor_and_restores_cargo_parent[0m[38;2;34;139;34m PASSED[0m[38;2;100;149;237m 19ms[0m
[38;2;128;128;128m[0m
  [38;2;250;235;215mres://tests/net/cargo_sync_test.gd[0m[38;2;128;128;128m > [0m[38;2;250;235;215mtest_late_holder_resolves_exact_peer_and_updates_only_local_hands[0m[38;2;34;139;34m STARTED[0m[38;2;128;128;128m[0m
  [38;2;250;235;215mres://tests/net/cargo_sync_test.gd[0m[38;2;128;128;128m > [0m[38;2;250;235;215mtest_late_holder_resolves_exact_peer_and_updates_only_local_hands[0m[38;2;34;139;34m PASSED[0m[38;2;100;149;237m 6ms[0m
[38;2;128;128;128m[0m
  [38;2;250;235;215mres://tests/net/cargo_sync_test.gd[0m[38;2;128;128;128m > [0m[38;2;250;235;215mtest_repeated_state_is_idempotent_and_holder_change_is_observable[0m[38;2;34;139;34m STARTED[0m[38;2;128;128;128m[0m
  [38;2;250;235;215mres://tests/net/cargo_sync_test.gd[0m[38;2;128;128;128m > [0m[38;2;250;235;215mtest_repeated_state_is_idempotent_and_holder_change_is_observable[0m[38;2;34;139;34m PASSED[0m[38;2;100;149;237m 3ms[0m
[38;2;128;128;128m[0m
  [38;2;250;235;215mres://tests/net/cargo_sync_test.gd[0m[38;2;128;128;128m > [0m[38;2;250;235;215mtest_interpolation_rejects_pose_from_previous_state_revision[0m[38;2;34;139;34m STARTED[0m[38;2;128;128;128m[0m
  [38;2;250;235;215mres://tests/net/cargo_sync_test.gd[0m[38;2;128;128;128m > [0m[38;2;250;235;215mtest_interpolation_rejects_pose_from_previous_state_revision[0m[38;2;34;139;34m PASSED[0m[38;2;100;149;237m 4ms[0m
[38;2;128;128;128m[0m
  [38;2;250;235;215mres://tests/net/cargo_sync_test.gd[0m[38;2;128;128;128m > [0m[38;2;250;235;215mtest_release_uses_current_bus_frame_and_point_velocity_after_bus_moves[0m[38;2;34;139;34m STARTED[0m[38;2;128;128;128m[0m
  [38;2;250;235;215mres://tests/net/cargo_sync_test.gd[0m[38;2;128;128;128m > [0m[38;2;250;235;215mtest_release_uses_current_bus_frame_and_point_velocity_after_bus_moves[0m[38;2;34;139;34m PASSED[0m[38;2;100;149;237m 5ms[0m
[38;2;128;128;128m[0m
  [38;2;250;235;215mres://tests/net/cargo_sync_test.gd[0m[38;2;128;128;128m > [0m[38;2;250;235;215mtest_held_snapshots_reject_other_peer_and_obsolete_revision[0m[38;2;34;139;34m STARTED[0m[38;2;128;128;128m[0m
  [38;2;250;235;215mres://tests/net/cargo_sync_test.gd[0m[38;2;128;128;128m > [0m[38;2;250;235;215mtest_held_snapshots_reject_other_peer_and_obsolete_revision[0m[38;2;34;139;34m PASSED[0m[38;2;100;149;237m 3ms[0m
[38;2;128;128;128m[0m
  [38;2;250;235;215mres://tests/net/cargo_sync_test.gd[0m[38;2;128;128;128m > [0m[38;2;250;235;215mtest_host_strapped_box_follows_a_dynamic_bus[0m[38;2;34;139;34m STARTED[0m[38;2;128;128;128m[0m
  [38;2;250;235;215mres://tests/net/cargo_sync_test.gd[0m[38;2;128;128;128m > [0m[38;2;250;235;215mtest_host_strapped_box_follows_a_dynamic_bus[0m[38;2;34;139;34m PASSED[0m[38;2;100;149;237m 473ms[0m
[38;2;128;128;128m[0m
  [38;2;250;235;215mres://tests/net/cargo_sync_test.gd[0m[38;2;128;128;128m > [0m[38;2;250;235;215mtest_outside_drop_accepts_zero_world_velocity_beside_moving_bus[0m[38;2;34;139;34m STARTED[0m[38;2;128;128;128m[0m
  [38;2;250;235;215mres://tests/net/cargo_sync_test.gd[0m[38;2;128;128;128m > [0m[38;2;250;235;215mtest_outside_drop_accepts_zero_world_velocity_beside_moving_bus[0m[38;2;34;139;34m PASSED[0m[38;2;100;149;237m 4ms[0m
[38;2;128;128;128m[0m
  [38;2;250;235;215mres://tests/net/cargo_sync_test.gd[0m[38;2;128;128;128m > [0m[38;2;250;235;215mtest_malformed_held_pose_is_rejected_without_changing_package[0m[38;2;34;139;34m STARTED[0m[38;2;128;128;128m[0m
  [38;2;250;235;215mres://tests/net/cargo_sync_test.gd[0m[38;2;128;128;128m > [0m[38;2;250;235;215mtest_malformed_held_pose_is_rejected_without_changing_package[0m[38;2;34;139;34m PASSED[0m[38;2;100;149;237m 5ms[0m
[38;2;128;128;128m[0m
[38;2;30;144;255mStatistics:[0m[38;2;128;128;128m 15 test cases | 0 errors | 0 failures | 0 flaky | 0 skipped | 0 orphans |[0m[38;2;34;139;34m PASSED[0m[38;2;100;149;237m 842ms[0m
[38;2;128;128;128m[0m
[38;2;128;128;128m[0m
[38;2;0;206;209mRun Test Suite: [0m[38;2;250;235;215mres://tests/net/crew_sync_test.gd[0m
  [38;2;250;235;215mres://tests/net/crew_sync_test.gd[0m[38;2;128;128;128m > [0m[38;2;250;235;215mtest_network_remote_does_not_simulate_while_local_falls[0m[38;2;34;139;34m STARTED[0m[38;2;128;128;128m[0m
  [38;2;250;235;215mres://tests/net/crew_sync_test.gd[0m[38;2;128;128;128m > [0m[38;2;250;235;215mtest_network_remote_does_not_simulate_while_local_falls[0m[38;2;34;139;34m PASSED[0m[38;2;100;149;237m 201ms[0m
[38;2;128;128;128m[0m
  [38;2;250;235;215mres://tests/net/crew_sync_test.gd[0m[38;2;128;128;128m > [0m[38;2;250;235;215mtest_spawner_builds_named_crews_with_distinct_authorities_and_one_local_camera[0m[38;2;34;139;34m STARTED[0m[38;2;128;128;128m[0m
  [38;2;250;235;215mres://tests/net/crew_sync_test.gd[0m[38;2;128;128;128m > [0m[38;2;250;235;215mtest_spawner_builds_named_crews_with_distinct_authorities_and_one_local_camera[0m[38;2;34;139;34m PASSED[0m[38;2;100;149;237m 25ms[0m
[38;2;128;128;128m[0m
  [38;2;250;235;215mres://tests/net/crew_sync_test.gd[0m[38;2;128;128;128m > [0m[38;2;250;235;215mtest_remote_snapshots_interpolate_without_advancing_physics[0m[38;2;34;139;34m STARTED[0m[38;2;128;128;128m[0m
  [38;2;250;235;215mres://tests/net/crew_sync_test.gd[0m[38;2;128;128;128m > [0m[38;2;250;235;215mtest_remote_snapshots_interpolate_without_advancing_physics[0m[38;2;34;139;34m PASSED[0m[38;2;100;149;237m 81ms[0m
[38;2;128;128;128m[0m
  [38;2;250;235;215mres://tests/net/crew_sync_test.gd[0m[38;2;128;128;128m > [0m[38;2;250;235;215mtest_remote_hands_cannot_grab_and_bind_to_their_own_eye[0m[38;2;34;139;34m STARTED[0m[38;2;128;128;128m[0m
  [38;2;250;235;215mres://tests/net/crew_sync_test.gd[0m[38;2;128;128;128m > [0m[38;2;250;235;215mtest_remote_hands_cannot_grab_and_bind_to_their_own_eye[0m[38;2;34;139;34m PASSED[0m[38;2;100;149;237m 32ms[0m
[38;2;128;128;128m[0m
  [38;2;250;235;215mres://tests/net/crew_sync_test.gd[0m[38;2;128;128;128m > [0m[38;2;250;235;215mtest_client_replaces_authored_crew_and_activates_local_view_after_spawn[0m[38;2;34;139;34m STARTED[0m[38;2;128;128;128m[0m
  [38;2;250;235;215mres://tests/net/crew_sync_test.gd[0m[38;2;128;128;128m > [0m[38;2;250;235;215mtest_client_replaces_authored_crew_and_activates_local_view_after_spawn[0m[38;2;34;139;34m PASSED[0m[38;2;100;149;237m 55ms[0m
[38;2;128;128;128m[0m
  [38;2;250;235;215mres://tests/net/crew_sync_test.gd[0m[38;2;128;128;128m > [0m[38;2;250;235;215mtest_interaction_hand_uses_source_bus_frame_while_ground_hand_stays_in_world[0m[38;2;34;139;34m STARTED[0m[38;2;128;128;128m[0m
  [38;2;250;235;215mres://tests/net/crew_sync_test.gd[0m[38;2;128;128;128m > [0m[38;2;250;235;215mtest_interaction_hand_uses_source_bus_frame_while_ground_hand_stays_in_world[0m[38;2;34;139;34m PASSED[0m[38;2;100;149;237m 25ms[0m
[38;2;128;128;128m[0m
[38;2;30;144;255mStatistics:[0m[38;2;128;128;128m 6 test cases | 0 errors | 0 failures | 0 flaky | 0 skipped | 0 orphans |[0m[38;2;34;139;34m PASSED[0m[38;2;100;149;237m 437ms[0m
[38;2;128;128;128m[0m
[38;2;128;128;128m[0m
[38;2;0;206;209mRun Test Suite: [0m[38;2;250;235;215mres://tests/net/gate_config_test.gd[0m
  [38;2;250;235;215mres://tests/net/gate_config_test.gd[0m[38;2;128;128;128m > [0m[38;2;250;235;215mtest_gate_deadline_covers_300_seconds_independently_of_waypoints[0m[38;2;34;139;34m STARTED[0m[38;2;128;128;128m[0m
  [38;2;250;235;215mres://tests/net/gate_config_test.gd[0m[38;2;128;128;128m > [0m[38;2;250;235;215mtest_gate_deadline_covers_300_seconds_independently_of_waypoints[0m[38;2;34;139;34m PASSED[0m[38;2;100;149;237m 3ms[0m
[38;2;128;128;128m[0m
  [38;2;250;235;215mres://tests/net/gate_config_test.gd[0m[38;2;128;128;128m > [0m[38;2;250;235;215mtest_human_client_is_windowed_while_host_is_headless[0m[38;2;34;139;34m STARTED[0m[38;2;128;128;128m[0m
  [38;2;250;235;215mres://tests/net/gate_config_test.gd[0m[38;2;128;128;128m > [0m[38;2;250;235;215mtest_human_client_is_windowed_while_host_is_headless[0m[38;2;34;139;34m PASSED[0m[38;2;100;149;237m 2ms[0m
[38;2;128;128;128m[0m
[38;2;30;144;255mStatistics:[0m[38;2;128;128;128m 2 test cases | 0 errors | 0 failures | 0 flaky | 0 skipped | 0 orphans |[0m[38;2;34;139;34m PASSED[0m[38;2;100;149;237m 11ms[0m
[38;2;128;128;128m[0m
[38;2;128;128;128m[0m
[38;2;0;206;209mRun Test Suite: [0m[38;2;250;235;215mres://tests/net/gate_metrics_test.gd[0m
  [38;2;250;235;215mres://tests/net/gate_metrics_test.gd[0m[38;2;128;128;128m > [0m[38;2;250;235;215mtest_percentiles_and_fps_report_tails_not_average[0m[38;2;34;139;34m STARTED[0m[38;2;128;128;128m[0m
  [38;2;250;235;215mres://tests/net/gate_metrics_test.gd[0m[38;2;128;128;128m > [0m[38;2;250;235;215mtest_percentiles_and_fps_report_tails_not_average[0m[38;2;34;139;34m PASSED[0m[38;2;100;149;237m 3ms[0m
[38;2;128;128;128m[0m
  [38;2;250;235;215mres://tests/net/gate_metrics_test.gd[0m[38;2;128;128;128m > [0m[38;2;250;235;215mtest_capsule_height_and_rotated_cargo_measure_real_shape_extents[0m[38;2;34;139;34m STARTED[0m[38;2;128;128;128m[0m
  [38;2;250;235;215mres://tests/net/gate_metrics_test.gd[0m[38;2;128;128;128m > [0m[38;2;250;235;215mtest_capsule_height_and_rotated_cargo_measure_real_shape_extents[0m[38;2;34;139;34m PASSED[0m[38;2;100;149;237m 3ms[0m
[38;2;128;128;128m[0m
  [38;2;250;235;215mres://tests/net/gate_metrics_test.gd[0m[38;2;128;128;128m > [0m[38;2;250;235;215mtest_authored_door_hole_excludes_air_but_keeps_floor_and_jamb[0m[38;2;34;139;34m STARTED[0m[38;2;128;128;128m[0m
  [38;2;250;235;215mres://tests/net/gate_metrics_test.gd[0m[38;2;128;128;128m > [0m[38;2;250;235;215mtest_authored_door_hole_excludes_air_but_keeps_floor_and_jamb[0m[38;2;34;139;34m PASSED[0m[38;2;100;149;237m 3ms[0m
[38;2;128;128;128m[0m
  [38;2;250;235;215mres://tests/net/gate_metrics_test.gd[0m[38;2;128;128;128m > [0m[38;2;250;235;215mtest_penetration_run_resets_without_losing_peak_or_total[0m[38;2;34;139;34m STARTED[0m[38;2;128;128;128m[0m
  [38;2;250;235;215mres://tests/net/gate_metrics_test.gd[0m[38;2;128;128;128m > [0m[38;2;250;235;215mtest_penetration_run_resets_without_losing_peak_or_total[0m[38;2;34;139;34m PASSED[0m[38;2;100;149;237m 2ms[0m
[38;2;128;128;128m[0m
  [38;2;250;235;215mres://tests/net/gate_metrics_test.gd[0m[38;2;128;128;128m > [0m[38;2;250;235;215mtest_judge_uses_same_run_p99_not_outlier_maximum[0m[38;2;34;139;34m STARTED[0m[38;2;128;128;128m[0m
  [38;2;250;235;215mres://tests/net/gate_metrics_test.gd[0m[38;2;128;128;128m > [0m[38;2;250;235;215mtest_judge_uses_same_run_p99_not_outlier_maximum[0m[38;2;34;139;34m PASSED[0m[38;2;100;149;237m 2ms[0m
[38;2;128;128;128m[0m
  [38;2;250;235;215mres://tests/net/gate_metrics_test.gd[0m[38;2;128;128;128m > [0m[38;2;250;235;215mtest_short_or_idle_iterations_are_invalid_and_headless_is_unverified[0m[38;2;34;139;34m STARTED[0m[38;2;128;128;128m[0m
  [38;2;250;235;215mres://tests/net/gate_metrics_test.gd[0m[38;2;128;128;128m > [0m[38;2;250;235;215mtest_short_or_idle_iterations_are_invalid_and_headless_is_unverified[0m[38;2;34;139;34m PASSED[0m[38;2;100;149;237m 3ms[0m
[38;2;128;128;128m[0m
  [38;2;250;235;215mres://tests/net/gate_metrics_test.gd[0m[38;2;128;128;128m > [0m[38;2;250;235;215mtest_trace_interpolates_position_and_quaternion_at_observation_utc[0m[38;2;34;139;34m STARTED[0m[38;2;128;128;128m[0m
  [38;2;250;235;215mres://tests/net/gate_metrics_test.gd[0m[38;2;128;128;128m > [0m[38;2;250;235;215mtest_trace_interpolates_position_and_quaternion_at_observation_utc[0m[38;2;34;139;34m PASSED[0m[38;2;100;149;237m 2ms[0m
[38;2;128;128;128m[0m
  [38;2;250;235;215mres://tests/net/gate_metrics_test.gd[0m[38;2;128;128;128m > [0m[38;2;250;235;215mtest_trace_does_not_interpolate_handover_or_fake_zero_without_matches[0m[38;2;34;139;34m STARTED[0m[38;2;128;128;128m[0m
  [38;2;250;235;215mres://tests/net/gate_metrics_test.gd[0m[38;2;128;128;128m > [0m[38;2;250;235;215mtest_trace_does_not_interpolate_handover_or_fake_zero_without_matches[0m[38;2;34;139;34m PASSED[0m[38;2;100;149;237m 3ms[0m
[38;2;128;128;128m[0m
  [38;2;250;235;215mres://tests/net/gate_metrics_test.gd[0m[38;2;128;128;128m > [0m[38;2;250;235;215mtest_observer_reads_local_slip_remote_penetration_and_simulation_counters[0m[38;2;34;139;34m STARTED[0m[38;2;128;128;128m[0m
  [38;2;250;235;215mres://tests/net/gate_metrics_test.gd[0m[38;2;128;128;128m > [0m[38;2;250;235;215mtest_observer_reads_local_slip_remote_penetration_and_simulation_counters[0m[38;2;34;139;34m PASSED[0m[38;2;100;149;237m 12ms[0m
[38;2;128;128;128m[0m
[38;2;30;144;255mStatistics:[0m[38;2;128;128;128m 9 test cases | 0 errors | 0 failures | 0 flaky | 0 skipped | 0 orphans |[0m[38;2;34;139;34m PASSED[0m[38;2;100;149;237m 59ms[0m
[38;2;128;128;128m[0m
[38;2;128;128;128m[0m
[38;2;0;206;209mRun Test Suite: [0m[38;2;250;235;215mres://tests/net/network_backend_test.gd[0m
  [38;2;250;235;215mres://tests/net/network_backend_test.gd[0m[38;2;128;128;128m > [0m[38;2;250;235;215mtest_initial_state_is_idle[0m[38;2;34;139;34m STARTED[0m[38;2;128;128;128m[0m
  [38;2;250;235;215mres://tests/net/network_backend_test.gd[0m[38;2;128;128;128m > [0m[38;2;250;235;215mtest_initial_state_is_idle[0m[38;2;34;139;34m PASSED[0m[38;2;100;149;237m 1ms[0m
[38;2;128;128;128m[0m
  [38;2;250;235;215mres://tests/net/network_backend_test.gd[0m[38;2;128;128;128m > [0m[38;2;250;235;215mtest_host_game_makes_us_host_and_emits_hosted[0m[38;2;34;139;34m STARTED[0m[38;2;128;128;128m[0m
  [38;2;250;235;215mres://tests/net/network_backend_test.gd[0m[38;2;128;128;128m > [0m[38;2;250;235;215mtest_host_game_makes_us_host_and_emits_hosted[0m[38;2;34;139;34m PASSED[0m[38;2;100;149;237m 3ms[0m
[38;2;128;128;128m[0m
  [38;2;250;235;215mres://tests/net/network_backend_test.gd[0m[38;2;128;128;128m > [0m[38;2;250;235;215mtest_leave_returns_to_idle_and_frees_the_port[0m[38;2;34;139;34m STARTED[0m[38;2;128;128;128m[0m
  [38;2;250;235;215mres://tests/net/network_backend_test.gd[0m[38;2;128;128;128m > [0m[38;2;250;235;215mtest_leave_returns_to_idle_and_frees_the_port[0m[38;2;34;139;34m PASSED[0m[38;2;100;149;237m 3ms[0m
[38;2;128;128;128m[0m
  [38;2;250;235;215mres://tests/net/network_backend_test.gd[0m[38;2;128;128;128m > [0m[38;2;250;235;215mtest_join_without_server_fails_without_hanging[0m[38;2;34;139;34m STARTED[0m[38;2;128;128;128m[0m
  [38;2;250;235;215mres://tests/net/network_backend_test.gd[0m[38;2;128;128;128m > [0m[38;2;250;235;215mtest_join_without_server_fails_without_hanging[0m[38;2;34;139;34m PASSED[0m[38;2;100;149;237m 7s 510ms[0m
[38;2;128;128;128m[0m
[38;2;30;144;255mStatistics:[0m[38;2;128;128;128m 4 test cases | 0 errors | 0 failures | 0 flaky | 0 skipped | 0 orphans |[0m[38;2;34;139;34m PASSED[0m[38;2;100;149;237m 7s 530ms[0m
[38;2;128;128;128m[0m
[38;2;128;128;128m[0m
[38;2;0;206;209mRun Test Suite: [0m[38;2;250;235;215mres://tests/net/net_marker_test.gd[0m
  [38;2;250;235;215mres://tests/net/net_marker_test.gd[0m[38;2;128;128;128m > [0m[38;2;250;235;215mtest_owner_peer_id_is_stored[0m[38;2;34;139;34m STARTED[0m[38;2;128;128;128m[0m
  [38;2;250;235;215mres://tests/net/net_marker_test.gd[0m[38;2;128;128;128m > [0m[38;2;250;235;215mtest_owner_peer_id_is_stored[0m[38;2;34;139;34m PASSED[0m[38;2;100;149;237m 2ms[0m
[38;2;128;128;128m[0m
[38;2;30;144;255mStatistics:[0m[38;2;128;128;128m 1 test cases | 0 errors | 0 failures | 0 flaky | 0 skipped | 0 orphans |[0m[38;2;34;139;34m PASSED[0m[38;2;100;149;237m 14ms[0m
[38;2;128;128;128m[0m
[38;2;128;128;128m[0m
[38;2;0;206;209mRun Test Suite: [0m[38;2;250;235;215mres://tests/net/playground_client_mode_test.gd[0m
  [38;2;250;235;215mres://tests/net/playground_client_mode_test.gd[0m[38;2;128;128;128m > [0m[38;2;250;235;215mtest_client_role_disables_demo_and_freezes_bus[0m[38;2;34;139;34m STARTED[0m[38;2;128;128;128m[0m
  [38;2;250;235;215mres://tests/net/playground_client_mode_test.gd[0m[38;2;128;128;128m > [0m[38;2;250;235;215mtest_client_role_disables_demo_and_freezes_bus[0m[38;2;34;139;34m PASSED[0m[38;2;100;149;237m 6ms[0m
[38;2;128;128;128m[0m
  [38;2;250;235;215mres://tests/net/playground_client_mode_test.gd[0m[38;2;128;128;128m > [0m[38;2;250;235;215mtest_single_role_keeps_demo_running[0m[38;2;34;139;34m STARTED[0m[38;2;128;128;128m[0m
  [38;2;250;235;215mres://tests/net/playground_client_mode_test.gd[0m[38;2;128;128;128m > [0m[38;2;250;235;215mtest_single_role_keeps_demo_running[0m[38;2;34;139;34m PASSED[0m[38;2;100;149;237m 12ms[0m
[38;2;128;128;128m[0m
[38;2;30;144;255mStatistics:[0m[38;2;128;128;128m 2 test cases | 0 errors | 0 failures | 0 flaky | 0 skipped | 0 orphans |[0m[38;2;34;139;34m PASSED[0m[38;2;100;149;237m 27ms[0m
[38;2;128;128;128m[0m
[38;2;128;128;128m[0m
[38;2;30;144;255mOverall Summary:[0m[38;2;255;255;255m 49 test cases | 0 errors | 0 failures | 0 flaky | 0 skipped | 0 orphans |[0m
[38;2;233;150;122mExecuted test suites: (10/10)[0m
[38;2;233;150;122mExecuted test cases : (49/49)[0m
[38;2;233;150;122mTotal execution time: 11s 19ms[0m
[38;2;255;255;255m [0m[38;2;100;149;237mOpen XML Report at: file://C:/Users/Leo/Documents/RutaFragil/reports/report_12/results.xml[0m
[38;2;100;149;237mOpen HTML Report at: file://C:/Users/Leo/Documents/RutaFragil/reports/report_12/index.html[0m
[38;2;233;150;122mExit code: 0[0m
Run dispose test resources
