Godot Engine v4.7.2.stable.official.ed1daf0bf - https://godotengine.org


--------------------------------------------------------------------------------------------------
GdUnit4 Comandline Tool
--------------------------------------------------------------------------------------------------
Disabled fail fast!
Set write reports to C:/Users/Leo/Documents/RutaFragil/reports

Headless mode is ignored by option '--ignoreHeadlessMode'"

Please note that tests that use UI interaction do not work correctly in headless mode.
Godot 'InputEvents' are not transported by the Godot engine in headless mode and therefore
have no effect in the test!

Installing GdUnit4 session system hooks.
Session hook 'GdUnitHtmlTestReporter' installed.
Session hook 'GdUnitXMLTestReporter' installed.
Run Test Suite: res://tests/net/playground_client_mode_test.gd
  res://tests/net/playground_client_mode_test.gd > test_client_role_disables_demo_and_freezes_bus STARTED
  res://tests/net/playground_client_mode_test.gd > test_client_role_disables_demo_and_freezes_bus PASSED 89ms

  res://tests/net/playground_client_mode_test.gd > test_single_role_keeps_demo_running STARTED
  res://tests/net/playground_client_mode_test.gd > test_single_role_keeps_demo_running PASSED 11ms

Statistics: 2 test cases | 0 errors | 0 failures | 0 flaky | 0 skipped | 0 orphans | PASSED 106ms


Overall Summary: 2 test cases | 0 errors | 0 failures | 0 flaky | 0 skipped | 0 orphans |
Executed test suites: (1/1)
Executed test cases : (2/2)
Total execution time: 106ms
 Open XML Report at: file://C:/Users/Leo/Documents/RutaFragil/reports/report_5/results.xml
Open HTML Report at: file://C:/Users/Leo/Documents/RutaFragil/reports/report_5/index.html
Exit code: 0
Run dispose test resources
