Godot Engine v4.7.2.stable.official.ed1daf0bf - https://godotengine.org

[2J[H[38;2;233;150;122m
--------------------------------------------------------------------------------------------------
GdUnit4 Comandline Tool
--------------------------------------------------------------------------------------------------[0m
[38;2;0;191;255mDisabled fail fast![0m
[38;2;0;191;255mSet write reports to C:/Users/Leo/Documents/RutaFragil/reports[0m
[38;2;218;165;32m
Headless mode is ignored by option '--ignoreHeadlessMode'"

Please note that tests that use UI interaction do not work correctly in headless mode.
Godot 'InputEvents' are not transported by the Godot engine in headless mode and therefore
have no effect in the test!
[0m
Scanning for test suites in: res://tests/net
SCRIPT ERROR: Parse Error: The argument 1 of the constructor "Vector3()" requires the subtype "float" but the supertype "Variant" was provided. (Warning treated as error.)
   at: GDScript::reload (res://src/tooling/gate_support_probe.gd:145)
   GDScript backtrace (most recent call first):
       [0] load_with_disabled_warnings (res://addons/gdUnit4/src/core/GdUnitTestSuiteScanner.gd:225)
       [1] _load_is_test_suite (res://addons/gdUnit4/src/core/GdUnitTestSuiteScanner.gd:129)
       [2] _scan_test_suites_scripts (res://addons/gdUnit4/src/core/GdUnitTestSuiteScanner.gd:95)
       [3] scan_directory (res://addons/gdUnit4/src/core/GdUnitTestSuiteScanner.gd:69)
       [4] scan (res://addons/gdUnit4/src/core/GdUnitTestSuiteScanner.gd:54)
       [5] discover_tests (res://addons/gdUnit4/src/core/runners/GdUnitTestCIRunner.gd:407)
       [6] init_gd_unit (res://addons/gdUnit4/src/core/runners/GdUnitTestCIRunner.gd:382)
       [7] init_runner (res://addons/gdUnit4/src/core/runners/GdUnitTestCIRunner.gd:117)
       [8] _process (res://addons/gdUnit4/src/core/runners/GdUnitTestSessionRunner.gd:120)
SCRIPT ERROR: Parse Error: The argument 2 of the constructor "Vector3()" requires the subtype "float" but the supertype "Variant" was provided. (Warning treated as error.)
   at: GDScript::reload (res://src/tooling/gate_support_probe.gd:145)
   GDScript backtrace (most recent call first):
       [0] load_with_disabled_warnings (res://addons/gdUnit4/src/core/GdUnitTestSuiteScanner.gd:225)
       [1] _load_is_test_suite (res://addons/gdUnit4/src/core/GdUnitTestSuiteScanner.gd:129)
       [2] _scan_test_suites_scripts (res://addons/gdUnit4/src/core/GdUnitTestSuiteScanner.gd:95)
       [3] scan_directory (res://addons/gdUnit4/src/core/GdUnitTestSuiteScanner.gd:69)
       [4] scan (res://addons/gdUnit4/src/core/GdUnitTestSuiteScanner.gd:54)
       [5] discover_tests (res://addons/gdUnit4/src/core/runners/GdUnitTestCIRunner.gd:407)
       [6] init_gd_unit (res://addons/gdUnit4/src/core/runners/GdUnitTestCIRunner.gd:382)
       [7] init_runner (res://addons/gdUnit4/src/core/runners/GdUnitTestCIRunner.gd:117)
       [8] _process (res://addons/gdUnit4/src/core/runners/GdUnitTestSessionRunner.gd:120)
SCRIPT ERROR: Parse Error: The argument 3 of the constructor "Vector3()" requires the subtype "float" but the supertype "Variant" was provided. (Warning treated as error.)
   at: GDScript::reload (res://src/tooling/gate_support_probe.gd:145)
   GDScript backtrace (most recent call first):
       [0] load_with_disabled_warnings (res://addons/gdUnit4/src/core/GdUnitTestSuiteScanner.gd:225)
       [1] _load_is_test_suite (res://addons/gdUnit4/src/core/GdUnitTestSuiteScanner.gd:129)
       [2] _scan_test_suites_scripts (res://addons/gdUnit4/src/core/GdUnitTestSuiteScanner.gd:95)
       [3] scan_directory (res://addons/gdUnit4/src/core/GdUnitTestSuiteScanner.gd:69)
       [4] scan (res://addons/gdUnit4/src/core/GdUnitTestSuiteScanner.gd:54)
       [5] discover_tests (res://addons/gdUnit4/src/core/runners/GdUnitTestCIRunner.gd:407)
       [6] init_gd_unit (res://addons/gdUnit4/src/core/runners/GdUnitTestCIRunner.gd:382)
       [7] init_runner (res://addons/gdUnit4/src/core/runners/GdUnitTestCIRunner.gd:117)
       [8] _process (res://addons/gdUnit4/src/core/runners/GdUnitTestSessionRunner.gd:120)
SCRIPT ERROR: Compile Error: Failed to compile depended scripts.
   at: GDScript::reload (res://src/tooling/gate_metrics.gd:0)
   GDScript backtrace (most recent call first):
       [0] load_with_disabled_warnings (res://addons/gdUnit4/src/core/GdUnitTestSuiteScanner.gd:225)
       [1] _load_is_test_suite (res://addons/gdUnit4/src/core/GdUnitTestSuiteScanner.gd:129)
       [2] _scan_test_suites_scripts (res://addons/gdUnit4/src/core/GdUnitTestSuiteScanner.gd:95)
       [3] scan_directory (res://addons/gdUnit4/src/core/GdUnitTestSuiteScanner.gd:69)
       [4] scan (res://addons/gdUnit4/src/core/GdUnitTestSuiteScanner.gd:54)
       [5] discover_tests (res://addons/gdUnit4/src/core/runners/GdUnitTestCIRunner.gd:407)
       [6] init_gd_unit (res://addons/gdUnit4/src/core/runners/GdUnitTestCIRunner.gd:382)
       [7] init_runner (res://addons/gdUnit4/src/core/runners/GdUnitTestCIRunner.gd:117)
       [8] _process (res://addons/gdUnit4/src/core/runners/GdUnitTestSessionRunner.gd:120)
SCRIPT ERROR: Compile Error: Failed to compile depended scripts.
   at: GDScript::reload (res://tests/net/gate_metrics_test.gd:0)
   GDScript backtrace (most recent call first):
       [0] load_with_disabled_warnings (res://addons/gdUnit4/src/core/GdUnitTestSuiteScanner.gd:225)
       [1] _load_is_test_suite (res://addons/gdUnit4/src/core/GdUnitTestSuiteScanner.gd:129)
       [2] _scan_test_suites_scripts (res://addons/gdUnit4/src/core/GdUnitTestSuiteScanner.gd:95)
       [3] scan_directory (res://addons/gdUnit4/src/core/GdUnitTestSuiteScanner.gd:69)
       [4] scan (res://addons/gdUnit4/src/core/GdUnitTestSuiteScanner.gd:54)
       [5] discover_tests (res://addons/gdUnit4/src/core/runners/GdUnitTestCIRunner.gd:407)
       [6] init_gd_unit (res://addons/gdUnit4/src/core/runners/GdUnitTestCIRunner.gd:382)
       [7] init_runner (res://addons/gdUnit4/src/core/runners/GdUnitTestCIRunner.gd:117)
       [8] _process (res://addons/gdUnit4/src/core/runners/GdUnitTestSessionRunner.gd:120)
ERROR: Failed to load script "res://tests/net/gate_metrics_test.gd" with error "Compilation failed".
   at: load (modules/gdscript/gdscript_resource_format.cpp:46)
   GDScript backtrace (most recent call first):
       [0] load_with_disabled_warnings (res://addons/gdUnit4/src/core/GdUnitTestSuiteScanner.gd:225)
       [1] _load_is_test_suite (res://addons/gdUnit4/src/core/GdUnitTestSuiteScanner.gd:129)
       [2] _scan_test_suites_scripts (res://addons/gdUnit4/src/core/GdUnitTestSuiteScanner.gd:95)
       [3] scan_directory (res://addons/gdUnit4/src/core/GdUnitTestSuiteScanner.gd:69)
       [4] scan (res://addons/gdUnit4/src/core/GdUnitTestSuiteScanner.gd:54)
       [5] discover_tests (res://addons/gdUnit4/src/core/runners/GdUnitTestCIRunner.gd:407)
       [6] init_gd_unit (res://addons/gdUnit4/src/core/runners/GdUnitTestCIRunner.gd:382)
       [7] init_runner (res://addons/gdUnit4/src/core/runners/GdUnitTestCIRunner.gd:117)
       [8] _process (res://addons/gdUnit4/src/core/runners/GdUnitTestSessionRunner.gd:120)
[38;2;220;20;60mScript errors were detected during test discovery![0m
[38;2;255;255;255m  Parse Error: The argument 1 of the constructor "Vector3()" requires the subtype "float" but the supertype "Variant" was provided. (Warning treated as error.)
	at res://src/tooling/gate_support_probe.gd:145[0m
[38;2;255;255;255m  Parse Error: The argument 2 of the constructor "Vector3()" requires the subtype "float" but the supertype "Variant" was provided. (Warning treated as error.)
	at res://src/tooling/gate_support_probe.gd:145[0m
[38;2;255;255;255m  Parse Error: The argument 3 of the constructor "Vector3()" requires the subtype "float" but the supertype "Variant" was provided. (Warning treated as error.)
	at res://src/tooling/gate_support_probe.gd:145[0m
[38;2;255;255;255m  Compile Error: Failed to compile depended scripts.
	at res://src/tooling/gate_metrics.gd:0[0m
[38;2;255;255;255m  Compile Error: Failed to compile depended scripts.
	at res://tests/net/gate_metrics_test.gd:0[0m
[38;2;220;20;60mAbnormal exit with 105[0m
Run dispose test resources
