Godot Engine v4.7.2.stable.official.ed1daf0bf - https://godotengine.org


--------------------------------------------------------------------------------------------------
GdUnit4 Comandline Tool
--------------------------------------------------------------------------------------------------
Disabled fail fast!
Set write reports to C:/Users/Leo/Documents/RutaFragil/reports

Headless mode is ignored by option '--ignoreHeadlessMode'"

Please note that tests that use UI interaction do not work correctly in headless mode.
Godot 'InputEvents' are not transported by the Godot engine in headless mode and therefore
have no effect in the test!

Scanning for test suites in: res://tests/net
SCRIPT ERROR: Parse Error: The property "restraint" is not present on the inferred type "Node" (but may be present on a subtype). (Warning treated as error.)
   at: GDScript::reload (res://src/crew/crew_hands.gd:282)
   GDScript backtrace (most recent call first):
       [0] load_with_disabled_warnings (res://addons/gdUnit4/src/core/GdUnitTestSuiteScanner.gd:225)
       [1] _load_is_test_suite (res://addons/gdUnit4/src/core/GdUnitTestSuiteScanner.gd:129)
       [2] _scan_test_suites_scripts (res://addons/gdUnit4/src/core/GdUnitTestSuiteScanner.gd:95)
       [3] scan_directory (res://addons/gdUnit4/src/core/GdUnitTestSuiteScanner.gd:69)
       [4] scan (res://addons/gdUnit4/src/core/GdUnitTestSuiteScanner.gd:54)
       [5] discover_tests (res://addons/gdUnit4/src/core/runners/GdUnitTestCIRunner.gd:407)
       [6] init_gd_unit (res://addons/gdUnit4/src/core/runners/GdUnitTestCIRunner.gd:382)
       [7] init_runner (res://addons/gdUnit4/src/core/runners/GdUnitTestCIRunner.gd:117)
       [8] _process (res://addons/gdUnit4/src/core/runners/GdUnitTestSessionRunner.gd:120)
SCRIPT ERROR: Compile Error: Failed to compile depended scripts.
   at: GDScript::reload (res://src/crew/crew_input.gd:0)
   GDScript backtrace (most recent call first):
       [0] load_with_disabled_warnings (res://addons/gdUnit4/src/core/GdUnitTestSuiteScanner.gd:225)
       [1] _load_is_test_suite (res://addons/gdUnit4/src/core/GdUnitTestSuiteScanner.gd:129)
       [2] _scan_test_suites_scripts (res://addons/gdUnit4/src/core/GdUnitTestSuiteScanner.gd:95)
       [3] scan_directory (res://addons/gdUnit4/src/core/GdUnitTestSuiteScanner.gd:69)
       [4] scan (res://addons/gdUnit4/src/core/GdUnitTestSuiteScanner.gd:54)
       [5] discover_tests (res://addons/gdUnit4/src/core/runners/GdUnitTestCIRunner.gd:407)
       [6] init_gd_unit (res://addons/gdUnit4/src/core/runners/GdUnitTestCIRunner.gd:382)
       [7] init_runner (res://addons/gdUnit4/src/core/runners/GdUnitTestCIRunner.gd:117)
       [8] _process (res://addons/gdUnit4/src/core/runners/GdUnitTestSessionRunner.gd:120)
SCRIPT ERROR: Compile Error: Failed to compile depended scripts.
   at: GDScript::reload (res://tests/net/authority_lookup_test.gd:0)
   GDScript backtrace (most recent call first):
       [0] load_with_disabled_warnings (res://addons/gdUnit4/src/core/GdUnitTestSuiteScanner.gd:225)
       [1] _load_is_test_suite (res://addons/gdUnit4/src/core/GdUnitTestSuiteScanner.gd:129)
       [2] _scan_test_suites_scripts (res://addons/gdUnit4/src/core/GdUnitTestSuiteScanner.gd:95)
       [3] scan_directory (res://addons/gdUnit4/src/core/GdUnitTestSuiteScanner.gd:69)
       [4] scan (res://addons/gdUnit4/src/core/GdUnitTestSuiteScanner.gd:54)
       [5] discover_tests (res://addons/gdUnit4/src/core/runners/GdUnitTestCIRunner.gd:407)
       [6] init_gd_unit (res://addons/gdUnit4/src/core/runners/GdUnitTestCIRunner.gd:382)
       [7] init_runner (res://addons/gdUnit4/src/core/runners/GdUnitTestCIRunner.gd:117)
       [8] _process (res://addons/gdUnit4/src/core/runners/GdUnitTestSessionRunner.gd:120)
ERROR: Failed to load script "res://tests/net/authority_lookup_test.gd" with error "Compilation failed".
   at: load (modules/gdscript/gdscript_resource_format.cpp:46)
   GDScript backtrace (most recent call first):
       [0] load_with_disabled_warnings (res://addons/gdUnit4/src/core/GdUnitTestSuiteScanner.gd:225)
       [1] _load_is_test_suite (res://addons/gdUnit4/src/core/GdUnitTestSuiteScanner.gd:129)
       [2] _scan_test_suites_scripts (res://addons/gdUnit4/src/core/GdUnitTestSuiteScanner.gd:95)
       [3] scan_directory (res://addons/gdUnit4/src/core/GdUnitTestSuiteScanner.gd:69)
       [4] scan (res://addons/gdUnit4/src/core/GdUnitTestSuiteScanner.gd:54)
       [5] discover_tests (res://addons/gdUnit4/src/core/runners/GdUnitTestCIRunner.gd:407)
       [6] init_gd_unit (res://addons/gdUnit4/src/core/runners/GdUnitTestCIRunner.gd:382)
       [7] init_runner (res://addons/gdUnit4/src/core/runners/GdUnitTestCIRunner.gd:117)
       [8] _process (res://addons/gdUnit4/src/core/runners/GdUnitTestSessionRunner.gd:120)
SCRIPT ERROR: Parse Error: The argument 1 of the constructor "int()" requires the subtype "int", "bool", or "float" but the supertype "Variant" was provided. (Warning treated as error.)
   at: GDScript::reload (res://tests/net/cargo_sync_test.gd:71)
   GDScript backtrace (most recent call first):
       [0] load_with_disabled_warnings (res://addons/gdUnit4/src/core/GdUnitTestSuiteScanner.gd:225)
       [1] _load_is_test_suite (res://addons/gdUnit4/src/core/GdUnitTestSuiteScanner.gd:129)
       [2] _scan_test_suites_scripts (res://addons/gdUnit4/src/core/GdUnitTestSuiteScanner.gd:95)
       [3] scan_directory (res://addons/gdUnit4/src/core/GdUnitTestSuiteScanner.gd:69)
       [4] scan (res://addons/gdUnit4/src/core/GdUnitTestSuiteScanner.gd:54)
       [5] discover_tests (res://addons/gdUnit4/src/core/runners/GdUnitTestCIRunner.gd:407)
       [6] init_gd_unit (res://addons/gdUnit4/src/core/runners/GdUnitTestCIRunner.gd:382)
       [7] init_runner (res://addons/gdUnit4/src/core/runners/GdUnitTestCIRunner.gd:117)
       [8] _process (res://addons/gdUnit4/src/core/runners/GdUnitTestSessionRunner.gd:120)
SCRIPT ERROR: Parse Error: The argument 1 of the constructor "int()" requires the subtype "int", "bool", or "float" but the supertype "Variant" was provided. (Warning treated as error.)
   at: GDScript::reload (res://tests/net/cargo_sync_test.gd:72)
   GDScript backtrace (most recent call first):
       [0] load_with_disabled_warnings (res://addons/gdUnit4/src/core/GdUnitTestSuiteScanner.gd:225)
       [1] _load_is_test_suite (res://addons/gdUnit4/src/core/GdUnitTestSuiteScanner.gd:129)
       [2] _scan_test_suites_scripts (res://addons/gdUnit4/src/core/GdUnitTestSuiteScanner.gd:95)
       [3] scan_directory (res://addons/gdUnit4/src/core/GdUnitTestSuiteScanner.gd:69)
       [4] scan (res://addons/gdUnit4/src/core/GdUnitTestSuiteScanner.gd:54)
       [5] discover_tests (res://addons/gdUnit4/src/core/runners/GdUnitTestCIRunner.gd:407)
       [6] init_gd_unit (res://addons/gdUnit4/src/core/runners/GdUnitTestCIRunner.gd:382)
       [7] init_runner (res://addons/gdUnit4/src/core/runners/GdUnitTestCIRunner.gd:117)
       [8] _process (res://addons/gdUnit4/src/core/runners/GdUnitTestSessionRunner.gd:120)
SCRIPT ERROR: Parse Error: The argument 1 of the constructor "int()" requires the subtype "int", "bool", or "float" but the supertype "Variant" was provided. (Warning treated as error.)
   at: GDScript::reload (res://tests/net/cargo_sync_test.gd:73)
   GDScript backtrace (most recent call first):
       [0] load_with_disabled_warnings (res://addons/gdUnit4/src/core/GdUnitTestSuiteScanner.gd:225)
       [1] _load_is_test_suite (res://addons/gdUnit4/src/core/GdUnitTestSuiteScanner.gd:129)
       [2] _scan_test_suites_scripts (res://addons/gdUnit4/src/core/GdUnitTestSuiteScanner.gd:95)
       [3] scan_directory (res://addons/gdUnit4/src/core/GdUnitTestSuiteScanner.gd:69)
       [4] scan (res://addons/gdUnit4/src/core/GdUnitTestSuiteScanner.gd:54)
       [5] discover_tests (res://addons/gdUnit4/src/core/runners/GdUnitTestCIRunner.gd:407)
       [6] init_gd_unit (res://addons/gdUnit4/src/core/runners/GdUnitTestCIRunner.gd:382)
       [7] init_runner (res://addons/gdUnit4/src/core/runners/GdUnitTestCIRunner.gd:117)
       [8] _process (res://addons/gdUnit4/src/core/runners/GdUnitTestSessionRunner.gd:120)
SCRIPT ERROR: Parse Error: The argument 1 of the constructor "int()" requires the subtype "int", "bool", or "float" but the supertype "Variant" was provided. (Warning treated as error.)
   at: GDScript::reload (res://tests/net/cargo_sync_test.gd:91)
   GDScript backtrace (most recent call first):
       [0] load_with_disabled_warnings (res://addons/gdUnit4/src/core/GdUnitTestSuiteScanner.gd:225)
       [1] _load_is_test_suite (res://addons/gdUnit4/src/core/GdUnitTestSuiteScanner.gd:129)
       [2] _scan_test_suites_scripts (res://addons/gdUnit4/src/core/GdUnitTestSuiteScanner.gd:95)
       [3] scan_directory (res://addons/gdUnit4/src/core/GdUnitTestSuiteScanner.gd:69)
       [4] scan (res://addons/gdUnit4/src/core/GdUnitTestSuiteScanner.gd:54)
       [5] discover_tests (res://addons/gdUnit4/src/core/runners/GdUnitTestCIRunner.gd:407)
       [6] init_gd_unit (res://addons/gdUnit4/src/core/runners/GdUnitTestCIRunner.gd:382)
       [7] init_runner (res://addons/gdUnit4/src/core/runners/GdUnitTestCIRunner.gd:117)
       [8] _process (res://addons/gdUnit4/src/core/runners/GdUnitTestSessionRunner.gd:120)
SCRIPT ERROR: Parse Error: The argument 1 of the constructor "int()" requires the subtype "int", "bool", or "float" but the supertype "Variant" was provided. (Warning treated as error.)
   at: GDScript::reload (res://tests/net/cargo_sync_test.gd:100)
   GDScript backtrace (most recent call first):
       [0] load_with_disabled_warnings (res://addons/gdUnit4/src/core/GdUnitTestSuiteScanner.gd:225)
       [1] _load_is_test_suite (res://addons/gdUnit4/src/core/GdUnitTestSuiteScanner.gd:129)
       [2] _scan_test_suites_scripts (res://addons/gdUnit4/src/core/GdUnitTestSuiteScanner.gd:95)
       [3] scan_directory (res://addons/gdUnit4/src/core/GdUnitTestSuiteScanner.gd:69)
       [4] scan (res://addons/gdUnit4/src/core/GdUnitTestSuiteScanner.gd:54)
       [5] discover_tests (res://addons/gdUnit4/src/core/runners/GdUnitTestCIRunner.gd:407)
       [6] init_gd_unit (res://addons/gdUnit4/src/core/runners/GdUnitTestCIRunner.gd:382)
       [7] init_runner (res://addons/gdUnit4/src/core/runners/GdUnitTestCIRunner.gd:117)
       [8] _process (res://addons/gdUnit4/src/core/runners/GdUnitTestSessionRunner.gd:120)
SCRIPT ERROR: Parse Error: The argument 1 of the constructor "int()" requires the subtype "int", "bool", or "float" but the supertype "Variant" was provided. (Warning treated as error.)
   at: GDScript::reload (res://tests/net/cargo_sync_test.gd:106)
   GDScript backtrace (most recent call first):
       [0] load_with_disabled_warnings (res://addons/gdUnit4/src/core/GdUnitTestSuiteScanner.gd:225)
       [1] _load_is_test_suite (res://addons/gdUnit4/src/core/GdUnitTestSuiteScanner.gd:129)
       [2] _scan_test_suites_scripts (res://addons/gdUnit4/src/core/GdUnitTestSuiteScanner.gd:95)
       [3] scan_directory (res://addons/gdUnit4/src/core/GdUnitTestSuiteScanner.gd:69)
       [4] scan (res://addons/gdUnit4/src/core/GdUnitTestSuiteScanner.gd:54)
       [5] discover_tests (res://addons/gdUnit4/src/core/runners/GdUnitTestCIRunner.gd:407)
       [6] init_gd_unit (res://addons/gdUnit4/src/core/runners/GdUnitTestCIRunner.gd:382)
       [7] init_runner (res://addons/gdUnit4/src/core/runners/GdUnitTestCIRunner.gd:117)
       [8] _process (res://addons/gdUnit4/src/core/runners/GdUnitTestSessionRunner.gd:120)
SCRIPT ERROR: Parse Error: The argument 1 of the constructor "int()" requires the subtype "int", "bool", or "float" but the supertype "Variant" was provided. (Warning treated as error.)
   at: GDScript::reload (res://tests/net/cargo_sync_test.gd:107)
   GDScript backtrace (most recent call first):
       [0] load_with_disabled_warnings (res://addons/gdUnit4/src/core/GdUnitTestSuiteScanner.gd:225)
       [1] _load_is_test_suite (res://addons/gdUnit4/src/core/GdUnitTestSuiteScanner.gd:129)
       [2] _scan_test_suites_scripts (res://addons/gdUnit4/src/core/GdUnitTestSuiteScanner.gd:95)
       [3] scan_directory (res://addons/gdUnit4/src/core/GdUnitTestSuiteScanner.gd:69)
       [4] scan (res://addons/gdUnit4/src/core/GdUnitTestSuiteScanner.gd:54)
       [5] discover_tests (res://addons/gdUnit4/src/core/runners/GdUnitTestCIRunner.gd:407)
       [6] init_gd_unit (res://addons/gdUnit4/src/core/runners/GdUnitTestCIRunner.gd:382)
       [7] init_runner (res://addons/gdUnit4/src/core/runners/GdUnitTestCIRunner.gd:117)
       [8] _process (res://addons/gdUnit4/src/core/runners/GdUnitTestSessionRunner.gd:120)
SCRIPT ERROR: Parse Error: The argument 1 of the constructor "int()" requires the subtype "int", "bool", or "float" but the supertype "Variant" was provided. (Warning treated as error.)
   at: GDScript::reload (res://tests/net/cargo_sync_test.gd:110)
   GDScript backtrace (most recent call first):
       [0] load_with_disabled_warnings (res://addons/gdUnit4/src/core/GdUnitTestSuiteScanner.gd:225)
       [1] _load_is_test_suite (res://addons/gdUnit4/src/core/GdUnitTestSuiteScanner.gd:129)
       [2] _scan_test_suites_scripts (res://addons/gdUnit4/src/core/GdUnitTestSuiteScanner.gd:95)
       [3] scan_directory (res://addons/gdUnit4/src/core/GdUnitTestSuiteScanner.gd:69)
       [4] scan (res://addons/gdUnit4/src/core/GdUnitTestSuiteScanner.gd:54)
       [5] discover_tests (res://addons/gdUnit4/src/core/runners/GdUnitTestCIRunner.gd:407)
       [6] init_gd_unit (res://addons/gdUnit4/src/core/runners/GdUnitTestCIRunner.gd:382)
       [7] init_runner (res://addons/gdUnit4/src/core/runners/GdUnitTestCIRunner.gd:117)
       [8] _process (res://addons/gdUnit4/src/core/runners/GdUnitTestSessionRunner.gd:120)
SCRIPT ERROR: Parse Error: The argument 1 of the constructor "int()" requires the subtype "int", "bool", or "float" but the supertype "Variant" was provided. (Warning treated as error.)
   at: GDScript::reload (res://tests/net/cargo_sync_test.gd:220)
   GDScript backtrace (most recent call first):
       [0] load_with_disabled_warnings (res://addons/gdUnit4/src/core/GdUnitTestSuiteScanner.gd:225)
       [1] _load_is_test_suite (res://addons/gdUnit4/src/core/GdUnitTestSuiteScanner.gd:129)
       [2] _scan_test_suites_scripts (res://addons/gdUnit4/src/core/GdUnitTestSuiteScanner.gd:95)
       [3] scan_directory (res://addons/gdUnit4/src/core/GdUnitTestSuiteScanner.gd:69)
       [4] scan (res://addons/gdUnit4/src/core/GdUnitTestSuiteScanner.gd:54)
       [5] discover_tests (res://addons/gdUnit4/src/core/runners/GdUnitTestCIRunner.gd:407)
       [6] init_gd_unit (res://addons/gdUnit4/src/core/runners/GdUnitTestCIRunner.gd:382)
       [7] init_runner (res://addons/gdUnit4/src/core/runners/GdUnitTestCIRunner.gd:117)
       [8] _process (res://addons/gdUnit4/src/core/runners/GdUnitTestSessionRunner.gd:120)
ERROR: Failed to load script "res://tests/net/cargo_sync_test.gd" with error "Parse error".
   at: load (modules/gdscript/gdscript_resource_format.cpp:46)
   GDScript backtrace (most recent call first):
       [0] load_with_disabled_warnings (res://addons/gdUnit4/src/core/GdUnitTestSuiteScanner.gd:225)
       [1] _load_is_test_suite (res://addons/gdUnit4/src/core/GdUnitTestSuiteScanner.gd:129)
       [2] _scan_test_suites_scripts (res://addons/gdUnit4/src/core/GdUnitTestSuiteScanner.gd:95)
       [3] scan_directory (res://addons/gdUnit4/src/core/GdUnitTestSuiteScanner.gd:69)
       [4] scan (res://addons/gdUnit4/src/core/GdUnitTestSuiteScanner.gd:54)
       [5] discover_tests (res://addons/gdUnit4/src/core/runners/GdUnitTestCIRunner.gd:407)
       [6] init_gd_unit (res://addons/gdUnit4/src/core/runners/GdUnitTestCIRunner.gd:382)
       [7] init_runner (res://addons/gdUnit4/src/core/runners/GdUnitTestCIRunner.gd:117)
       [8] _process (res://addons/gdUnit4/src/core/runners/GdUnitTestSessionRunner.gd:120)
SCRIPT ERROR: Parse Error: The property "current" is not present on the inferred type "Node" (but may be present on a subtype). (Warning treated as error.)
   at: GDScript::reload (res://tests/net/crew_sync_test.gd:123)
   GDScript backtrace (most recent call first):
       [0] load_with_disabled_warnings (res://addons/gdUnit4/src/core/GdUnitTestSuiteScanner.gd:225)
       [1] _load_is_test_suite (res://addons/gdUnit4/src/core/GdUnitTestSuiteScanner.gd:129)
       [2] _scan_test_suites_scripts (res://addons/gdUnit4/src/core/GdUnitTestSuiteScanner.gd:95)
       [3] scan_directory (res://addons/gdUnit4/src/core/GdUnitTestSuiteScanner.gd:69)
       [4] scan (res://addons/gdUnit4/src/core/GdUnitTestSuiteScanner.gd:54)
       [5] discover_tests (res://addons/gdUnit4/src/core/runners/GdUnitTestCIRunner.gd:407)
       [6] init_gd_unit (res://addons/gdUnit4/src/core/runners/GdUnitTestCIRunner.gd:382)
       [7] init_runner (res://addons/gdUnit4/src/core/runners/GdUnitTestCIRunner.gd:117)
       [8] _process (res://addons/gdUnit4/src/core/runners/GdUnitTestSessionRunner.gd:120)
ERROR: Failed to load script "res://tests/net/crew_sync_test.gd" with error "Parse error".
   at: load (modules/gdscript/gdscript_resource_format.cpp:46)
   GDScript backtrace (most recent call first):
       [0] load_with_disabled_warnings (res://addons/gdUnit4/src/core/GdUnitTestSuiteScanner.gd:225)
       [1] _load_is_test_suite (res://addons/gdUnit4/src/core/GdUnitTestSuiteScanner.gd:129)
       [2] _scan_test_suites_scripts (res://addons/gdUnit4/src/core/GdUnitTestSuiteScanner.gd:95)
       [3] scan_directory (res://addons/gdUnit4/src/core/GdUnitTestSuiteScanner.gd:69)
       [4] scan (res://addons/gdUnit4/src/core/GdUnitTestSuiteScanner.gd:54)
       [5] discover_tests (res://addons/gdUnit4/src/core/runners/GdUnitTestCIRunner.gd:407)
       [6] init_gd_unit (res://addons/gdUnit4/src/core/runners/GdUnitTestCIRunner.gd:382)
       [7] init_runner (res://addons/gdUnit4/src/core/runners/GdUnitTestCIRunner.gd:117)
       [8] _process (res://addons/gdUnit4/src/core/runners/GdUnitTestSessionRunner.gd:120)
SCRIPT ERROR: Parse Error: The method "slip_summary()" is not present on the inferred type "GDScript" (but may be present on a subtype). (Warning treated as error.)
   at: GDScript::reload (res://tests/net/gate_metrics_test.gd:21)
   GDScript backtrace (most recent call first):
       [0] load_with_disabled_warnings (res://addons/gdUnit4/src/core/GdUnitTestSuiteScanner.gd:225)
       [1] _load_is_test_suite (res://addons/gdUnit4/src/core/GdUnitTestSuiteScanner.gd:129)
       [2] _scan_test_suites_scripts (res://addons/gdUnit4/src/core/GdUnitTestSuiteScanner.gd:95)
       [3] scan_directory (res://addons/gdUnit4/src/core/GdUnitTestSuiteScanner.gd:69)
       [4] scan (res://addons/gdUnit4/src/core/GdUnitTestSuiteScanner.gd:54)
       [5] discover_tests (res://addons/gdUnit4/src/core/runners/GdUnitTestCIRunner.gd:407)
       [6] init_gd_unit (res://addons/gdUnit4/src/core/runners/GdUnitTestCIRunner.gd:382)
       [7] init_runner (res://addons/gdUnit4/src/core/runners/GdUnitTestCIRunner.gd:117)
       [8] _process (res://addons/gdUnit4/src/core/runners/GdUnitTestSessionRunner.gd:120)
SCRIPT ERROR: Parse Error: The argument 1 of the constructor "float()" requires the subtype "float", "bool", or "int" but the supertype "Variant" was provided. (Warning treated as error.)
   at: GDScript::reload (res://tests/net/gate_metrics_test.gd:22)
   GDScript backtrace (most recent call first):
       [0] load_with_disabled_warnings (res://addons/gdUnit4/src/core/GdUnitTestSuiteScanner.gd:225)
       [1] _load_is_test_suite (res://addons/gdUnit4/src/core/GdUnitTestSuiteScanner.gd:129)
       [2] _scan_test_suites_scripts (res://addons/gdUnit4/src/core/GdUnitTestSuiteScanner.gd:95)
       [3] scan_directory (res://addons/gdUnit4/src/core/GdUnitTestSuiteScanner.gd:69)
       [4] scan (res://addons/gdUnit4/src/core/GdUnitTestSuiteScanner.gd:54)
       [5] discover_tests (res://addons/gdUnit4/src/core/runners/GdUnitTestCIRunner.gd:407)
       [6] init_gd_unit (res://addons/gdUnit4/src/core/runners/GdUnitTestCIRunner.gd:382)
       [7] init_runner (res://addons/gdUnit4/src/core/runners/GdUnitTestCIRunner.gd:117)
       [8] _process (res://addons/gdUnit4/src/core/runners/GdUnitTestSessionRunner.gd:120)
SCRIPT ERROR: Parse Error: The argument 1 of the constructor "float()" requires the subtype "float", "bool", or "int" but the supertype "Variant" was provided. (Warning treated as error.)
   at: GDScript::reload (res://tests/net/gate_metrics_test.gd:23)
   GDScript backtrace (most recent call first):
       [0] load_with_disabled_warnings (res://addons/gdUnit4/src/core/GdUnitTestSuiteScanner.gd:225)
       [1] _load_is_test_suite (res://addons/gdUnit4/src/core/GdUnitTestSuiteScanner.gd:129)
       [2] _scan_test_suites_scripts (res://addons/gdUnit4/src/core/GdUnitTestSuiteScanner.gd:95)
       [3] scan_directory (res://addons/gdUnit4/src/core/GdUnitTestSuiteScanner.gd:69)
       [4] scan (res://addons/gdUnit4/src/core/GdUnitTestSuiteScanner.gd:54)
       [5] discover_tests (res://addons/gdUnit4/src/core/runners/GdUnitTestCIRunner.gd:407)
       [6] init_gd_unit (res://addons/gdUnit4/src/core/runners/GdUnitTestCIRunner.gd:382)
       [7] init_runner (res://addons/gdUnit4/src/core/runners/GdUnitTestCIRunner.gd:117)
       [8] _process (res://addons/gdUnit4/src/core/runners/GdUnitTestSessionRunner.gd:120)
SCRIPT ERROR: Parse Error: The argument 1 of the constructor "float()" requires the subtype "float", "bool", or "int" but the supertype "Variant" was provided. (Warning treated as error.)
   at: GDScript::reload (res://tests/net/gate_metrics_test.gd:24)
   GDScript backtrace (most recent call first):
       [0] load_with_disabled_warnings (res://addons/gdUnit4/src/core/GdUnitTestSuiteScanner.gd:225)
       [1] _load_is_test_suite (res://addons/gdUnit4/src/core/GdUnitTestSuiteScanner.gd:129)
       [2] _scan_test_suites_scripts (res://addons/gdUnit4/src/core/GdUnitTestSuiteScanner.gd:95)
       [3] scan_directory (res://addons/gdUnit4/src/core/GdUnitTestSuiteScanner.gd:69)
       [4] scan (res://addons/gdUnit4/src/core/GdUnitTestSuiteScanner.gd:54)
       [5] discover_tests (res://addons/gdUnit4/src/core/runners/GdUnitTestCIRunner.gd:407)
       [6] init_gd_unit (res://addons/gdUnit4/src/core/runners/GdUnitTestCIRunner.gd:382)
       [7] init_runner (res://addons/gdUnit4/src/core/runners/GdUnitTestCIRunner.gd:117)
       [8] _process (res://addons/gdUnit4/src/core/runners/GdUnitTestSessionRunner.gd:120)
SCRIPT ERROR: Parse Error: The argument 1 of the constructor "float()" requires the subtype "float", "bool", or "int" but the supertype "Variant" was provided. (Warning treated as error.)
   at: GDScript::reload (res://tests/net/gate_metrics_test.gd:25)
   GDScript backtrace (most recent call first):
       [0] load_with_disabled_warnings (res://addons/gdUnit4/src/core/GdUnitTestSuiteScanner.gd:225)
       [1] _load_is_test_suite (res://addons/gdUnit4/src/core/GdUnitTestSuiteScanner.gd:129)
       [2] _scan_test_suites_scripts (res://addons/gdUnit4/src/core/GdUnitTestSuiteScanner.gd:95)
       [3] scan_directory (res://addons/gdUnit4/src/core/GdUnitTestSuiteScanner.gd:69)
       [4] scan (res://addons/gdUnit4/src/core/GdUnitTestSuiteScanner.gd:54)
       [5] discover_tests (res://addons/gdUnit4/src/core/runners/GdUnitTestCIRunner.gd:407)
       [6] init_gd_unit (res://addons/gdUnit4/src/core/runners/GdUnitTestCIRunner.gd:382)
       [7] init_runner (res://addons/gdUnit4/src/core/runners/GdUnitTestCIRunner.gd:117)
       [8] _process (res://addons/gdUnit4/src/core/runners/GdUnitTestSessionRunner.gd:120)
SCRIPT ERROR: Parse Error: The method "fps_summary()" is not present on the inferred type "GDScript" (but may be present on a subtype). (Warning treated as error.)
   at: GDScript::reload (res://tests/net/gate_metrics_test.gd:29)
   GDScript backtrace (most recent call first):
       [0] load_with_disabled_warnings (res://addons/gdUnit4/src/core/GdUnitTestSuiteScanner.gd:225)
       [1] _load_is_test_suite (res://addons/gdUnit4/src/core/GdUnitTestSuiteScanner.gd:129)
       [2] _scan_test_suites_scripts (res://addons/gdUnit4/src/core/GdUnitTestSuiteScanner.gd:95)
       [3] scan_directory (res://addons/gdUnit4/src/core/GdUnitTestSuiteScanner.gd:69)
       [4] scan (res://addons/gdUnit4/src/core/GdUnitTestSuiteScanner.gd:54)
       [5] discover_tests (res://addons/gdUnit4/src/core/runners/GdUnitTestCIRunner.gd:407)
       [6] init_gd_unit (res://addons/gdUnit4/src/core/runners/GdUnitTestCIRunner.gd:382)
       [7] init_runner (res://addons/gdUnit4/src/core/runners/GdUnitTestCIRunner.gd:117)
       [8] _process (res://addons/gdUnit4/src/core/runners/GdUnitTestSessionRunner.gd:120)
SCRIPT ERROR: Parse Error: The argument 1 of the constructor "float()" requires the subtype "float", "bool", or "int" but the supertype "Variant" was provided. (Warning treated as error.)
   at: GDScript::reload (res://tests/net/gate_metrics_test.gd:30)
   GDScript backtrace (most recent call first):
       [0] load_with_disabled_warnings (res://addons/gdUnit4/src/core/GdUnitTestSuiteScanner.gd:225)
       [1] _load_is_test_suite (res://addons/gdUnit4/src/core/GdUnitTestSuiteScanner.gd:129)
       [2] _scan_test_suites_scripts (res://addons/gdUnit4/src/core/GdUnitTestSuiteScanner.gd:95)
       [3] scan_directory (res://addons/gdUnit4/src/core/GdUnitTestSuiteScanner.gd:69)
       [4] scan (res://addons/gdUnit4/src/core/GdUnitTestSuiteScanner.gd:54)
       [5] discover_tests (res://addons/gdUnit4/src/core/runners/GdUnitTestCIRunner.gd:407)
       [6] init_gd_unit (res://addons/gdUnit4/src/core/runners/GdUnitTestCIRunner.gd:382)
       [7] init_runner (res://addons/gdUnit4/src/core/runners/GdUnitTestCIRunner.gd:117)
       [8] _process (res://addons/gdUnit4/src/core/runners/GdUnitTestSessionRunner.gd:120)
SCRIPT ERROR: Parse Error: The argument 1 of the constructor "float()" requires the subtype "float", "bool", or "int" but the supertype "Variant" was provided. (Warning treated as error.)
   at: GDScript::reload (res://tests/net/gate_metrics_test.gd:31)
   GDScript backtrace (most recent call first):
       [0] load_with_disabled_warnings (res://addons/gdUnit4/src/core/GdUnitTestSuiteScanner.gd:225)
       [1] _load_is_test_suite (res://addons/gdUnit4/src/core/GdUnitTestSuiteScanner.gd:129)
       [2] _scan_test_suites_scripts (res://addons/gdUnit4/src/core/GdUnitTestSuiteScanner.gd:95)
       [3] scan_directory (res://addons/gdUnit4/src/core/GdUnitTestSuiteScanner.gd:69)
       [4] scan (res://addons/gdUnit4/src/core/GdUnitTestSuiteScanner.gd:54)
       [5] discover_tests (res://addons/gdUnit4/src/core/runners/GdUnitTestCIRunner.gd:407)
       [6] init_gd_unit (res://addons/gdUnit4/src/core/runners/GdUnitTestCIRunner.gd:382)
       [7] init_runner (res://addons/gdUnit4/src/core/runners/GdUnitTestCIRunner.gd:117)
       [8] _process (res://addons/gdUnit4/src/core/runners/GdUnitTestSessionRunner.gd:120)
SCRIPT ERROR: Parse Error: The method "capsule_box_depth()" is not present on the inferred type "GDScript" (but may be present on a subtype). (Warning treated as error.)
   at: GDScript::reload (res://tests/net/gate_metrics_test.gd:37)
   GDScript backtrace (most recent call first):
       [0] load_with_disabled_warnings (res://addons/gdUnit4/src/core/GdUnitTestSuiteScanner.gd:225)
       [1] _load_is_test_suite (res://addons/gdUnit4/src/core/GdUnitTestSuiteScanner.gd:129)
       [2] _scan_test_suites_scripts (res://addons/gdUnit4/src/core/GdUnitTestSuiteScanner.gd:95)
       [3] scan_directory (res://addons/gdUnit4/src/core/GdUnitTestSuiteScanner.gd:69)
       [4] scan (res://addons/gdUnit4/src/core/GdUnitTestSuiteScanner.gd:54)
       [5] discover_tests (res://addons/gdUnit4/src/core/runners/GdUnitTestCIRunner.gd:407)
       [6] init_gd_unit (res://addons/gdUnit4/src/core/runners/GdUnitTestCIRunner.gd:382)
       [7] init_runner (res://addons/gdUnit4/src/core/runners/GdUnitTestCIRunner.gd:117)
       [8] _process (res://addons/gdUnit4/src/core/runners/GdUnitTestSessionRunner.gd:120)
SCRIPT ERROR: Parse Error: The method "capsule_box_depth()" is not present on the inferred type "GDScript" (but may be present on a subtype). (Warning treated as error.)
   at: GDScript::reload (res://tests/net/gate_metrics_test.gd:39)
   GDScript backtrace (most recent call first):
       [0] load_with_disabled_warnings (res://addons/gdUnit4/src/core/GdUnitTestSuiteScanner.gd:225)
       [1] _load_is_test_suite (res://addons/gdUnit4/src/core/GdUnitTestSuiteScanner.gd:129)
       [2] _scan_test_suites_scripts (res://addons/gdUnit4/src/core/GdUnitTestSuiteScanner.gd:95)
       [3] scan_directory (res://addons/gdUnit4/src/core/GdUnitTestSuiteScanner.gd:69)
       [4] scan (res://addons/gdUnit4/src/core/GdUnitTestSuiteScanner.gd:54)
       [5] discover_tests (res://addons/gdUnit4/src/core/runners/GdUnitTestCIRunner.gd:407)
       [6] init_gd_unit (res://addons/gdUnit4/src/core/runners/GdUnitTestCIRunner.gd:382)
       [7] init_runner (res://addons/gdUnit4/src/core/runners/GdUnitTestCIRunner.gd:117)
       [8] _process (res://addons/gdUnit4/src/core/runners/GdUnitTestSessionRunner.gd:120)
SCRIPT ERROR: Parse Error: The method "box_box_depth()" is not present on the inferred type "GDScript" (but may be present on a subtype). (Warning treated as error.)
   at: GDScript::reload (res://tests/net/gate_metrics_test.gd:41)
   GDScript backtrace (most recent call first):
       [0] load_with_disabled_warnings (res://addons/gdUnit4/src/core/GdUnitTestSuiteScanner.gd:225)
       [1] _load_is_test_suite (res://addons/gdUnit4/src/core/GdUnitTestSuiteScanner.gd:129)
       [2] _scan_test_suites_scripts (res://addons/gdUnit4/src/core/GdUnitTestSuiteScanner.gd:95)
       [3] scan_directory (res://addons/gdUnit4/src/core/GdUnitTestSuiteScanner.gd:69)
       [4] scan (res://addons/gdUnit4/src/core/GdUnitTestSuiteScanner.gd:54)
       [5] discover_tests (res://addons/gdUnit4/src/core/runners/GdUnitTestCIRunner.gd:407)
       [6] init_gd_unit (res://addons/gdUnit4/src/core/runners/GdUnitTestCIRunner.gd:382)
       [7] init_runner (res://addons/gdUnit4/src/core/runners/GdUnitTestCIRunner.gd:117)
       [8] _process (res://addons/gdUnit4/src/core/runners/GdUnitTestSessionRunner.gd:120)
SCRIPT ERROR: Parse Error: The method "box_box_depth()" is not present on the inferred type "GDScript" (but may be present on a subtype). (Warning treated as error.)
   at: GDScript::reload (res://tests/net/gate_metrics_test.gd:44)
   GDScript backtrace (most recent call first):
       [0] load_with_disabled_warnings (res://addons/gdUnit4/src/core/GdUnitTestSuiteScanner.gd:225)
       [1] _load_is_test_suite (res://addons/gdUnit4/src/core/GdUnitTestSuiteScanner.gd:129)
       [2] _scan_test_suites_scripts (res://addons/gdUnit4/src/core/GdUnitTestSuiteScanner.gd:95)
       [3] scan_directory (res://addons/gdUnit4/src/core/GdUnitTestSuiteScanner.gd:69)
       [4] scan (res://addons/gdUnit4/src/core/GdUnitTestSuiteScanner.gd:54)
       [5] discover_tests (res://addons/gdUnit4/src/core/runners/GdUnitTestCIRunner.gd:407)
       [6] init_gd_unit (res://addons/gdUnit4/src/core/runners/GdUnitTestCIRunner.gd:382)
       [7] init_runner (res://addons/gdUnit4/src/core/runners/GdUnitTestCIRunner.gd:117)
       [8] _process (res://addons/gdUnit4/src/core/runners/GdUnitTestSessionRunner.gd:120)
SCRIPT ERROR: Parse Error: The argument 1 of the constructor "float()" requires the subtype "float", "bool", or "int" but the supertype "Variant" was provided. (Warning treated as error.)
   at: GDScript::reload (res://tests/net/gate_metrics_test.gd:66)
   GDScript backtrace (most recent call first):
       [0] load_with_disabled_warnings (res://addons/gdUnit4/src/core/GdUnitTestSuiteScanner.gd:225)
       [1] _load_is_test_suite (res://addons/gdUnit4/src/core/GdUnitTestSuiteScanner.gd:129)
       [2] _scan_test_suites_scripts (res://addons/gdUnit4/src/core/GdUnitTestSuiteScanner.gd:95)
       [3] scan_directory (res://addons/gdUnit4/src/core/GdUnitTestSuiteScanner.gd:69)
       [4] scan (res://addons/gdUnit4/src/core/GdUnitTestSuiteScanner.gd:54)
       [5] discover_tests (res://addons/gdUnit4/src/core/runners/GdUnitTestCIRunner.gd:407)
       [6] init_gd_unit (res://addons/gdUnit4/src/core/runners/GdUnitTestCIRunner.gd:382)
       [7] init_runner (res://addons/gdUnit4/src/core/runners/GdUnitTestCIRunner.gd:117)
       [8] _process (res://addons/gdUnit4/src/core/runners/GdUnitTestSessionRunner.gd:120)
SCRIPT ERROR: Parse Error: The argument 1 of the constructor "float()" requires the subtype "float", "bool", or "int" but the supertype "Variant" was provided. (Warning treated as error.)
   at: GDScript::reload (res://tests/net/gate_metrics_test.gd:69)
   GDScript backtrace (most recent call first):
       [0] load_with_disabled_warnings (res://addons/gdUnit4/src/core/GdUnitTestSuiteScanner.gd:225)
       [1] _load_is_test_suite (res://addons/gdUnit4/src/core/GdUnitTestSuiteScanner.gd:129)
       [2] _scan_test_suites_scripts (res://addons/gdUnit4/src/core/GdUnitTestSuiteScanner.gd:95)
       [3] scan_directory (res://addons/gdUnit4/src/core/GdUnitTestSuiteScanner.gd:69)
       [4] scan (res://addons/gdUnit4/src/core/GdUnitTestSuiteScanner.gd:54)
       [5] discover_tests (res://addons/gdUnit4/src/core/runners/GdUnitTestCIRunner.gd:407)
       [6] init_gd_unit (res://addons/gdUnit4/src/core/runners/GdUnitTestCIRunner.gd:382)
       [7] init_runner (res://addons/gdUnit4/src/core/runners/GdUnitTestCIRunner.gd:117)
       [8] _process (res://addons/gdUnit4/src/core/runners/GdUnitTestSessionRunner.gd:120)
SCRIPT ERROR: Parse Error: The argument 1 of the constructor "float()" requires the subtype "float", "bool", or "int" but the supertype "Variant" was provided. (Warning treated as error.)
   at: GDScript::reload (res://tests/net/gate_metrics_test.gd:72)
   GDScript backtrace (most recent call first):
       [0] load_with_disabled_warnings (res://addons/gdUnit4/src/core/GdUnitTestSuiteScanner.gd:225)
       [1] _load_is_test_suite (res://addons/gdUnit4/src/core/GdUnitTestSuiteScanner.gd:129)
       [2] _scan_test_suites_scripts (res://addons/gdUnit4/src/core/GdUnitTestSuiteScanner.gd:95)
       [3] scan_directory (res://addons/gdUnit4/src/core/GdUnitTestSuiteScanner.gd:69)
       [4] scan (res://addons/gdUnit4/src/core/GdUnitTestSuiteScanner.gd:54)
       [5] discover_tests (res://addons/gdUnit4/src/core/runners/GdUnitTestCIRunner.gd:407)
       [6] init_gd_unit (res://addons/gdUnit4/src/core/runners/GdUnitTestCIRunner.gd:382)
       [7] init_runner (res://addons/gdUnit4/src/core/runners/GdUnitTestCIRunner.gd:117)
       [8] _process (res://addons/gdUnit4/src/core/runners/GdUnitTestSessionRunner.gd:120)
SCRIPT ERROR: Parse Error: The method "penetration_step()" is not present on the inferred type "GDScript" (but may be present on a subtype). (Warning treated as error.)
   at: GDScript::reload (res://tests/net/gate_metrics_test.gd:79)
   GDScript backtrace (most recent call first):
       [0] load_with_disabled_warnings (res://addons/gdUnit4/src/core/GdUnitTestSuiteScanner.gd:225)
       [1] _load_is_test_suite (res://addons/gdUnit4/src/core/GdUnitTestSuiteScanner.gd:129)
       [2] _scan_test_suites_scripts (res://addons/gdUnit4/src/core/GdUnitTestSuiteScanner.gd:95)
       [3] scan_directory (res://addons/gdUnit4/src/core/GdUnitTestSuiteScanner.gd:69)
       [4] scan (res://addons/gdUnit4/src/core/GdUnitTestSuiteScanner.gd:54)
       [5] discover_tests (res://addons/gdUnit4/src/core/runners/GdUnitTestCIRunner.gd:407)
       [6] init_gd_unit (res://addons/gdUnit4/src/core/runners/GdUnitTestCIRunner.gd:382)
       [7] init_runner (res://addons/gdUnit4/src/core/runners/GdUnitTestCIRunner.gd:117)
       [8] _process (res://addons/gdUnit4/src/core/runners/GdUnitTestSessionRunner.gd:120)
SCRIPT ERROR: Parse Error: The argument 1 of the constructor "int()" requires the subtype "int", "bool", or "float" but the supertype "Variant" was provided. (Warning treated as error.)
   at: GDScript::reload (res://tests/net/gate_metrics_test.gd:80)
   GDScript backtrace (most recent call first):
       [0] load_with_disabled_warnings (res://addons/gdUnit4/src/core/GdUnitTestSuiteScanner.gd:225)
       [1] _load_is_test_suite (res://addons/gdUnit4/src/core/GdUnitTestSuiteScanner.gd:129)
       [2] _scan_test_suites_scripts (res://addons/gdUnit4/src/core/GdUnitTestSuiteScanner.gd:95)
       [3] scan_directory (res://addons/gdUnit4/src/core/GdUnitTestSuiteScanner.gd:69)
       [4] scan (res://addons/gdUnit4/src/core/GdUnitTestSuiteScanner.gd:54)
       [5] discover_tests (res://addons/gdUnit4/src/core/runners/GdUnitTestCIRunner.gd:407)
       [6] init_gd_unit (res://addons/gdUnit4/src/core/runners/GdUnitTestCIRunner.gd:382)
       [7] init_runner (res://addons/gdUnit4/src/core/runners/GdUnitTestCIRunner.gd:117)
       [8] _process (res://addons/gdUnit4/src/core/runners/GdUnitTestSessionRunner.gd:120)
SCRIPT ERROR: Parse Error: The argument 1 of the constructor "int()" requires the subtype "int", "bool", or "float" but the supertype "Variant" was provided. (Warning treated as error.)
   at: GDScript::reload (res://tests/net/gate_metrics_test.gd:81)
   GDScript backtrace (most recent call first):
       [0] load_with_disabled_warnings (res://addons/gdUnit4/src/core/GdUnitTestSuiteScanner.gd:225)
       [1] _load_is_test_suite (res://addons/gdUnit4/src/core/GdUnitTestSuiteScanner.gd:129)
       [2] _scan_test_suites_scripts (res://addons/gdUnit4/src/core/GdUnitTestSuiteScanner.gd:95)
       [3] scan_directory (res://addons/gdUnit4/src/core/GdUnitTestSuiteScanner.gd:69)
       [4] scan (res://addons/gdUnit4/src/core/GdUnitTestSuiteScanner.gd:54)
       [5] discover_tests (res://addons/gdUnit4/src/core/runners/GdUnitTestCIRunner.gd:407)
       [6] init_gd_unit (res://addons/gdUnit4/src/core/runners/GdUnitTestCIRunner.gd:382)
       [7] init_runner (res://addons/gdUnit4/src/core/runners/GdUnitTestCIRunner.gd:117)
       [8] _process (res://addons/gdUnit4/src/core/runners/GdUnitTestSessionRunner.gd:120)
SCRIPT ERROR: Parse Error: The argument 1 of the constructor "int()" requires the subtype "int", "bool", or "float" but the supertype "Variant" was provided. (Warning treated as error.)
   at: GDScript::reload (res://tests/net/gate_metrics_test.gd:82)
   GDScript backtrace (most recent call first):
       [0] load_with_disabled_warnings (res://addons/gdUnit4/src/core/GdUnitTestSuiteScanner.gd:225)
       [1] _load_is_test_suite (res://addons/gdUnit4/src/core/GdUnitTestSuiteScanner.gd:129)
       [2] _scan_test_suites_scripts (res://addons/gdUnit4/src/core/GdUnitTestSuiteScanner.gd:95)
       [3] scan_directory (res://addons/gdUnit4/src/core/GdUnitTestSuiteScanner.gd:69)
       [4] scan (res://addons/gdUnit4/src/core/GdUnitTestSuiteScanner.gd:54)
       [5] discover_tests (res://addons/gdUnit4/src/core/runners/GdUnitTestCIRunner.gd:407)
       [6] init_gd_unit (res://addons/gdUnit4/src/core/runners/GdUnitTestCIRunner.gd:382)
       [7] init_runner (res://addons/gdUnit4/src/core/runners/GdUnitTestCIRunner.gd:117)
       [8] _process (res://addons/gdUnit4/src/core/runners/GdUnitTestSessionRunner.gd:120)
SCRIPT ERROR: Parse Error: The argument 1 of the constructor "float()" requires the subtype "float", "bool", or "int" but the supertype "Variant" was provided. (Warning treated as error.)
   at: GDScript::reload (res://tests/net/gate_metrics_test.gd:83)
   GDScript backtrace (most recent call first):
       [0] load_with_disabled_warnings (res://addons/gdUnit4/src/core/GdUnitTestSuiteScanner.gd:225)
       [1] _load_is_test_suite (res://addons/gdUnit4/src/core/GdUnitTestSuiteScanner.gd:129)
       [2] _scan_test_suites_scripts (res://addons/gdUnit4/src/core/GdUnitTestSuiteScanner.gd:95)
       [3] scan_directory (res://addons/gdUnit4/src/core/GdUnitTestSuiteScanner.gd:69)
       [4] scan (res://addons/gdUnit4/src/core/GdUnitTestSuiteScanner.gd:54)
       [5] discover_tests (res://addons/gdUnit4/src/core/runners/GdUnitTestCIRunner.gd:407)
       [6] init_gd_unit (res://addons/gdUnit4/src/core/runners/GdUnitTestCIRunner.gd:382)
       [7] init_runner (res://addons/gdUnit4/src/core/runners/GdUnitTestCIRunner.gd:117)
       [8] _process (res://addons/gdUnit4/src/core/runners/GdUnitTestSessionRunner.gd:120)
SCRIPT ERROR: Parse Error: The method "judge()" is not present on the inferred type "GDScript" (but may be present on a subtype). (Warning treated as error.)
   at: GDScript::reload (res://tests/net/gate_metrics_test.gd:91)
   GDScript backtrace (most recent call first):
       [0] load_with_disabled_warnings (res://addons/gdUnit4/src/core/GdUnitTestSuiteScanner.gd:225)
       [1] _load_is_test_suite (res://addons/gdUnit4/src/core/GdUnitTestSuiteScanner.gd:129)
       [2] _scan_test_suites_scripts (res://addons/gdUnit4/src/core/GdUnitTestSuiteScanner.gd:95)
       [3] scan_directory (res://addons/gdUnit4/src/core/GdUnitTestSuiteScanner.gd:69)
       [4] scan (res://addons/gdUnit4/src/core/GdUnitTestSuiteScanner.gd:54)
       [5] discover_tests (res://addons/gdUnit4/src/core/runners/GdUnitTestCIRunner.gd:407)
       [6] init_gd_unit (res://addons/gdUnit4/src/core/runners/GdUnitTestCIRunner.gd:382)
       [7] init_runner (res://addons/gdUnit4/src/core/runners/GdUnitTestCIRunner.gd:117)
       [8] _process (res://addons/gdUnit4/src/core/runners/GdUnitTestSessionRunner.gd:120)
SCRIPT ERROR: Parse Error: The method "judge()" is not present on the inferred type "GDScript" (but may be present on a subtype). (Warning treated as error.)
   at: GDScript::reload (res://tests/net/gate_metrics_test.gd:94)
   GDScript backtrace (most recent call first):
       [0] load_with_disabled_warnings (res://addons/gdUnit4/src/core/GdUnitTestSuiteScanner.gd:225)
       [1] _load_is_test_suite (res://addons/gdUnit4/src/core/GdUnitTestSuiteScanner.gd:129)
       [2] _scan_test_suites_scripts (res://addons/gdUnit4/src/core/GdUnitTestSuiteScanner.gd:95)
       [3] scan_directory (res://addons/gdUnit4/src/core/GdUnitTestSuiteScanner.gd:69)
       [4] scan (res://addons/gdUnit4/src/core/GdUnitTestSuiteScanner.gd:54)
       [5] discover_tests (res://addons/gdUnit4/src/core/runners/GdUnitTestCIRunner.gd:407)
       [6] init_gd_unit (res://addons/gdUnit4/src/core/runners/GdUnitTestCIRunner.gd:382)
       [7] init_runner (res://addons/gdUnit4/src/core/runners/GdUnitTestCIRunner.gd:117)
       [8] _process (res://addons/gdUnit4/src/core/runners/GdUnitTestSessionRunner.gd:120)
SCRIPT ERROR: Parse Error: The method "judge()" is not present on the inferred type "GDScript" (but may be present on a subtype). (Warning treated as error.)
   at: GDScript::reload (res://tests/net/gate_metrics_test.gd:97)
   GDScript backtrace (most recent call first):
       [0] load_with_disabled_warnings (res://addons/gdUnit4/src/core/GdUnitTestSuiteScanner.gd:225)
       [1] _load_is_test_suite (res://addons/gdUnit4/src/core/GdUnitTestSuiteScanner.gd:129)
       [2] _scan_test_suites_scripts (res://addons/gdUnit4/src/core/GdUnitTestSuiteScanner.gd:95)
       [3] scan_directory (res://addons/gdUnit4/src/core/GdUnitTestSuiteScanner.gd:69)
       [4] scan (res://addons/gdUnit4/src/core/GdUnitTestSuiteScanner.gd:54)
       [5] discover_tests (res://addons/gdUnit4/src/core/runners/GdUnitTestCIRunner.gd:407)
       [6] init_gd_unit (res://addons/gdUnit4/src/core/runners/GdUnitTestCIRunner.gd:382)
       [7] init_runner (res://addons/gdUnit4/src/core/runners/GdUnitTestCIRunner.gd:117)
       [8] _process (res://addons/gdUnit4/src/core/runners/GdUnitTestSessionRunner.gd:120)
SCRIPT ERROR: Parse Error: The method "judge()" is not present on the inferred type "GDScript" (but may be present on a subtype). (Warning treated as error.)
   at: GDScript::reload (res://tests/net/gate_metrics_test.gd:104)
   GDScript backtrace (most recent call first):
       [0] load_with_disabled_warnings (res://addons/gdUnit4/src/core/GdUnitTestSuiteScanner.gd:225)
       [1] _load_is_test_suite (res://addons/gdUnit4/src/core/GdUnitTestSuiteScanner.gd:129)
       [2] _scan_test_suites_scripts (res://addons/gdUnit4/src/core/GdUnitTestSuiteScanner.gd:95)
       [3] scan_directory (res://addons/gdUnit4/src/core/GdUnitTestSuiteScanner.gd:69)
       [4] scan (res://addons/gdUnit4/src/core/GdUnitTestSuiteScanner.gd:54)
       [5] discover_tests (res://addons/gdUnit4/src/core/runners/GdUnitTestCIRunner.gd:407)
       [6] init_gd_unit (res://addons/gdUnit4/src/core/runners/GdUnitTestCIRunner.gd:382)
       [7] init_runner (res://addons/gdUnit4/src/core/runners/GdUnitTestCIRunner.gd:117)
       [8] _process (res://addons/gdUnit4/src/core/runners/GdUnitTestSessionRunner.gd:120)
SCRIPT ERROR: Parse Error: The method "judge()" is not present on the inferred type "GDScript" (but may be present on a subtype). (Warning treated as error.)
   at: GDScript::reload (res://tests/net/gate_metrics_test.gd:107)
   GDScript backtrace (most recent call first):
       [0] load_with_disabled_warnings (res://addons/gdUnit4/src/core/GdUnitTestSuiteScanner.gd:225)
       [1] _load_is_test_suite (res://addons/gdUnit4/src/core/GdUnitTestSuiteScanner.gd:129)
       [2] _scan_test_suites_scripts (res://addons/gdUnit4/src/core/GdUnitTestSuiteScanner.gd:95)
       [3] scan_directory (res://addons/gdUnit4/src/core/GdUnitTestSuiteScanner.gd:69)
       [4] scan (res://addons/gdUnit4/src/core/GdUnitTestSuiteScanner.gd:54)
       [5] discover_tests (res://addons/gdUnit4/src/core/runners/GdUnitTestCIRunner.gd:407)
       [6] init_gd_unit (res://addons/gdUnit4/src/core/runners/GdUnitTestCIRunner.gd:382)
       [7] init_runner (res://addons/gdUnit4/src/core/runners/GdUnitTestCIRunner.gd:117)
       [8] _process (res://addons/gdUnit4/src/core/runners/GdUnitTestSessionRunner.gd:120)
SCRIPT ERROR: Parse Error: The method "judge()" is not present on the inferred type "GDScript" (but may be present on a subtype). (Warning treated as error.)
   at: GDScript::reload (res://tests/net/gate_metrics_test.gd:110)
   GDScript backtrace (most recent call first):
       [0] load_with_disabled_warnings (res://addons/gdUnit4/src/core/GdUnitTestSuiteScanner.gd:225)
       [1] _load_is_test_suite (res://addons/gdUnit4/src/core/GdUnitTestSuiteScanner.gd:129)
       [2] _scan_test_suites_scripts (res://addons/gdUnit4/src/core/GdUnitTestSuiteScanner.gd:95)
       [3] scan_directory (res://addons/gdUnit4/src/core/GdUnitTestSuiteScanner.gd:69)
       [4] scan (res://addons/gdUnit4/src/core/GdUnitTestSuiteScanner.gd:54)
       [5] discover_tests (res://addons/gdUnit4/src/core/runners/GdUnitTestCIRunner.gd:407)
       [6] init_gd_unit (res://addons/gdUnit4/src/core/runners/GdUnitTestCIRunner.gd:382)
       [7] init_runner (res://addons/gdUnit4/src/core/runners/GdUnitTestCIRunner.gd:117)
       [8] _process (res://addons/gdUnit4/src/core/runners/GdUnitTestSessionRunner.gd:120)
SCRIPT ERROR: Parse Error: The method "judge()" is not present on the inferred type "GDScript" (but may be present on a subtype). (Warning treated as error.)
   at: GDScript::reload (res://tests/net/gate_metrics_test.gd:113)
   GDScript backtrace (most recent call first):
       [0] load_with_disabled_warnings (res://addons/gdUnit4/src/core/GdUnitTestSuiteScanner.gd:225)
       [1] _load_is_test_suite (res://addons/gdUnit4/src/core/GdUnitTestSuiteScanner.gd:129)
       [2] _scan_test_suites_scripts (res://addons/gdUnit4/src/core/GdUnitTestSuiteScanner.gd:95)
       [3] scan_directory (res://addons/gdUnit4/src/core/GdUnitTestSuiteScanner.gd:69)
       [4] scan (res://addons/gdUnit4/src/core/GdUnitTestSuiteScanner.gd:54)
       [5] discover_tests (res://addons/gdUnit4/src/core/runners/GdUnitTestCIRunner.gd:407)
       [6] init_gd_unit (res://addons/gdUnit4/src/core/runners/GdUnitTestCIRunner.gd:382)
       [7] init_runner (res://addons/gdUnit4/src/core/runners/GdUnitTestCIRunner.gd:117)
       [8] _process (res://addons/gdUnit4/src/core/runners/GdUnitTestSessionRunner.gd:120)
SCRIPT ERROR: Parse Error: The argument 1 of the constructor "bool()" requires the subtype "bool", "int", or "float" but the supertype "Variant" was provided. (Warning treated as error.)
   at: GDScript::reload (res://tests/net/gate_metrics_test.gd:115)
   GDScript backtrace (most recent call first):
       [0] load_with_disabled_warnings (res://addons/gdUnit4/src/core/GdUnitTestSuiteScanner.gd:225)
       [1] _load_is_test_suite (res://addons/gdUnit4/src/core/GdUnitTestSuiteScanner.gd:129)
       [2] _scan_test_suites_scripts (res://addons/gdUnit4/src/core/GdUnitTestSuiteScanner.gd:95)
       [3] scan_directory (res://addons/gdUnit4/src/core/GdUnitTestSuiteScanner.gd:69)
       [4] scan (res://addons/gdUnit4/src/core/GdUnitTestSuiteScanner.gd:54)
       [5] discover_tests (res://addons/gdUnit4/src/core/runners/GdUnitTestCIRunner.gd:407)
       [6] init_gd_unit (res://addons/gdUnit4/src/core/runners/GdUnitTestCIRunner.gd:382)
       [7] init_runner (res://addons/gdUnit4/src/core/runners/GdUnitTestCIRunner.gd:117)
       [8] _process (res://addons/gdUnit4/src/core/runners/GdUnitTestSessionRunner.gd:120)
SCRIPT ERROR: Parse Error: The argument 1 of the constructor "bool()" requires the subtype "bool", "int", or "float" but the supertype "Variant" was provided. (Warning treated as error.)
   at: GDScript::reload (res://tests/net/gate_metrics_test.gd:116)
   GDScript backtrace (most recent call first):
       [0] load_with_disabled_warnings (res://addons/gdUnit4/src/core/GdUnitTestSuiteScanner.gd:225)
       [1] _load_is_test_suite (res://addons/gdUnit4/src/core/GdUnitTestSuiteScanner.gd:129)
       [2] _scan_test_suites_scripts (res://addons/gdUnit4/src/core/GdUnitTestSuiteScanner.gd:95)
       [3] scan_directory (res://addons/gdUnit4/src/core/GdUnitTestSuiteScanner.gd:69)
       [4] scan (res://addons/gdUnit4/src/core/GdUnitTestSuiteScanner.gd:54)
       [5] discover_tests (res://addons/gdUnit4/src/core/runners/GdUnitTestCIRunner.gd:407)
       [6] init_gd_unit (res://addons/gdUnit4/src/core/runners/GdUnitTestCIRunner.gd:382)
       [7] init_runner (res://addons/gdUnit4/src/core/runners/GdUnitTestCIRunner.gd:117)
       [8] _process (res://addons/gdUnit4/src/core/runners/GdUnitTestSessionRunner.gd:120)
SCRIPT ERROR: Parse Error: The method "compare_traces()" is not present on the inferred type "GDScript" (but may be present on a subtype). (Warning treated as error.)
   at: GDScript::reload (res://tests/net/gate_metrics_test.gd:123)
   GDScript backtrace (most recent call first):
       [0] load_with_disabled_warnings (res://addons/gdUnit4/src/core/GdUnitTestSuiteScanner.gd:225)
       [1] _load_is_test_suite (res://addons/gdUnit4/src/core/GdUnitTestSuiteScanner.gd:129)
       [2] _scan_test_suites_scripts (res://addons/gdUnit4/src/core/GdUnitTestSuiteScanner.gd:95)
       [3] scan_directory (res://addons/gdUnit4/src/core/GdUnitTestSuiteScanner.gd:69)
       [4] scan (res://addons/gdUnit4/src/core/GdUnitTestSuiteScanner.gd:54)
       [5] discover_tests (res://addons/gdUnit4/src/core/runners/GdUnitTestCIRunner.gd:407)
       [6] init_gd_unit (res://addons/gdUnit4/src/core/runners/GdUnitTestCIRunner.gd:382)
       [7] init_runner (res://addons/gdUnit4/src/core/runners/GdUnitTestCIRunner.gd:117)
       [8] _process (res://addons/gdUnit4/src/core/runners/GdUnitTestSessionRunner.gd:120)
SCRIPT ERROR: Parse Error: The argument 1 of the constructor "int()" requires the subtype "int", "bool", or "float" but the supertype "Variant" was provided. (Warning treated as error.)
   at: GDScript::reload (res://tests/net/gate_metrics_test.gd:125)
   GDScript backtrace (most recent call first):
       [0] load_with_disabled_warnings (res://addons/gdUnit4/src/core/GdUnitTestSuiteScanner.gd:225)
       [1] _load_is_test_suite (res://addons/gdUnit4/src/core/GdUnitTestSuiteScanner.gd:129)
       [2] _scan_test_suites_scripts (res://addons/gdUnit4/src/core/GdUnitTestSuiteScanner.gd:95)
       [3] scan_directory (res://addons/gdUnit4/src/core/GdUnitTestSuiteScanner.gd:69)
       [4] scan (res://addons/gdUnit4/src/core/GdUnitTestSuiteScanner.gd:54)
       [5] discover_tests (res://addons/gdUnit4/src/core/runners/GdUnitTestCIRunner.gd:407)
       [6] init_gd_unit (res://addons/gdUnit4/src/core/runners/GdUnitTestCIRunner.gd:382)
       [7] init_runner (res://addons/gdUnit4/src/core/runners/GdUnitTestCIRunner.gd:117)
       [8] _process (res://addons/gdUnit4/src/core/runners/GdUnitTestSessionRunner.gd:120)
SCRIPT ERROR: Parse Error: The argument 1 of the constructor "int()" requires the subtype "int", "bool", or "float" but the supertype "Variant" was provided. (Warning treated as error.)
   at: GDScript::reload (res://tests/net/gate_metrics_test.gd:126)
   GDScript backtrace (most recent call first):
       [0] load_with_disabled_warnings (res://addons/gdUnit4/src/core/GdUnitTestSuiteScanner.gd:225)
       [1] _load_is_test_suite (res://addons/gdUnit4/src/core/GdUnitTestSuiteScanner.gd:129)
       [2] _scan_test_suites_scripts (res://addons/gdUnit4/src/core/GdUnitTestSuiteScanner.gd:95)
       [3] scan_directory (res://addons/gdUnit4/src/core/GdUnitTestSuiteScanner.gd:69)
       [4] scan (res://addons/gdUnit4/src/core/GdUnitTestSuiteScanner.gd:54)
       [5] discover_tests (res://addons/gdUnit4/src/core/runners/GdUnitTestCIRunner.gd:407)
       [6] init_gd_unit (res://addons/gdUnit4/src/core/runners/GdUnitTestCIRunner.gd:382)
       [7] init_runner (res://addons/gdUnit4/src/core/runners/GdUnitTestCIRunner.gd:117)
       [8] _process (res://addons/gdUnit4/src/core/runners/GdUnitTestSessionRunner.gd:120)
SCRIPT ERROR: Parse Error: The argument 1 of the constructor "float()" requires the subtype "float", "bool", or "int" but the supertype "Variant" was provided. (Warning treated as error.)
   at: GDScript::reload (res://tests/net/gate_metrics_test.gd:127)
   GDScript backtrace (most recent call first):
       [0] load_with_disabled_warnings (res://addons/gdUnit4/src/core/GdUnitTestSuiteScanner.gd:225)
       [1] _load_is_test_suite (res://addons/gdUnit4/src/core/GdUnitTestSuiteScanner.gd:129)
       [2] _scan_test_suites_scripts (res://addons/gdUnit4/src/core/GdUnitTestSuiteScanner.gd:95)
       [3] scan_directory (res://addons/gdUnit4/src/core/GdUnitTestSuiteScanner.gd:69)
       [4] scan (res://addons/gdUnit4/src/core/GdUnitTestSuiteScanner.gd:54)
       [5] discover_tests (res://addons/gdUnit4/src/core/runners/GdUnitTestCIRunner.gd:407)
       [6] init_gd_unit (res://addons/gdUnit4/src/core/runners/GdUnitTestCIRunner.gd:382)
       [7] init_runner (res://addons/gdUnit4/src/core/runners/GdUnitTestCIRunner.gd:117)
       [8] _process (res://addons/gdUnit4/src/core/runners/GdUnitTestSessionRunner.gd:120)
SCRIPT ERROR: Parse Error: The argument 1 of the constructor "float()" requires the subtype "float", "bool", or "int" but the supertype "Variant" was provided. (Warning treated as error.)
   at: GDScript::reload (res://tests/net/gate_metrics_test.gd:128)
   GDScript backtrace (most recent call first):
       [0] load_with_disabled_warnings (res://addons/gdUnit4/src/core/GdUnitTestSuiteScanner.gd:225)
       [1] _load_is_test_suite (res://addons/gdUnit4/src/core/GdUnitTestSuiteScanner.gd:129)
       [2] _scan_test_suites_scripts (res://addons/gdUnit4/src/core/GdUnitTestSuiteScanner.gd:95)
       [3] scan_directory (res://addons/gdUnit4/src/core/GdUnitTestSuiteScanner.gd:69)
       [4] scan (res://addons/gdUnit4/src/core/GdUnitTestSuiteScanner.gd:54)
       [5] discover_tests (res://addons/gdUnit4/src/core/runners/GdUnitTestCIRunner.gd:407)
       [6] init_gd_unit (res://addons/gdUnit4/src/core/runners/GdUnitTestCIRunner.gd:382)
       [7] init_runner (res://addons/gdUnit4/src/core/runners/GdUnitTestCIRunner.gd:117)
       [8] _process (res://addons/gdUnit4/src/core/runners/GdUnitTestSessionRunner.gd:120)
SCRIPT ERROR: Parse Error: The method "compare_traces()" is not present on the inferred type "GDScript" (but may be present on a subtype). (Warning treated as error.)
   at: GDScript::reload (res://tests/net/gate_metrics_test.gd:136)
   GDScript backtrace (most recent call first):
       [0] load_with_disabled_warnings (res://addons/gdUnit4/src/core/GdUnitTestSuiteScanner.gd:225)
       [1] _load_is_test_suite (res://addons/gdUnit4/src/core/GdUnitTestSuiteScanner.gd:129)
       [2] _scan_test_suites_scripts (res://addons/gdUnit4/src/core/GdUnitTestSuiteScanner.gd:95)
       [3] scan_directory (res://addons/gdUnit4/src/core/GdUnitTestSuiteScanner.gd:69)
       [4] scan (res://addons/gdUnit4/src/core/GdUnitTestSuiteScanner.gd:54)
       [5] discover_tests (res://addons/gdUnit4/src/core/runners/GdUnitTestCIRunner.gd:407)
       [6] init_gd_unit (res://addons/gdUnit4/src/core/runners/GdUnitTestCIRunner.gd:382)
       [7] init_runner (res://addons/gdUnit4/src/core/runners/GdUnitTestCIRunner.gd:117)
       [8] _process (res://addons/gdUnit4/src/core/runners/GdUnitTestSessionRunner.gd:120)
SCRIPT ERROR: Parse Error: The argument 1 of the constructor "int()" requires the subtype "int", "bool", or "float" but the supertype "Variant" was provided. (Warning treated as error.)
   at: GDScript::reload (res://tests/net/gate_metrics_test.gd:138)
   GDScript backtrace (most recent call first):
       [0] load_with_disabled_warnings (res://addons/gdUnit4/src/core/GdUnitTestSuiteScanner.gd:225)
       [1] _load_is_test_suite (res://addons/gdUnit4/src/core/GdUnitTestSuiteScanner.gd:129)
       [2] _scan_test_suites_scripts (res://addons/gdUnit4/src/core/GdUnitTestSuiteScanner.gd:95)
       [3] scan_directory (res://addons/gdUnit4/src/core/GdUnitTestSuiteScanner.gd:69)
       [4] scan (res://addons/gdUnit4/src/core/GdUnitTestSuiteScanner.gd:54)
       [5] discover_tests (res://addons/gdUnit4/src/core/runners/GdUnitTestCIRunner.gd:407)
       [6] init_gd_unit (res://addons/gdUnit4/src/core/runners/GdUnitTestCIRunner.gd:382)
       [7] init_runner (res://addons/gdUnit4/src/core/runners/GdUnitTestCIRunner.gd:117)
       [8] _process (res://addons/gdUnit4/src/core/runners/GdUnitTestSessionRunner.gd:120)
SCRIPT ERROR: Parse Error: The argument 1 of the constructor "int()" requires the subtype "int", "bool", or "float" but the supertype "Variant" was provided. (Warning treated as error.)
   at: GDScript::reload (res://tests/net/gate_metrics_test.gd:139)
   GDScript backtrace (most recent call first):
       [0] load_with_disabled_warnings (res://addons/gdUnit4/src/core/GdUnitTestSuiteScanner.gd:225)
       [1] _load_is_test_suite (res://addons/gdUnit4/src/core/GdUnitTestSuiteScanner.gd:129)
       [2] _scan_test_suites_scripts (res://addons/gdUnit4/src/core/GdUnitTestSuiteScanner.gd:95)
       [3] scan_directory (res://addons/gdUnit4/src/core/GdUnitTestSuiteScanner.gd:69)
       [4] scan (res://addons/gdUnit4/src/core/GdUnitTestSuiteScanner.gd:54)
       [5] discover_tests (res://addons/gdUnit4/src/core/runners/GdUnitTestCIRunner.gd:407)
       [6] init_gd_unit (res://addons/gdUnit4/src/core/runners/GdUnitTestCIRunner.gd:382)
       [7] init_runner (res://addons/gdUnit4/src/core/runners/GdUnitTestCIRunner.gd:117)
       [8] _process (res://addons/gdUnit4/src/core/runners/GdUnitTestSessionRunner.gd:120)
SCRIPT ERROR: Parse Error: The argument 1 of the constructor "bool()" requires the subtype "bool", "int", or "float" but the supertype "Variant" was provided. (Warning treated as error.)
   at: GDScript::reload (res://tests/net/gate_metrics_test.gd:142)
   GDScript backtrace (most recent call first):
       [0] load_with_disabled_warnings (res://addons/gdUnit4/src/core/GdUnitTestSuiteScanner.gd:225)
       [1] _load_is_test_suite (res://addons/gdUnit4/src/core/GdUnitTestSuiteScanner.gd:129)
       [2] _scan_test_suites_scripts (res://addons/gdUnit4/src/core/GdUnitTestSuiteScanner.gd:95)
       [3] scan_directory (res://addons/gdUnit4/src/core/GdUnitTestSuiteScanner.gd:69)
       [4] scan (res://addons/gdUnit4/src/core/GdUnitTestSuiteScanner.gd:54)
       [5] discover_tests (res://addons/gdUnit4/src/core/runners/GdUnitTestCIRunner.gd:407)
       [6] init_gd_unit (res://addons/gdUnit4/src/core/runners/GdUnitTestCIRunner.gd:382)
       [7] init_runner (res://addons/gdUnit4/src/core/runners/GdUnitTestCIRunner.gd:117)
       [8] _process (res://addons/gdUnit4/src/core/runners/GdUnitTestSessionRunner.gd:120)
SCRIPT ERROR: Parse Error: The argument 1 of the constructor "float()" requires the subtype "float", "bool", or "int" but the supertype "Variant" was provided. (Warning treated as error.)
   at: GDScript::reload (res://tests/net/gate_metrics_test.gd:174)
   GDScript backtrace (most recent call first):
       [0] load_with_disabled_warnings (res://addons/gdUnit4/src/core/GdUnitTestSuiteScanner.gd:225)
       [1] _load_is_test_suite (res://addons/gdUnit4/src/core/GdUnitTestSuiteScanner.gd:129)
       [2] _scan_test_suites_scripts (res://addons/gdUnit4/src/core/GdUnitTestSuiteScanner.gd:95)
       [3] scan_directory (res://addons/gdUnit4/src/core/GdUnitTestSuiteScanner.gd:69)
       [4] scan (res://addons/gdUnit4/src/core/GdUnitTestSuiteScanner.gd:54)
       [5] discover_tests (res://addons/gdUnit4/src/core/runners/GdUnitTestCIRunner.gd:407)
       [6] init_gd_unit (res://addons/gdUnit4/src/core/runners/GdUnitTestCIRunner.gd:382)
       [7] init_runner (res://addons/gdUnit4/src/core/runners/GdUnitTestCIRunner.gd:117)
       [8] _process (res://addons/gdUnit4/src/core/runners/GdUnitTestSessionRunner.gd:120)
SCRIPT ERROR: Parse Error: The argument 1 of the constructor "float()" requires the subtype "float", "bool", or "int" but the supertype "Variant" was provided. (Warning treated as error.)
   at: GDScript::reload (res://tests/net/gate_metrics_test.gd:175)
   GDScript backtrace (most recent call first):
       [0] load_with_disabled_warnings (res://addons/gdUnit4/src/core/GdUnitTestSuiteScanner.gd:225)
       [1] _load_is_test_suite (res://addons/gdUnit4/src/core/GdUnitTestSuiteScanner.gd:129)
       [2] _scan_test_suites_scripts (res://addons/gdUnit4/src/core/GdUnitTestSuiteScanner.gd:95)
       [3] scan_directory (res://addons/gdUnit4/src/core/GdUnitTestSuiteScanner.gd:69)
       [4] scan (res://addons/gdUnit4/src/core/GdUnitTestSuiteScanner.gd:54)
       [5] discover_tests (res://addons/gdUnit4/src/core/runners/GdUnitTestCIRunner.gd:407)
       [6] init_gd_unit (res://addons/gdUnit4/src/core/runners/GdUnitTestCIRunner.gd:382)
       [7] init_runner (res://addons/gdUnit4/src/core/runners/GdUnitTestCIRunner.gd:117)
       [8] _process (res://addons/gdUnit4/src/core/runners/GdUnitTestSessionRunner.gd:120)
SCRIPT ERROR: Parse Error: The argument 1 of the constructor "int()" requires the subtype "int", "bool", or "float" but the supertype "Variant" was provided. (Warning treated as error.)
   at: GDScript::reload (res://tests/net/gate_metrics_test.gd:176)
   GDScript backtrace (most recent call first):
       [0] load_with_disabled_warnings (res://addons/gdUnit4/src/core/GdUnitTestSuiteScanner.gd:225)
       [1] _load_is_test_suite (res://addons/gdUnit4/src/core/GdUnitTestSuiteScanner.gd:129)
       [2] _scan_test_suites_scripts (res://addons/gdUnit4/src/core/GdUnitTestSuiteScanner.gd:95)
       [3] scan_directory (res://addons/gdUnit4/src/core/GdUnitTestSuiteScanner.gd:69)
       [4] scan (res://addons/gdUnit4/src/core/GdUnitTestSuiteScanner.gd:54)
       [5] discover_tests (res://addons/gdUnit4/src/core/runners/GdUnitTestCIRunner.gd:407)
       [6] init_gd_unit (res://addons/gdUnit4/src/core/runners/GdUnitTestCIRunner.gd:382)
       [7] init_runner (res://addons/gdUnit4/src/core/runners/GdUnitTestCIRunner.gd:117)
       [8] _process (res://addons/gdUnit4/src/core/runners/GdUnitTestSessionRunner.gd:120)
SCRIPT ERROR: Parse Error: The method "pose_sample()" is not present on the inferred type "GDScript" (but may be present on a subtype). (Warning treated as error.)
   at: GDScript::reload (res://tests/net/gate_metrics_test.gd:205)
   GDScript backtrace (most recent call first):
       [0] load_with_disabled_warnings (res://addons/gdUnit4/src/core/GdUnitTestSuiteScanner.gd:225)
       [1] _load_is_test_suite (res://addons/gdUnit4/src/core/GdUnitTestSuiteScanner.gd:129)
       [2] _scan_test_suites_scripts (res://addons/gdUnit4/src/core/GdUnitTestSuiteScanner.gd:95)
       [3] scan_directory (res://addons/gdUnit4/src/core/GdUnitTestSuiteScanner.gd:69)
       [4] scan (res://addons/gdUnit4/src/core/GdUnitTestSuiteScanner.gd:54)
       [5] discover_tests (res://addons/gdUnit4/src/core/runners/GdUnitTestCIRunner.gd:407)
       [6] init_gd_unit (res://addons/gdUnit4/src/core/runners/GdUnitTestCIRunner.gd:382)
       [7] init_runner (res://addons/gdUnit4/src/core/runners/GdUnitTestCIRunner.gd:117)
       [8] _process (res://addons/gdUnit4/src/core/runners/GdUnitTestSessionRunner.gd:120)
ERROR: Failed to load script "res://tests/net/gate_metrics_test.gd" with error "Parse error".
   at: load (modules/gdscript/gdscript_resource_format.cpp:46)
   GDScript backtrace (most recent call first):
       [0] load_with_disabled_warnings (res://addons/gdUnit4/src/core/GdUnitTestSuiteScanner.gd:225)
       [1] _load_is_test_suite (res://addons/gdUnit4/src/core/GdUnitTestSuiteScanner.gd:129)
       [2] _scan_test_suites_scripts (res://addons/gdUnit4/src/core/GdUnitTestSuiteScanner.gd:95)
       [3] scan_directory (res://addons/gdUnit4/src/core/GdUnitTestSuiteScanner.gd:69)
       [4] scan (res://addons/gdUnit4/src/core/GdUnitTestSuiteScanner.gd:54)
       [5] discover_tests (res://addons/gdUnit4/src/core/runners/GdUnitTestCIRunner.gd:407)
       [6] init_gd_unit (res://addons/gdUnit4/src/core/runners/GdUnitTestCIRunner.gd:382)
       [7] init_runner (res://addons/gdUnit4/src/core/runners/GdUnitTestCIRunner.gd:117)
       [8] _process (res://addons/gdUnit4/src/core/runners/GdUnitTestSessionRunner.gd:120)
Script errors were detected during test discovery!
  Parse Error: The property "restraint" is not present on the inferred type "Node" (but may be present on a subtype). (Warning treated as error.)
	at res://src/crew/crew_hands.gd:282
  Compile Error: Failed to compile depended scripts.
	at res://src/crew/crew_input.gd:0
  Compile Error: Failed to compile depended scripts.
	at res://tests/net/authority_lookup_test.gd:0
  Parse Error: The argument 1 of the constructor "int()" requires the subtype "int", "bool", or "float" but the supertype "Variant" was provided. (Warning treated as error.)
	at res://tests/net/cargo_sync_test.gd:71
  Parse Error: The argument 1 of the constructor "int()" requires the subtype "int", "bool", or "float" but the supertype "Variant" was provided. (Warning treated as error.)
	at res://tests/net/cargo_sync_test.gd:72
  Parse Error: The argument 1 of the constructor "int()" requires the subtype "int", "bool", or "float" but the supertype "Variant" was provided. (Warning treated as error.)
	at res://tests/net/cargo_sync_test.gd:73
  Parse Error: The argument 1 of the constructor "int()" requires the subtype "int", "bool", or "float" but the supertype "Variant" was provided. (Warning treated as error.)
	at res://tests/net/cargo_sync_test.gd:91
  Parse Error: The argument 1 of the constructor "int()" requires the subtype "int", "bool", or "float" but the supertype "Variant" was provided. (Warning treated as error.)
	at res://tests/net/cargo_sync_test.gd:100
  Parse Error: The argument 1 of the constructor "int()" requires the subtype "int", "bool", or "float" but the supertype "Variant" was provided. (Warning treated as error.)
	at res://tests/net/cargo_sync_test.gd:106
  Parse Error: The argument 1 of the constructor "int()" requires the subtype "int", "bool", or "float" but the supertype "Variant" was provided. (Warning treated as error.)
	at res://tests/net/cargo_sync_test.gd:107
  Parse Error: The argument 1 of the constructor "int()" requires the subtype "int", "bool", or "float" but the supertype "Variant" was provided. (Warning treated as error.)
	at res://tests/net/cargo_sync_test.gd:110
  Parse Error: The argument 1 of the constructor "int()" requires the subtype "int", "bool", or "float" but the supertype "Variant" was provided. (Warning treated as error.)
	at res://tests/net/cargo_sync_test.gd:220
  Parse Error: The property "current" is not present on the inferred type "Node" (but may be present on a subtype). (Warning treated as error.)
	at res://tests/net/crew_sync_test.gd:123
  Parse Error: The method "slip_summary()" is not present on the inferred type "GDScript" (but may be present on a subtype). (Warning treated as error.)
	at res://tests/net/gate_metrics_test.gd:21
  Parse Error: The argument 1 of the constructor "float()" requires the subtype "float", "bool", or "int" but the supertype "Variant" was provided. (Warning treated as error.)
	at res://tests/net/gate_metrics_test.gd:22
  Parse Error: The argument 1 of the constructor "float()" requires the subtype "float", "bool", or "int" but the supertype "Variant" was provided. (Warning treated as error.)
	at res://tests/net/gate_metrics_test.gd:23
  Parse Error: The argument 1 of the constructor "float()" requires the subtype "float", "bool", or "int" but the supertype "Variant" was provided. (Warning treated as error.)
	at res://tests/net/gate_metrics_test.gd:24
  Parse Error: The argument 1 of the constructor "float()" requires the subtype "float", "bool", or "int" but the supertype "Variant" was provided. (Warning treated as error.)
	at res://tests/net/gate_metrics_test.gd:25
  Parse Error: The method "fps_summary()" is not present on the inferred type "GDScript" (but may be present on a subtype). (Warning treated as error.)
	at res://tests/net/gate_metrics_test.gd:29
  Parse Error: The argument 1 of the constructor "float()" requires the subtype "float", "bool", or "int" but the supertype "Variant" was provided. (Warning treated as error.)
	at res://tests/net/gate_metrics_test.gd:30
  Parse Error: The argument 1 of the constructor "float()" requires the subtype "float", "bool", or "int" but the supertype "Variant" was provided. (Warning treated as error.)
	at res://tests/net/gate_metrics_test.gd:31
  Parse Error: The method "capsule_box_depth()" is not present on the inferred type "GDScript" (but may be present on a subtype). (Warning treated as error.)
	at res://tests/net/gate_metrics_test.gd:37
  Parse Error: The method "capsule_box_depth()" is not present on the inferred type "GDScript" (but may be present on a subtype). (Warning treated as error.)
	at res://tests/net/gate_metrics_test.gd:39
  Parse Error: The method "box_box_depth()" is not present on the inferred type "GDScript" (but may be present on a subtype). (Warning treated as error.)
	at res://tests/net/gate_metrics_test.gd:41
  Parse Error: The method "box_box_depth()" is not present on the inferred type "GDScript" (but may be present on a subtype). (Warning treated as error.)
	at res://tests/net/gate_metrics_test.gd:44
  Parse Error: The argument 1 of the constructor "float()" requires the subtype "float", "bool", or "int" but the supertype "Variant" was provided. (Warning treated as error.)
	at res://tests/net/gate_metrics_test.gd:66
  Parse Error: The argument 1 of the constructor "float()" requires the subtype "float", "bool", or "int" but the supertype "Variant" was provided. (Warning treated as error.)
	at res://tests/net/gate_metrics_test.gd:69
  Parse Error: The argument 1 of the constructor "float()" requires the subtype "float", "bool", or "int" but the supertype "Variant" was provided. (Warning treated as error.)
	at res://tests/net/gate_metrics_test.gd:72
  Parse Error: The method "penetration_step()" is not present on the inferred type "GDScript" (but may be present on a subtype). (Warning treated as error.)
	at res://tests/net/gate_metrics_test.gd:79
  Parse Error: The argument 1 of the constructor "int()" requires the subtype "int", "bool", or "float" but the supertype "Variant" was provided. (Warning treated as error.)
	at res://tests/net/gate_metrics_test.gd:80
  Parse Error: The argument 1 of the constructor "int()" requires the subtype "int", "bool", or "float" but the supertype "Variant" was provided. (Warning treated as error.)
	at res://tests/net/gate_metrics_test.gd:81
  Parse Error: The argument 1 of the constructor "int()" requires the subtype "int", "bool", or "float" but the supertype "Variant" was provided. (Warning treated as error.)
	at res://tests/net/gate_metrics_test.gd:82
  Parse Error: The argument 1 of the constructor "float()" requires the subtype "float", "bool", or "int" but the supertype "Variant" was provided. (Warning treated as error.)
	at res://tests/net/gate_metrics_test.gd:83
  Parse Error: The method "judge()" is not present on the inferred type "GDScript" (but may be present on a subtype). (Warning treated as error.)
	at res://tests/net/gate_metrics_test.gd:91
  Parse Error: The method "judge()" is not present on the inferred type "GDScript" (but may be present on a subtype). (Warning treated as error.)
	at res://tests/net/gate_metrics_test.gd:94
  Parse Error: The method "judge()" is not present on the inferred type "GDScript" (but may be present on a subtype). (Warning treated as error.)
	at res://tests/net/gate_metrics_test.gd:97
  Parse Error: The method "judge()" is not present on the inferred type "GDScript" (but may be present on a subtype). (Warning treated as error.)
	at res://tests/net/gate_metrics_test.gd:104
  Parse Error: The method "judge()" is not present on the inferred type "GDScript" (but may be present on a subtype). (Warning treated as error.)
	at res://tests/net/gate_metrics_test.gd:107
  Parse Error: The method "judge()" is not present on the inferred type "GDScript" (but may be present on a subtype). (Warning treated as error.)
	at res://tests/net/gate_metrics_test.gd:110
  Parse Error: The method "judge()" is not present on the inferred type "GDScript" (but may be present on a subtype). (Warning treated as error.)
	at res://tests/net/gate_metrics_test.gd:113
  Parse Error: The argument 1 of the constructor "bool()" requires the subtype "bool", "int", or "float" but the supertype "Variant" was provided. (Warning treated as error.)
	at res://tests/net/gate_metrics_test.gd:115
  Parse Error: The argument 1 of the constructor "bool()" requires the subtype "bool", "int", or "float" but the supertype "Variant" was provided. (Warning treated as error.)
	at res://tests/net/gate_metrics_test.gd:116
  Parse Error: The method "compare_traces()" is not present on the inferred type "GDScript" (but may be present on a subtype). (Warning treated as error.)
	at res://tests/net/gate_metrics_test.gd:123
  Parse Error: The argument 1 of the constructor "int()" requires the subtype "int", "bool", or "float" but the supertype "Variant" was provided. (Warning treated as error.)
	at res://tests/net/gate_metrics_test.gd:125
  Parse Error: The argument 1 of the constructor "int()" requires the subtype "int", "bool", or "float" but the supertype "Variant" was provided. (Warning treated as error.)
	at res://tests/net/gate_metrics_test.gd:126
  Parse Error: The argument 1 of the constructor "float()" requires the subtype "float", "bool", or "int" but the supertype "Variant" was provided. (Warning treated as error.)
	at res://tests/net/gate_metrics_test.gd:127
  Parse Error: The argument 1 of the constructor "float()" requires the subtype "float", "bool", or "int" but the supertype "Variant" was provided. (Warning treated as error.)
	at res://tests/net/gate_metrics_test.gd:128
  Parse Error: The method "compare_traces()" is not present on the inferred type "GDScript" (but may be present on a subtype). (Warning treated as error.)
	at res://tests/net/gate_metrics_test.gd:136
  Parse Error: The argument 1 of the constructor "int()" requires the subtype "int", "bool", or "float" but the supertype "Variant" was provided. (Warning treated as error.)
	at res://tests/net/gate_metrics_test.gd:138
  Parse Error: The argument 1 of the constructor "int()" requires the subtype "int", "bool", or "float" but the supertype "Variant" was provided. (Warning treated as error.)
	at res://tests/net/gate_metrics_test.gd:139
  Parse Error: The argument 1 of the constructor "bool()" requires the subtype "bool", "int", or "float" but the supertype "Variant" was provided. (Warning treated as error.)
	at res://tests/net/gate_metrics_test.gd:142
  Parse Error: The argument 1 of the constructor "float()" requires the subtype "float", "bool", or "int" but the supertype "Variant" was provided. (Warning treated as error.)
	at res://tests/net/gate_metrics_test.gd:174
  Parse Error: The argument 1 of the constructor "float()" requires the subtype "float", "bool", or "int" but the supertype "Variant" was provided. (Warning treated as error.)
	at res://tests/net/gate_metrics_test.gd:175
  Parse Error: The argument 1 of the constructor "int()" requires the subtype "int", "bool", or "float" but the supertype "Variant" was provided. (Warning treated as error.)
	at res://tests/net/gate_metrics_test.gd:176
  Parse Error: The method "pose_sample()" is not present on the inferred type "GDScript" (but may be present on a subtype). (Warning treated as error.)
	at res://tests/net/gate_metrics_test.gd:205
Abnormal exit with 105
Run dispose test resources
