Godot Engine v4.7.2.stable.official.ed1daf0bf - https://godotengine.org

[2J[H[38;2;233;150;122m
--------------------------------------------------------------------------------------------------
GdUnit4 Comandline Tool
--------------------------------------------------------------------------------------------------[0m
[38;2;0;191;255mDisabled fail fast![0m
[38;2;0;191;255mSet write reports to C:/Users/Leo/Documents/RutaFragil/reports[0m
[38;2;218;165;32m
Headless mode is ignored by option '--ignoreHeadlessMode'"

Please note that tests that use UI interaction do not work correctly in headless mode.
Godot 'InputEvents' are not transported by the Godot engine in headless mode and therefore
have no effect in the test!
[0m
[38;2;100;149;237mInstalling GdUnit4 session system hooks.[0m
[38;2;100;149;237mSession hook 'GdUnitHtmlTestReporter' installed.[0m
[38;2;100;149;237mSession hook 'GdUnitXMLTestReporter' installed.[0m
[38;2;0;206;209mRun Test Suite: [0m[38;2;250;235;215mres://tests/net/bus_snapshot_timing_test.gd[0m
  [38;2;250;235;215mres://tests/net/bus_snapshot_timing_test.gd[0m[38;2;128;128;128m > [0m[38;2;250;235;215mtest_irregular_delivery_preserves_uniform_motion_after_buffer_warmup[0m[38;2;34;139;34m STARTED[0m[38;2;128;128;128m[0m
BUS_DELIVERY alternating_1_3 min_step=0.000000 max_step=0.616667 expected=0.308333
  [38;2;250;235;215mres://tests/net/bus_snapshot_timing_test.gd[0m[38;2;128;128;128m > [0m[38;2;250;235;215mtest_irregular_delivery_preserves_uniform_motion_after_buffer_warmup[0m[38;2;178;34;34m[1m FAILED[0m[38;2;100;149;237m 3ms[0m
  [38;2;0;206;209m[1m[4mReport:[0m
  [38;2;128;128;128m[38;2;255;69;0mExpecting to be less than or equal:[0m
 [38;2;30;144;255m0.308433[0m but was [38;2;30;144;255m0.616667[0m[0m[38;2;173;216;230m	at 'test_irregular_delivery_preserves_uniform_motion_after_buffer_warmup' in res://tests/net/bus_snapshot_timing_test.gd:27[0m  [38;2;128;128;128m[38;2;255;69;0mExpecting to be greater than or equal:[0m
 [38;2;30;144;255m0.308233[0m but was [38;2;30;144;255m0.000000[0m[0m[38;2;173;216;230m	at 'test_irregular_delivery_preserves_uniform_motion_after_buffer_warmup' in res://tests/net/bus_snapshot_timing_test.gd:28[0m[38;2;128;128;128m[0m
[38;2;128;128;128m[0m
[38;2;30;144;255mStatistics:[0m[38;2;128;128;128m 1 test cases | 0 errors | 2 failures | 0 flaky | 0 skipped | 0 orphans |[0m[38;2;34;139;34m PASSED[0m[38;2;100;149;237m 8ms[0m
[38;2;128;128;128m[0m
[38;2;128;128;128m[0m
[38;2;30;144;255mOverall Summary:[0m[38;2;255;255;255m 1 test cases | 0 errors | 2 failures | 0 flaky | 0 skipped | 0 orphans |[0m
[38;2;233;150;122mExecuted test suites: (1/1)[0m
[38;2;233;150;122mExecuted test cases : (1/1)[0m
[38;2;233;150;122mTotal execution time: 8ms[0m
[38;2;255;255;255m [0m[38;2;100;149;237mOpen XML Report at: file://C:/Users/Leo/Documents/RutaFragil/reports/report_4/results.xml[0m
[38;2;100;149;237mOpen HTML Report at: file://C:/Users/Leo/Documents/RutaFragil/reports/report_4/index.html[0m
[38;2;178;34;34mExit code: 100[0m
Run dispose test resources
