Godot Engine v4.7.2.stable.official.ed1daf0bf - https://godotengine.org


--------------------------------------------------------------------------------------------------
GdUnit4 Comandline Tool
--------------------------------------------------------------------------------------------------
Disabled fail fast!
Set write reports to C:/Users/Leo/Documents/RutaFragil/reports/order_force

Headless mode is ignored by option '--ignoreHeadlessMode'"

Please note that tests that use UI interaction do not work correctly in headless mode.
Godot 'InputEvents' are not transported by the Godot engine in headless mode and therefore
have no effect in the test!

Installing GdUnit4 session system hooks.
Session hook 'GdUnitHtmlTestReporter' installed.
Session hook 'GdUnitXMLTestReporter' installed.
Run Test Suite: res://tests/net/bus_write_order_test.gd
  res://tests/net/bus_write_order_test.gd > test_stepped_bus_delivers_platform_velocity STARTED
TRACE node tick=0 bus=0.0000 crew=0.5000 platform=0.0000 on_floor=true
TRACE node tick=1 bus=0.0000 crew=0.5000 platform=0.0000 on_floor=true
TRACE node tick=2 bus=0.0000 crew=0.5000 platform=0.0000 on_floor=true
TRACE node tick=3 bus=0.6167 crew=0.5000 platform=0.0000 on_floor=true
TRACE node tick=4 bus=0.6167 crew=1.1167 platform=37.0000 on_floor=true
TRACE node tick=5 bus=1.2333 crew=1.1167 platform=0.0000 on_floor=true
TRACE node tick=6 bus=1.2333 crew=1.7333 platform=37.0000 on_floor=true
TRACE node tick=7 bus=1.8500 crew=1.7333 platform=0.0000 on_floor=true
TRACE node tick=8 bus=1.8500 crew=2.3500 platform=37.0000 on_floor=true
TRACE node tick=9 bus=2.4667 crew=2.3500 platform=0.0000 on_floor=true
TRACE node tick=10 bus=2.4667 crew=2.9667 platform=37.0000 on_floor=true
TRACE node tick=11 bus=3.0833 crew=2.9667 platform=0.0000 on_floor=true
TRACE node tick=12 bus=3.0833 crew=3.5833 platform=37.0000 on_floor=true
TRACE node tick=13 bus=3.7000 crew=3.5833 platform=0.0000 on_floor=true
TRACE node tick=14 bus=3.7000 crew=4.2000 platform=37.0000 on_floor=true
WRITE_ORDER peak_platform_speed=37.0001 moving_ticks=58 zero_velocity_ticks=58 max_slip=0.6167
  res://tests/net/bus_write_order_test.gd > test_stepped_bus_delivers_platform_velocity FAILED 2s 490ms
  Report:
  Expecting:
 0
 but was
 58	at 'test_stepped_bus_delivers_platform_velocity' in res://tests/net/bus_write_order_test.gd:73

Statistics: 1 test cases | 0 errors | 1 failures | 0 flaky | 0 skipped | 0 orphans | PASSED 2s 495ms


Overall Summary: 1 test cases | 0 errors | 1 failures | 0 flaky | 0 skipped | 0 orphans |
Executed test suites: (1/1)
Executed test cases : (1/1)
Total execution time: 2s 495ms
 Open XML Report at: file://C:/Users/Leo/Documents/RutaFragil/reports/order_force/report_1/results.xml
Open HTML Report at: file://C:/Users/Leo/Documents/RutaFragil/reports/order_force/report_1/index.html
Exit code: 100
Run dispose test resources
