Godot Engine v4.7.2.stable.official.ed1daf0bf - https://godotengine.org

[2J[H[38;2;233;150;122m
--------------------------------------------------------------------------------------------------
GdUnit4 Comandline Tool
--------------------------------------------------------------------------------------------------[0m
[38;2;0;191;255mDisabled fail fast![0m
[38;2;0;191;255mSet write reports to C:/Users/Leo/Documents/RutaFragil/reports[0m
[38;2;218;165;32m
Headless mode is ignored by option '--ignoreHeadlessMode'"

Please note that tests that use UI interaction do not work correctly in headless mode.
Godot 'InputEvents' are not transported by the Godot engine in headless mode and therefore
have no effect in the test!
[0m
[38;2;100;149;237mInstalling GdUnit4 session system hooks.[0m
[38;2;100;149;237mSession hook 'GdUnitHtmlTestReporter' installed.[0m
[38;2;100;149;237mSession hook 'GdUnitXMLTestReporter' installed.[0m
[38;2;0;206;209mRun Test Suite: [0m[38;2;250;235;215mres://tests/crew/crew_air_inertia_test.gd[0m
  [38;2;250;235;215mres://tests/crew/crew_air_inertia_test.gd[0m[38;2;128;128;128m > [0m[38;2;250;235;215mtest_jump_preserves_platform_inertia_through_landing_and_second_jump[0m[38;2;34;139;34m STARTED[0m[38;2;128;128;128m[0m
AIR_TEST first_error=0.000001 second_error=0.000087 air_ticks=54
  [38;2;250;235;215mres://tests/crew/crew_air_inertia_test.gd[0m[38;2;128;128;128m > [0m[38;2;250;235;215mtest_jump_preserves_platform_inertia_through_landing_and_second_jump[0m[38;2;34;139;34m PASSED[0m[38;2;100;149;237m 3s 333ms[0m
[38;2;128;128;128m[0m
  [38;2;250;235;215mres://tests/crew/crew_air_inertia_test.gd[0m[38;2;128;128;128m > [0m[38;2;250;235;215mtest_walk_input_in_air_adds_to_carry_and_seat_discards_it[0m[38;2;34;139;34m STARTED[0m[38;2;128;128;128m[0m
  [38;2;250;235;215mres://tests/crew/crew_air_inertia_test.gd[0m[38;2;128;128;128m > [0m[38;2;250;235;215mtest_walk_input_in_air_adds_to_carry_and_seat_discards_it[0m[38;2;34;139;34m PASSED[0m[38;2;100;149;237m 478ms[0m
[38;2;128;128;128m[0m
  [38;2;250;235;215mres://tests/crew/crew_air_inertia_test.gd[0m[38;2;128;128;128m > [0m[38;2;250;235;215mtest_jump_under_moving_ceiling_keeps_horizontal_carry[0m[38;2;34;139;34m STARTED[0m[38;2;128;128;128m[0m
  [38;2;250;235;215mres://tests/crew/crew_air_inertia_test.gd[0m[38;2;128;128;128m > [0m[38;2;250;235;215mtest_jump_under_moving_ceiling_keeps_horizontal_carry[0m[38;2;178;34;34m[1m FAILED[0m[38;2;100;149;237m 1s 665ms[0m
  [38;2;0;206;209m[1m[4mReport:[0m
  [38;2;128;128;128m[38;2;255;69;0mExpecting to be less than:[0m
 [38;2;30;144;255m0.050000[0m but was [38;2;30;144;255m0.221964[0m[0m[38;2;173;216;230m	at 'test_jump_under_moving_ceiling_keeps_horizontal_carry' in res://tests/crew/crew_air_inertia_test.gd:96
	at '_physics_process' in res://tests/crew/crew_air_inertia_test.gd:9[0m[38;2;128;128;128m[0m
[38;2;128;128;128m[0m
[38;2;30;144;255mStatistics:[0m[38;2;128;128;128m 3 test cases | 0 errors | 1 failures | 0 flaky | 0 skipped | 0 orphans |[0m[38;2;34;139;34m PASSED[0m[38;2;100;149;237m 5s 497ms[0m
[38;2;128;128;128m[0m
[38;2;128;128;128m[0m
[38;2;30;144;255mOverall Summary:[0m[38;2;255;255;255m 3 test cases | 0 errors | 1 failures | 0 flaky | 0 skipped | 0 orphans |[0m
[38;2;233;150;122mExecuted test suites: (1/1)[0m
[38;2;233;150;122mExecuted test cases : (3/3)[0m
[38;2;233;150;122mTotal execution time: 5s 497ms[0m
[38;2;255;255;255m [0m[38;2;100;149;237mOpen XML Report at: file://C:/Users/Leo/Documents/RutaFragil/reports/report_6/results.xml[0m
[38;2;100;149;237mOpen HTML Report at: file://C:/Users/Leo/Documents/RutaFragil/reports/report_6/index.html[0m
[38;2;178;34;34mExit code: 100[0m
Run dispose test resources
