Godot Engine v4.7.2.stable.official.ed1daf0bf - https://godotengine.org

[2J[H[38;2;233;150;122m
--------------------------------------------------------------------------------------------------
GdUnit4 Comandline Tool
--------------------------------------------------------------------------------------------------[0m
[38;2;0;191;255mDisabled fail fast![0m
[38;2;0;191;255mSet write reports to C:/Users/Leo/Documents/RutaFragil/reports[0m
[38;2;218;165;32m
Headless mode is ignored by option '--ignoreHeadlessMode'"

Please note that tests that use UI interaction do not work correctly in headless mode.
Godot 'InputEvents' are not transported by the Godot engine in headless mode and therefore
have no effect in the test!
[0m
[38;2;100;149;237mInstalling GdUnit4 session system hooks.[0m
[38;2;100;149;237mSession hook 'GdUnitHtmlTestReporter' installed.[0m
[38;2;100;149;237mSession hook 'GdUnitXMLTestReporter' installed.[0m
[38;2;0;206;209mRun Test Suite: [0m[38;2;250;235;215mres://tests/crew/crew_air_inertia_test.gd[0m
  [38;2;250;235;215mres://tests/crew/crew_air_inertia_test.gd[0m[38;2;128;128;128m > [0m[38;2;250;235;215mtest_jump_preserves_platform_inertia_through_landing_and_second_jump[0m[38;2;34;139;34m STARTED[0m[38;2;128;128;128m[0m
AIR_TEST first_error=0.000001 second_error=0.000087 air_ticks=54
  [38;2;250;235;215mres://tests/crew/crew_air_inertia_test.gd[0m[38;2;128;128;128m > [0m[38;2;250;235;215mtest_jump_preserves_platform_inertia_through_landing_and_second_jump[0m[38;2;34;139;34m PASSED[0m[38;2;100;149;237m 3s 328ms[0m
[38;2;128;128;128m[0m
  [38;2;250;235;215mres://tests/crew/crew_air_inertia_test.gd[0m[38;2;128;128;128m > [0m[38;2;250;235;215mtest_walk_input_in_air_adds_to_carry_and_seat_discards_it[0m[38;2;34;139;34m STARTED[0m[38;2;128;128;128m[0m
  [38;2;250;235;215mres://tests/crew/crew_air_inertia_test.gd[0m[38;2;128;128;128m > [0m[38;2;250;235;215mtest_walk_input_in_air_adds_to_carry_and_seat_discards_it[0m[38;2;34;139;34m PASSED[0m[38;2;100;149;237m 480ms[0m
[38;2;128;128;128m[0m
  [38;2;250;235;215mres://tests/crew/crew_air_inertia_test.gd[0m[38;2;128;128;128m > [0m[38;2;250;235;215mtest_jump_under_moving_ceiling_keeps_horizontal_carry[0m[38;2;34;139;34m STARTED[0m[38;2;128;128;128m[0m
  [38;2;250;235;215mres://tests/crew/crew_air_inertia_test.gd[0m[38;2;128;128;128m > [0m[38;2;250;235;215mtest_jump_under_moving_ceiling_keeps_horizontal_carry[0m[38;2;34;139;34m PASSED[0m[38;2;100;149;237m 1s 665ms[0m
[38;2;128;128;128m[0m
[38;2;30;144;255mStatistics:[0m[38;2;128;128;128m 3 test cases | 0 errors | 0 failures | 0 flaky | 0 skipped | 0 orphans |[0m[38;2;34;139;34m PASSED[0m[38;2;100;149;237m 5s 489ms[0m
[38;2;128;128;128m[0m
[38;2;128;128;128m[0m
[38;2;0;206;209mRun Test Suite: [0m[38;2;250;235;215mres://tests/crew/crew_member_test.gd[0m
  [38;2;250;235;215mres://tests/crew/crew_member_test.gd[0m[38;2;128;128;128m > [0m[38;2;250;235;215mtest_jump_velocity_for_height[0m[38;2;34;139;34m STARTED[0m[38;2;128;128;128m[0m
  [38;2;250;235;215mres://tests/crew/crew_member_test.gd[0m[38;2;128;128;128m > [0m[38;2;250;235;215mtest_jump_velocity_for_height[0m[38;2;34;139;34m PASSED[0m[38;2;100;149;237m 6ms[0m
[38;2;128;128;128m[0m
  [38;2;250;235;215mres://tests/crew/crew_member_test.gd[0m[38;2;128;128;128m > [0m[38;2;250;235;215mtest_horizontal_speed_selects_sprint[0m[38;2;34;139;34m STARTED[0m[38;2;128;128;128m[0m
  [38;2;250;235;215mres://tests/crew/crew_member_test.gd[0m[38;2;128;128;128m > [0m[38;2;250;235;215mtest_horizontal_speed_selects_sprint[0m[38;2;34;139;34m PASSED[0m[38;2;100;149;237m 5ms[0m
[38;2;128;128;128m[0m
  [38;2;250;235;215mres://tests/crew/crew_member_test.gd[0m[38;2;128;128;128m > [0m[38;2;250;235;215mtest_wish_direction_forward_and_normalized[0m[38;2;34;139;34m STARTED[0m[38;2;128;128;128m[0m
  [38;2;250;235;215mres://tests/crew/crew_member_test.gd[0m[38;2;128;128;128m > [0m[38;2;250;235;215mtest_wish_direction_forward_and_normalized[0m[38;2;34;139;34m PASSED[0m[38;2;100;149;237m 5ms[0m
[38;2;128;128;128m[0m
  [38;2;250;235;215mres://tests/crew/crew_member_test.gd[0m[38;2;128;128;128m > [0m[38;2;250;235;215mtest_crew_settles_and_walks_with_drive_move[0m[38;2;34;139;34m STARTED[0m[38;2;128;128;128m[0m
  [38;2;250;235;215mres://tests/crew/crew_member_test.gd[0m[38;2;128;128;128m > [0m[38;2;250;235;215mtest_crew_settles_and_walks_with_drive_move[0m[38;2;34;139;34m PASSED[0m[38;2;100;149;237m 2s 470ms[0m
[38;2;128;128;128m[0m
  [38;2;250;235;215mres://tests/crew/crew_member_test.gd[0m[38;2;128;128;128m > [0m[38;2;250;235;215mtest_crew_rides_the_bus_without_drifting[0m[38;2;34;139;34m STARTED[0m[38;2;128;128;128m[0m
  [38;2;250;235;215mres://tests/crew/crew_member_test.gd[0m[38;2;128;128;128m > [0m[38;2;250;235;215mtest_crew_rides_the_bus_without_drifting[0m[38;2;34;139;34m PASSED[0m[38;2;100;149;237m 7s 16ms[0m
[38;2;128;128;128m[0m
[38;2;30;144;255mStatistics:[0m[38;2;128;128;128m 5 test cases | 0 errors | 0 failures | 0 flaky | 0 skipped | 0 orphans |[0m[38;2;34;139;34m PASSED[0m[38;2;100;149;237m 9s 529ms[0m
[38;2;128;128;128m[0m
[38;2;128;128;128m[0m
[38;2;30;144;255mOverall Summary:[0m[38;2;255;255;255m 8 test cases | 0 errors | 0 failures | 0 flaky | 0 skipped | 0 orphans |[0m
[38;2;233;150;122mExecuted test suites: (2/2)[0m
[38;2;233;150;122mExecuted test cases : (8/8)[0m
[38;2;233;150;122mTotal execution time: 15s 18ms[0m
[38;2;255;255;255m [0m[38;2;100;149;237mOpen XML Report at: file://C:/Users/Leo/Documents/RutaFragil/reports/report_7/results.xml[0m
[38;2;100;149;237mOpen HTML Report at: file://C:/Users/Leo/Documents/RutaFragil/reports/report_7/index.html[0m
[38;2;233;150;122mExit code: 0[0m
Run dispose test resources
