Godot Engine v4.7.2.stable.official.ed1daf0bf - https://godotengine.org

[2J[H[38;2;233;150;122m
--------------------------------------------------------------------------------------------------
GdUnit4 Comandline Tool
--------------------------------------------------------------------------------------------------[0m
[38;2;0;191;255mDisabled fail fast![0m
[38;2;0;191;255mSet write reports to C:/Users/Leo/Documents/RutaFragil/reports[0m
[38;2;218;165;32m
Headless mode is ignored by option '--ignoreHeadlessMode'"

Please note that tests that use UI interaction do not work correctly in headless mode.
Godot 'InputEvents' are not transported by the Godot engine in headless mode and therefore
have no effect in the test!
[0m
[38;2;100;149;237mInstalling GdUnit4 session system hooks.[0m
[38;2;100;149;237mSession hook 'GdUnitHtmlTestReporter' installed.[0m
[38;2;100;149;237mSession hook 'GdUnitXMLTestReporter' installed.[0m
[38;2;0;206;209mRun Test Suite: [0m[38;2;250;235;215mres://tests/crew/crew_air_inertia_test.gd[0m
  [38;2;250;235;215mres://tests/crew/crew_air_inertia_test.gd[0m[38;2;128;128;128m > [0m[38;2;250;235;215mtest_jump_preserves_platform_inertia_through_landing_and_second_jump[0m[38;2;34;139;34m STARTED[0m[38;2;128;128;128m[0m
AIR_TEST first_error=0.000000 second_error=0.000000 air_ticks=0
  [38;2;250;235;215mres://tests/crew/crew_air_inertia_test.gd[0m[38;2;128;128;128m > [0m[38;2;250;235;215mtest_jump_preserves_platform_inertia_through_landing_and_second_jump[0m[38;2;178;34;34m[1m FAILED[0m[38;2;100;149;237m 3s 330ms[0m
  [38;2;0;206;209m[1m[4mReport:[0m
  [38;2;128;128;128m[38;2;255;69;0mExpecting to be greater than:[0m
 [38;2;30;144;255m10[0m but was [38;2;30;144;255m0[0m[0m[38;2;173;216;230m	at 'test_jump_preserves_platform_inertia_through_landing_and_second_jump' in res://tests/crew/crew_air_inertia_test.gd:41
	at '_physics_process' in res://tests/crew/crew_air_inertia_test.gd:9[0m[38;2;128;128;128m[0m
[38;2;128;128;128m[0m
  [38;2;250;235;215mres://tests/crew/crew_air_inertia_test.gd[0m[38;2;128;128;128m > [0m[38;2;250;235;215mtest_walk_input_in_air_adds_to_carry_and_seat_discards_it[0m[38;2;34;139;34m STARTED[0m[38;2;128;128;128m[0m
  [38;2;250;235;215mres://tests/crew/crew_air_inertia_test.gd[0m[38;2;128;128;128m > [0m[38;2;250;235;215mtest_walk_input_in_air_adds_to_carry_and_seat_discards_it[0m[38;2;178;34;34m[1m FAILED[0m[38;2;100;149;237m 478ms[0m
  [38;2;0;206;209m[1m[4mReport:[0m
  [38;2;128;128;128m[38;2;255;69;0mExpecting:[0m '[38;2;30;144;255mfalse[0m' but is '[38;2;30;144;255mtrue[0m'[0m[38;2;173;216;230m	at 'test_walk_input_in_air_adds_to_carry_and_seat_discards_it' in res://tests/crew/crew_air_inertia_test.gd:61
	at '_physics_process' in res://tests/crew/crew_air_inertia_test.gd:9[0m  [38;2;128;128;128m[38;2;255;69;0mExpecting:[0m
 [38;2;30;144;255m0.000000[0m
 in range between
 [38;2;30;144;255m22.202222[0m <> [38;2;30;144;255m22.242222[0m[0m[38;2;173;216;230m	at 'test_walk_input_in_air_adds_to_carry_and_seat_discards_it' in res://tests/crew/crew_air_inertia_test.gd:66
	at '_physics_process' in res://tests/crew/crew_air_inertia_test.gd:9[0m  [38;2;128;128;128m[38;2;255;69;0mExpecting:[0m
 [38;2;30;144;255m22.222193[0m
 in range between
 [38;2;30;144;255m-0.001000[0m <> [38;2;30;144;255m0.001000[0m[0m[38;2;173;216;230m	at 'test_walk_input_in_air_adds_to_carry_and_seat_discards_it' in res://tests/crew/crew_air_inertia_test.gd:75
	at '_physics_process' in res://tests/crew/crew_air_inertia_test.gd:9[0m[38;2;128;128;128m[0m
[38;2;128;128;128m[0m
[38;2;30;144;255mStatistics:[0m[38;2;128;128;128m 2 test cases | 0 errors | 4 failures | 0 flaky | 0 skipped | 0 orphans |[0m[38;2;34;139;34m PASSED[0m[38;2;100;149;237m 3s 827ms[0m
[38;2;128;128;128m[0m
[38;2;128;128;128m[0m
[38;2;30;144;255mOverall Summary:[0m[38;2;255;255;255m 2 test cases | 0 errors | 4 failures | 0 flaky | 0 skipped | 0 orphans |[0m
[38;2;233;150;122mExecuted test suites: (1/1)[0m
[38;2;233;150;122mExecuted test cases : (2/2)[0m
[38;2;233;150;122mTotal execution time: 3s 827ms[0m
[38;2;255;255;255m [0m[38;2;100;149;237mOpen XML Report at: file://C:/Users/Leo/Documents/RutaFragil/reports/report_2/results.xml[0m
[38;2;100;149;237mOpen HTML Report at: file://C:/Users/Leo/Documents/RutaFragil/reports/report_2/index.html[0m
[38;2;178;34;34mExit code: 100[0m
Run dispose test resources
