Godot Engine v4.7.2.stable.official.ed1daf0bf - https://godotengine.org

[2J[H[38;2;233;150;122m
--------------------------------------------------------------------------------------------------
GdUnit4 Comandline Tool
--------------------------------------------------------------------------------------------------[0m
[38;2;0;191;255mDisabled fail fast![0m
[38;2;0;191;255mSet write reports to C:/Users/Leo/Documents/RutaFragil/reports[0m
[38;2;218;165;32m
Headless mode is ignored by option '--ignoreHeadlessMode'"

Please note that tests that use UI interaction do not work correctly in headless mode.
Godot 'InputEvents' are not transported by the Godot engine in headless mode and therefore
have no effect in the test!
[0m
[38;2;100;149;237mInstalling GdUnit4 session system hooks.[0m
[38;2;100;149;237mSession hook 'GdUnitHtmlTestReporter' installed.[0m
[38;2;100;149;237mSession hook 'GdUnitXMLTestReporter' installed.[0m
[38;2;0;206;209mRun Test Suite: [0m[38;2;250;235;215mres://tests/net/gate_v5_test.gd[0m
  [38;2;250;235;215mres://tests/net/gate_v5_test.gd[0m[38;2;128;128;128m > [0m[38;2;250;235;215mtest_judge_rejects_one_tick_outside_the_hull_for_either_peer[0m[38;2;34;139;34m STARTED[0m[38;2;128;128;128m[0m
  [38;2;250;235;215mres://tests/net/gate_v5_test.gd[0m[38;2;128;128;128m > [0m[38;2;250;235;215mtest_judge_rejects_one_tick_outside_the_hull_for_either_peer[0m[38;2;178;34;34m[1m FAILED[0m[38;2;100;149;237m 6ms[0m
  [38;2;0;206;209m[1m[4mReport:[0m
  [38;2;128;128;128m[38;2;255;69;0mExpecting:[0m
 '[38;2;30;144;255mfailed[0m'
 but was
 '[38;2;30;144;255m[48;2;38;0;0m[38;2;255;255;255mf[0m[38;2;30;144;255m[48;2;38;0;0m[0m[38;2;30;144;255m[48;2;0;38;0m[38;2;255;255;255mp[0m[38;2;30;144;255m[48;2;0;38;0m[0m[38;2;30;144;255ma[48;2;38;0;0m[38;2;255;255;255mil[0m[38;2;30;144;255m[48;2;38;0;0m[0m[38;2;30;144;255m[48;2;0;38;0m[38;2;255;255;255mss[0m[38;2;30;144;255m[48;2;0;38;0m[0m[38;2;30;144;255med[0m'[0m[38;2;173;216;230m	at 'test_judge_rejects_one_tick_outside_the_hull_for_either_peer' in res://tests/net/gate_v5_test.gd:10[0m  [38;2;128;128;128m[38;2;255;69;0mExpecting:[0m '[38;2;30;144;255mfalse[0m' but is '[38;2;30;144;255mtrue[0m'[0m[38;2;173;216;230m	at 'test_judge_rejects_one_tick_outside_the_hull_for_either_peer' in res://tests/net/gate_v5_test.gd:11[0m  [38;2;128;128;128m[38;2;255;69;0mExpecting:[0m
 '[38;2;30;144;255mfailed[0m'
 but was
 '[38;2;30;144;255m[48;2;38;0;0m[38;2;255;255;255mf[0m[38;2;30;144;255m[48;2;38;0;0m[0m[38;2;30;144;255m[48;2;0;38;0m[38;2;255;255;255mp[0m[38;2;30;144;255m[48;2;0;38;0m[0m[38;2;30;144;255ma[48;2;38;0;0m[38;2;255;255;255mil[0m[38;2;30;144;255m[48;2;38;0;0m[0m[38;2;30;144;255m[48;2;0;38;0m[38;2;255;255;255mss[0m[38;2;30;144;255m[48;2;0;38;0m[0m[38;2;30;144;255med[0m'[0m[38;2;173;216;230m	at 'test_judge_rejects_one_tick_outside_the_hull_for_either_peer' in res://tests/net/gate_v5_test.gd:10[0m  [38;2;128;128;128m[38;2;255;69;0mExpecting:[0m '[38;2;30;144;255mfalse[0m' but is '[38;2;30;144;255mtrue[0m'[0m[38;2;173;216;230m	at 'test_judge_rejects_one_tick_outside_the_hull_for_either_peer' in res://tests/net/gate_v5_test.gd:11[0m[38;2;128;128;128m[0m
[38;2;128;128;128m[0m
  [38;2;250;235;215mres://tests/net/gate_v5_test.gd[0m[38;2;128;128;128m > [0m[38;2;250;235;215mtest_forty_five_push_ticks_are_allowed_but_forty_six_fail_for_either_peer[0m[38;2;34;139;34m STARTED[0m[38;2;128;128;128m[0m
  [38;2;250;235;215mres://tests/net/gate_v5_test.gd[0m[38;2;128;128;128m > [0m[38;2;250;235;215mtest_forty_five_push_ticks_are_allowed_but_forty_six_fail_for_either_peer[0m[38;2;178;34;34m[1m FAILED[0m[38;2;100;149;237m 5ms[0m
  [38;2;0;206;209m[1m[4mReport:[0m
  [38;2;128;128;128m[38;2;255;69;0mExpecting:[0m
 '[38;2;30;144;255mfailed[0m'
 but was
 '[38;2;30;144;255m[48;2;38;0;0m[38;2;255;255;255mf[0m[38;2;30;144;255m[48;2;38;0;0m[0m[38;2;30;144;255m[48;2;0;38;0m[38;2;255;255;255mp[0m[38;2;30;144;255m[48;2;0;38;0m[0m[38;2;30;144;255ma[48;2;38;0;0m[38;2;255;255;255mil[0m[38;2;30;144;255m[48;2;38;0;0m[0m[38;2;30;144;255m[48;2;0;38;0m[38;2;255;255;255mss[0m[38;2;30;144;255m[48;2;0;38;0m[0m[38;2;30;144;255med[0m'[0m[38;2;173;216;230m	at 'test_forty_five_push_ticks_are_allowed_but_forty_six_fail_for_either_peer' in res://tests/net/gate_v5_test.gd:24[0m  [38;2;128;128;128m[38;2;255;69;0mExpecting:[0m '[38;2;30;144;255mfalse[0m' but is '[38;2;30;144;255mtrue[0m'[0m[38;2;173;216;230m	at 'test_forty_five_push_ticks_are_allowed_but_forty_six_fail_for_either_peer' in res://tests/net/gate_v5_test.gd:25[0m  [38;2;128;128;128m[38;2;255;69;0mExpecting:[0m
 '[38;2;30;144;255mfailed[0m'
 but was
 '[38;2;30;144;255m[48;2;38;0;0m[38;2;255;255;255mf[0m[38;2;30;144;255m[48;2;38;0;0m[0m[38;2;30;144;255m[48;2;0;38;0m[38;2;255;255;255mp[0m[38;2;30;144;255m[48;2;0;38;0m[0m[38;2;30;144;255ma[48;2;38;0;0m[38;2;255;255;255mil[0m[38;2;30;144;255m[48;2;38;0;0m[0m[38;2;30;144;255m[48;2;0;38;0m[38;2;255;255;255mss[0m[38;2;30;144;255m[48;2;0;38;0m[0m[38;2;30;144;255med[0m'[0m[38;2;173;216;230m	at 'test_forty_five_push_ticks_are_allowed_but_forty_six_fail_for_either_peer' in res://tests/net/gate_v5_test.gd:24[0m  [38;2;128;128;128m[38;2;255;69;0mExpecting:[0m '[38;2;30;144;255mfalse[0m' but is '[38;2;30;144;255mtrue[0m'[0m[38;2;173;216;230m	at 'test_forty_five_push_ticks_are_allowed_but_forty_six_fail_for_either_peer' in res://tests/net/gate_v5_test.gd:25[0m[38;2;128;128;128m[0m
[38;2;128;128;128m[0m
  [38;2;250;235;215mres://tests/net/gate_v5_test.gd[0m[38;2;128;128;128m > [0m[38;2;250;235;215mtest_judge_uses_filtered_samples_instead_of_large_raw_displacements[0m[38;2;34;139;34m STARTED[0m[38;2;128;128;128m[0m
  [38;2;250;235;215mres://tests/net/gate_v5_test.gd[0m[38;2;128;128;128m > [0m[38;2;250;235;215mtest_judge_uses_filtered_samples_instead_of_large_raw_displacements[0m[38;2;178;34;34m[1m FAILED[0m[38;2;100;149;237m 4ms[0m
  [38;2;0;206;209m[1m[4mReport:[0m
  [38;2;128;128;128m[38;2;255;69;0mExpecting:[0m
 '[38;2;30;144;255mpassed[0m'
 but was
 '[38;2;30;144;255m[48;2;38;0;0m[38;2;255;255;255mp[0m[38;2;30;144;255m[48;2;38;0;0m[0m[38;2;30;144;255m[48;2;0;38;0m[38;2;255;255;255minv[0m[38;2;30;144;255m[48;2;0;38;0m[0m[38;2;30;144;255ma[48;2;38;0;0m[38;2;255;255;255msse[0m[38;2;30;144;255m[48;2;38;0;0m[0m[38;2;30;144;255m[48;2;0;38;0m[38;2;255;255;255mli[0m[38;2;30;144;255m[48;2;0;38;0m[0m[38;2;30;144;255md[0m'[0m[38;2;173;216;230m	at 'test_judge_uses_filtered_samples_instead_of_large_raw_displacements' in res://tests/net/gate_v5_test.gd:35[0m  [38;2;128;128;128m[38;2;255;69;0mExpecting:[0m '[38;2;30;144;255mtrue[0m' but is '[38;2;30;144;255mfalse[0m'[0m[38;2;173;216;230m	at 'test_judge_uses_filtered_samples_instead_of_large_raw_displacements' in res://tests/net/gate_v5_test.gd:36[0m  [38;2;128;128;128m[38;2;255;69;0mExpecting:[0m
 '[38;2;30;144;255mfailed[0m'
 but was
 '[38;2;30;144;255m[48;2;38;0;0m[38;2;255;255;255mf[0m[38;2;30;144;255m[48;2;38;0;0m[0m[38;2;30;144;255m[48;2;0;38;0m[38;2;255;255;255minv[0m[38;2;30;144;255m[48;2;0;38;0m[0m[38;2;30;144;255ma[48;2;0;38;0m[38;2;255;255;255ml[0m[38;2;30;144;255m[48;2;0;38;0m[0m[38;2;30;144;255mi[48;2;38;0;0m[38;2;255;255;255mle[0m[38;2;30;144;255m[48;2;38;0;0m[0m[38;2;30;144;255md[0m'[0m[38;2;173;216;230m	at 'test_judge_uses_filtered_samples_instead_of_large_raw_displacements' in res://tests/net/gate_v5_test.gd:38[0m[38;2;128;128;128m[0m
[38;2;128;128;128m[0m
  [38;2;250;235;215mres://tests/net/gate_v5_test.gd[0m[38;2;128;128;128m > [0m[38;2;250;235;215mtest_empty_filtered_samples_cannot_produce_a_passing_slip_ratio[0m[38;2;34;139;34m STARTED[0m[38;2;128;128;128m[0m
  [38;2;250;235;215mres://tests/net/gate_v5_test.gd[0m[38;2;128;128;128m > [0m[38;2;250;235;215mtest_empty_filtered_samples_cannot_produce_a_passing_slip_ratio[0m[38;2;178;34;34m[1m FAILED[0m[38;2;100;149;237m 3ms[0m
  [38;2;0;206;209m[1m[4mReport:[0m
  [38;2;128;128;128m[38;2;255;69;0mExpecting:[0m '[38;2;30;144;255mfalse[0m' but is '[38;2;30;144;255mtrue[0m'[0m[38;2;173;216;230m	at 'test_empty_filtered_samples_cannot_produce_a_passing_slip_ratio' in res://tests/net/gate_v5_test.gd:47[0m  [38;2;128;128;128m[38;2;255;69;0mExpecting:[0m '[38;2;30;144;255mtrue[0m' but is '[38;2;30;144;255mfalse[0m'[0m[38;2;173;216;230m	at 'test_empty_filtered_samples_cannot_produce_a_passing_slip_ratio' in res://tests/net/gate_v5_test.gd:48[0m[38;2;128;128;128m[0m
[38;2;128;128;128m[0m
  [38;2;250;235;215mres://tests/net/gate_v5_test.gd[0m[38;2;128;128;128m > [0m[38;2;250;235;215mtest_readiness_uses_travel_coverage_instead_of_penetration_shape_warnings[0m[38;2;34;139;34m STARTED[0m[38;2;128;128;128m[0m
  [38;2;250;235;215mres://tests/net/gate_v5_test.gd[0m[38;2;128;128;128m > [0m[38;2;250;235;215mtest_readiness_uses_travel_coverage_instead_of_penetration_shape_warnings[0m[38;2;178;34;34m[1m FAILED[0m[38;2;100;149;237m 4ms[0m
  [38;2;0;206;209m[1m[4mReport:[0m
  [38;2;128;128;128m[38;2;255;69;0mExpecting:[0m '[38;2;30;144;255mtrue[0m' but is '[38;2;30;144;255mfalse[0m'[0m[38;2;173;216;230m	at 'test_readiness_uses_travel_coverage_instead_of_penetration_shape_warnings' in res://tests/net/gate_v5_test.gd:55[0m[38;2;128;128;128m[0m
[38;2;128;128;128m[0m
  [38;2;250;235;215mres://tests/net/gate_v5_test.gd[0m[38;2;128;128;128m > [0m[38;2;250;235;215mtest_readiness_rejects_legacy_and_incomplete_travel_records[0m[38;2;34;139;34m STARTED[0m[38;2;128;128;128m[0m
  [38;2;250;235;215mres://tests/net/gate_v5_test.gd[0m[38;2;128;128;128m > [0m[38;2;250;235;215mtest_readiness_rejects_legacy_and_incomplete_travel_records[0m[38;2;178;34;34m[1m FAILED[0m[38;2;100;149;237m 4ms[0m
  [38;2;0;206;209m[1m[4mReport:[0m
  [38;2;128;128;128m[38;2;255;69;0mExpecting:[0m '[38;2;30;144;255mfalse[0m' but is '[38;2;30;144;255mtrue[0m'[0m[38;2;173;216;230m	at 'test_readiness_rejects_legacy_and_incomplete_travel_records' in res://tests/net/gate_v5_test.gd:69[0m  [38;2;128;128;128m[38;2;255;69;0mExpecting:[0m '[38;2;30;144;255mfalse[0m' but is '[38;2;30;144;255mtrue[0m'[0m[38;2;173;216;230m	at 'test_readiness_rejects_legacy_and_incomplete_travel_records' in res://tests/net/gate_v5_test.gd:69[0m  [38;2;128;128;128m[38;2;255;69;0mExpecting:[0m '[38;2;30;144;255mfalse[0m' but is '[38;2;30;144;255mtrue[0m'[0m[38;2;173;216;230m	at 'test_readiness_rejects_legacy_and_incomplete_travel_records' in res://tests/net/gate_v5_test.gd:69[0m  [38;2;128;128;128m[38;2;255;69;0mExpecting:[0m '[38;2;30;144;255mfalse[0m' but is '[38;2;30;144;255mtrue[0m'[0m[38;2;173;216;230m	at 'test_readiness_rejects_legacy_and_incomplete_travel_records' in res://tests/net/gate_v5_test.gd:69[0m  [38;2;128;128;128m[38;2;255;69;0mExpecting:[0m '[38;2;30;144;255mfalse[0m' but is '[38;2;30;144;255mtrue[0m'[0m[38;2;173;216;230m	at 'test_readiness_rejects_legacy_and_incomplete_travel_records' in res://tests/net/gate_v5_test.gd:69[0m  [38;2;128;128;128m[38;2;255;69;0mExpecting:[0m '[38;2;30;144;255mfalse[0m' but is '[38;2;30;144;255mtrue[0m'[0m[38;2;173;216;230m	at 'test_readiness_rejects_legacy_and_incomplete_travel_records' in res://tests/net/gate_v5_test.gd:69[0m  [38;2;128;128;128m[38;2;255;69;0mExpecting:[0m '[38;2;30;144;255mfalse[0m' but is '[38;2;30;144;255mtrue[0m'[0m[38;2;173;216;230m	at 'test_readiness_rejects_legacy_and_incomplete_travel_records' in res://tests/net/gate_v5_test.gd:69[0m  [38;2;128;128;128m[38;2;255;69;0mExpecting:[0m '[38;2;30;144;255mfalse[0m' but is '[38;2;30;144;255mtrue[0m'[0m[38;2;173;216;230m	at 'test_readiness_rejects_legacy_and_incomplete_travel_records' in res://tests/net/gate_v5_test.gd:69[0m  [38;2;128;128;128m[38;2;255;69;0mExpecting:[0m '[38;2;30;144;255mfalse[0m' but is '[38;2;30;144;255mtrue[0m'[0m[38;2;173;216;230m	at 'test_readiness_rejects_legacy_and_incomplete_travel_records' in res://tests/net/gate_v5_test.gd:73[0m  [38;2;128;128;128m[38;2;255;69;0mExpecting:[0m '[38;2;30;144;255mfalse[0m' but is '[38;2;30;144;255mtrue[0m'[0m[38;2;173;216;230m	at 'test_readiness_rejects_legacy_and_incomplete_travel_records' in res://tests/net/gate_v5_test.gd:73[0m  [38;2;128;128;128m[38;2;255;69;0mExpecting:[0m '[38;2;30;144;255mfalse[0m' but is '[38;2;30;144;255mtrue[0m'[0m[38;2;173;216;230m	at 'test_readiness_rejects_legacy_and_incomplete_travel_records' in res://tests/net/gate_v5_test.gd:76[0m[38;2;128;128;128m[0m
[38;2;128;128;128m[0m
  [38;2;250;235;215mres://tests/net/gate_v5_test.gd[0m[38;2;128;128;128m > [0m[38;2;250;235;215mtest_readiness_accepts_half_support_and_an_open_push_within_the_limit[0m[38;2;34;139;34m STARTED[0m[38;2;128;128;128m[0m
  [38;2;250;235;215mres://tests/net/gate_v5_test.gd[0m[38;2;128;128;128m > [0m[38;2;250;235;215mtest_readiness_accepts_half_support_and_an_open_push_within_the_limit[0m[38;2;178;34;34m[1m FAILED[0m[38;2;100;149;237m 4ms[0m
  [38;2;0;206;209m[1m[4mReport:[0m
  [38;2;128;128;128m[38;2;255;69;0mExpecting:[0m '[38;2;30;144;255mtrue[0m' but is '[38;2;30;144;255mfalse[0m'[0m[38;2;173;216;230m	at 'test_readiness_accepts_half_support_and_an_open_push_within_the_limit' in res://tests/net/gate_v5_test.gd:86[0m  [38;2;128;128;128m[38;2;255;69;0mExpecting:[0m
 '[38;2;30;144;255mpassed[0m'
 but was
 '[38;2;30;144;255m[48;2;38;0;0m[38;2;255;255;255mp[0m[38;2;30;144;255m[48;2;38;0;0m[0m[38;2;30;144;255m[48;2;0;38;0m[38;2;255;255;255mf[0m[38;2;30;144;255m[48;2;0;38;0m[0m[38;2;30;144;255ma[48;2;38;0;0m[38;2;255;255;255mss[0m[38;2;30;144;255m[48;2;38;0;0m[0m[38;2;30;144;255m[48;2;0;38;0m[38;2;255;255;255mil[0m[38;2;30;144;255m[48;2;0;38;0m[0m[38;2;30;144;255med[0m'[0m[38;2;173;216;230m	at 'test_readiness_accepts_half_support_and_an_open_push_within_the_limit' in res://tests/net/gate_v5_test.gd:87[0m[38;2;128;128;128m[0m
[38;2;128;128;128m[0m
  [38;2;250;235;215mres://tests/net/gate_v5_test.gd[0m[38;2;128;128;128m > [0m[38;2;250;235;215mtest_judge_keeps_the_known_penetration_coverage_limitation[0m[38;2;34;139;34m STARTED[0m[38;2;128;128;128m[0m
  [38;2;250;235;215mres://tests/net/gate_v5_test.gd[0m[38;2;128;128;128m > [0m[38;2;250;235;215mtest_judge_keeps_the_known_penetration_coverage_limitation[0m[38;2;34;139;34m PASSED[0m[38;2;100;149;237m 3ms[0m
[38;2;128;128;128m[0m
[38;2;30;144;255mStatistics:[0m[38;2;128;128;128m 8 test cases | 0 errors | 27 failures | 0 flaky | 0 skipped | 0 orphans |[0m[38;2;34;139;34m PASSED[0m[38;2;100;149;237m 91ms[0m
[38;2;128;128;128m[0m
[38;2;128;128;128m[0m
[38;2;0;206;209mRun Test Suite: [0m[38;2;250;235;215mres://tests/net/gate_readiness_test.gd[0m
  [38;2;250;235;215mres://tests/net/gate_readiness_test.gd[0m[38;2;128;128;128m > [0m[38;2;250;235;215mtest_low_support_and_an_open_short_push_do_not_fail_v5_readiness[0m[38;2;34;139;34m STARTED[0m[38;2;128;128;128m[0m
  [38;2;250;235;215mres://tests/net/gate_readiness_test.gd[0m[38;2;128;128;128m > [0m[38;2;250;235;215mtest_low_support_and_an_open_short_push_do_not_fail_v5_readiness[0m[38;2;178;34;34m[1m FAILED[0m[38;2;100;149;237m 4ms[0m
  [38;2;0;206;209m[1m[4mReport:[0m
  [38;2;128;128;128m[38;2;255;69;0mExpecting:[0m '[38;2;30;144;255mtrue[0m' but is '[38;2;30;144;255mfalse[0m'[0m[38;2;173;216;230m	at 'test_low_support_and_an_open_short_push_do_not_fail_v5_readiness' in res://tests/net/gate_readiness_test.gd:13[0m[38;2;128;128;128m[0m
[38;2;128;128;128m[0m
  [38;2;250;235;215mres://tests/net/gate_readiness_test.gd[0m[38;2;128;128;128m > [0m[38;2;250;235;215mtest_hull_exit_long_push_insufficient_cycles_and_short_duration_fail_readiness[0m[38;2;34;139;34m STARTED[0m[38;2;128;128;128m[0m
  [38;2;250;235;215mres://tests/net/gate_readiness_test.gd[0m[38;2;128;128;128m > [0m[38;2;250;235;215mtest_hull_exit_long_push_insufficient_cycles_and_short_duration_fail_readiness[0m[38;2;178;34;34m[1m FAILED[0m[38;2;100;149;237m 4ms[0m
  [38;2;0;206;209m[1m[4mReport:[0m
  [38;2;128;128;128m[38;2;255;69;0mExpecting:[0m '[38;2;30;144;255mfalse[0m' but is '[38;2;30;144;255mtrue[0m'[0m[38;2;173;216;230m	at 'test_hull_exit_long_push_insufficient_cycles_and_short_duration_fail_readiness' in res://tests/net/gate_readiness_test.gd:21[0m  [38;2;128;128;128m[38;2;255;69;0mExpecting:[0m '[38;2;30;144;255mfalse[0m' but is '[38;2;30;144;255mtrue[0m'[0m[38;2;173;216;230m	at 'test_hull_exit_long_push_insufficient_cycles_and_short_duration_fail_readiness' in res://tests/net/gate_readiness_test.gd:25[0m  [38;2;128;128;128m[38;2;255;69;0mExpecting:[0m '[38;2;30;144;255mfalse[0m' but is '[38;2;30;144;255mtrue[0m'[0m[38;2;173;216;230m	at 'test_hull_exit_long_push_insufficient_cycles_and_short_duration_fail_readiness' in res://tests/net/gate_readiness_test.gd:28[0m[38;2;128;128;128m[0m
[38;2;128;128;128m[0m
  [38;2;250;235;215mres://tests/net/gate_readiness_test.gd[0m[38;2;128;128;128m > [0m[38;2;250;235;215mtest_gate_requires_same_clean_commit_and_configuration_as_completed_experiment[0m[38;2;34;139;34m STARTED[0m[38;2;128;128;128m[0m
  [38;2;250;235;215mres://tests/net/gate_readiness_test.gd[0m[38;2;128;128;128m > [0m[38;2;250;235;215mtest_gate_requires_same_clean_commit_and_configuration_as_completed_experiment[0m[38;2;34;139;34m PASSED[0m[38;2;100;149;237m 4ms[0m
[38;2;128;128;128m[0m
[38;2;30;144;255mStatistics:[0m[38;2;128;128;128m 3 test cases | 0 errors | 4 failures | 0 flaky | 0 skipped | 0 orphans |[0m[38;2;34;139;34m PASSED[0m[38;2;100;149;237m 31ms[0m
[38;2;128;128;128m[0m
[38;2;128;128;128m[0m
[38;2;0;206;209mRun Test Suite: [0m[38;2;250;235;215mres://tests/net/gate_metrics_test.gd[0m
  [38;2;250;235;215mres://tests/net/gate_metrics_test.gd[0m[38;2;128;128;128m > [0m[38;2;250;235;215mtest_percentiles_and_fps_report_tails_not_average[0m[38;2;34;139;34m STARTED[0m[38;2;128;128;128m[0m
  [38;2;250;235;215mres://tests/net/gate_metrics_test.gd[0m[38;2;128;128;128m > [0m[38;2;250;235;215mtest_percentiles_and_fps_report_tails_not_average[0m[38;2;34;139;34m PASSED[0m[38;2;100;149;237m 3ms[0m
[38;2;128;128;128m[0m
  [38;2;250;235;215mres://tests/net/gate_metrics_test.gd[0m[38;2;128;128;128m > [0m[38;2;250;235;215mtest_capsule_height_and_rotated_cargo_measure_real_shape_extents[0m[38;2;34;139;34m STARTED[0m[38;2;128;128;128m[0m
  [38;2;250;235;215mres://tests/net/gate_metrics_test.gd[0m[38;2;128;128;128m > [0m[38;2;250;235;215mtest_capsule_height_and_rotated_cargo_measure_real_shape_extents[0m[38;2;34;139;34m PASSED[0m[38;2;100;149;237m 3ms[0m
[38;2;128;128;128m[0m
  [38;2;250;235;215mres://tests/net/gate_metrics_test.gd[0m[38;2;128;128;128m > [0m[38;2;250;235;215mtest_authored_door_hole_excludes_air_but_keeps_floor_and_jamb[0m[38;2;34;139;34m STARTED[0m[38;2;128;128;128m[0m
  [38;2;250;235;215mres://tests/net/gate_metrics_test.gd[0m[38;2;128;128;128m > [0m[38;2;250;235;215mtest_authored_door_hole_excludes_air_but_keeps_floor_and_jamb[0m[38;2;34;139;34m PASSED[0m[38;2;100;149;237m 9ms[0m
[38;2;128;128;128m[0m
  [38;2;250;235;215mres://tests/net/gate_metrics_test.gd[0m[38;2;128;128;128m > [0m[38;2;250;235;215mtest_penetration_run_resets_without_losing_peak_or_total[0m[38;2;34;139;34m STARTED[0m[38;2;128;128;128m[0m
  [38;2;250;235;215mres://tests/net/gate_metrics_test.gd[0m[38;2;128;128;128m > [0m[38;2;250;235;215mtest_penetration_run_resets_without_losing_peak_or_total[0m[38;2;34;139;34m PASSED[0m[38;2;100;149;237m 4ms[0m
[38;2;128;128;128m[0m
  [38;2;250;235;215mres://tests/net/gate_metrics_test.gd[0m[38;2;128;128;128m > [0m[38;2;250;235;215mtest_resting_penetration_does_not_extend_a_run_or_pollute_excluded_histogram[0m[38;2;34;139;34m STARTED[0m[38;2;128;128;128m[0m
  [38;2;250;235;215mres://tests/net/gate_metrics_test.gd[0m[38;2;128;128;128m > [0m[38;2;250;235;215mtest_resting_penetration_does_not_extend_a_run_or_pollute_excluded_histogram[0m[38;2;34;139;34m PASSED[0m[38;2;100;149;237m 4ms[0m
[38;2;128;128;128m[0m
  [38;2;250;235;215mres://tests/net/gate_metrics_test.gd[0m[38;2;128;128;128m > [0m[38;2;250;235;215mtest_judge_uses_same_run_p99_not_outlier_maximum[0m[38;2;34;139;34m STARTED[0m[38;2;128;128;128m[0m
  [38;2;250;235;215mres://tests/net/gate_metrics_test.gd[0m[38;2;128;128;128m > [0m[38;2;250;235;215mtest_judge_uses_same_run_p99_not_outlier_maximum[0m[38;2;34;139;34m PASSED[0m[38;2;100;149;237m 5ms[0m
[38;2;128;128;128m[0m
  [38;2;250;235;215mres://tests/net/gate_metrics_test.gd[0m[38;2;128;128;128m > [0m[38;2;250;235;215mtest_short_or_idle_iterations_are_invalid_and_headless_is_unverified[0m[38;2;34;139;34m STARTED[0m[38;2;128;128;128m[0m
  [38;2;250;235;215mres://tests/net/gate_metrics_test.gd[0m[38;2;128;128;128m > [0m[38;2;250;235;215mtest_short_or_idle_iterations_are_invalid_and_headless_is_unverified[0m[38;2;34;139;34m PASSED[0m[38;2;100;149;237m 4ms[0m
[38;2;128;128;128m[0m
  [38;2;250;235;215mres://tests/net/gate_metrics_test.gd[0m[38;2;128;128;128m > [0m[38;2;250;235;215mtest_low_support_does_not_replace_the_filtered_slip_judgment[0m[38;2;34;139;34m STARTED[0m[38;2;128;128;128m[0m
  [38;2;250;235;215mres://tests/net/gate_metrics_test.gd[0m[38;2;128;128;128m > [0m[38;2;250;235;215mtest_low_support_does_not_replace_the_filtered_slip_judgment[0m[38;2;178;34;34m[1m FAILED[0m[38;2;100;149;237m 4ms[0m
  [38;2;0;206;209m[1m[4mReport:[0m
  [38;2;128;128;128m[38;2;255;69;0mExpecting:[0m
 '[38;2;30;144;255mpassed[0m'
 but was
 '[38;2;30;144;255m[48;2;38;0;0m[38;2;255;255;255mp[0m[38;2;30;144;255m[48;2;38;0;0m[0m[38;2;30;144;255m[48;2;0;38;0m[38;2;255;255;255mf[0m[38;2;30;144;255m[48;2;0;38;0m[0m[38;2;30;144;255ma[48;2;38;0;0m[38;2;255;255;255mss[0m[38;2;30;144;255m[48;2;38;0;0m[0m[38;2;30;144;255m[48;2;0;38;0m[38;2;255;255;255mil[0m[38;2;30;144;255m[48;2;0;38;0m[0m[38;2;30;144;255med[0m'[0m[38;2;173;216;230m	at 'test_low_support_does_not_replace_the_filtered_slip_judgment' in res://tests/net/gate_metrics_test.gd:149[0m  [38;2;128;128;128m[38;2;255;69;0mExpecting:[0m '[38;2;30;144;255mtrue[0m' but is '[38;2;30;144;255mfalse[0m'[0m[38;2;173;216;230m	at 'test_low_support_does_not_replace_the_filtered_slip_judgment' in res://tests/net/gate_metrics_test.gd:153[0m  [38;2;128;128;128m[38;2;255;69;0mExpecting contains exactly elements:[0m
 '[38;2;30;144;255m["client: local crew cannot travel (bus support below 95 percent)"][0m'
 do contains (in same order)
 '[38;2;30;144;255m["client slip p99 exceeds 1.5 times same-run host"][0m'
but some elements where not expected:
 '[38;2;30;144;255m["client: local crew cannot travel (bus support below 95 percent)"][0m'
and could not find elements:
 '[38;2;30;144;255m["client slip p99 exceeds 1.5 times same-run host"][0m'[0m[38;2;173;216;230m	at 'test_low_support_does_not_replace_the_filtered_slip_judgment' in res://tests/net/gate_metrics_test.gd:154[0m[38;2;128;128;128m[0m
[38;2;128;128;128m[0m
  [38;2;250;235;215mres://tests/net/gate_metrics_test.gd[0m[38;2;128;128;128m > [0m[38;2;250;235;215mtest_capped_or_vsynced_fps_is_unverified_instead_of_failure[0m[38;2;34;139;34m STARTED[0m[38;2;128;128;128m[0m
  [38;2;250;235;215mres://tests/net/gate_metrics_test.gd[0m[38;2;128;128;128m > [0m[38;2;250;235;215mtest_capped_or_vsynced_fps_is_unverified_instead_of_failure[0m[38;2;34;139;34m PASSED[0m[38;2;100;149;237m 5ms[0m
[38;2;128;128;128m[0m
  [38;2;250;235;215mres://tests/net/gate_metrics_test.gd[0m[38;2;128;128;128m > [0m[38;2;250;235;215mtest_trace_interpolates_position_and_quaternion_at_observation_utc[0m[38;2;34;139;34m STARTED[0m[38;2;128;128;128m[0m
  [38;2;250;235;215mres://tests/net/gate_metrics_test.gd[0m[38;2;128;128;128m > [0m[38;2;250;235;215mtest_trace_interpolates_position_and_quaternion_at_observation_utc[0m[38;2;34;139;34m PASSED[0m[38;2;100;149;237m 4ms[0m
[38;2;128;128;128m[0m
  [38;2;250;235;215mres://tests/net/gate_metrics_test.gd[0m[38;2;128;128;128m > [0m[38;2;250;235;215mtest_trace_does_not_interpolate_handover_or_fake_zero_without_matches[0m[38;2;34;139;34m STARTED[0m[38;2;128;128;128m[0m
  [38;2;250;235;215mres://tests/net/gate_metrics_test.gd[0m[38;2;128;128;128m > [0m[38;2;250;235;215mtest_trace_does_not_interpolate_handover_or_fake_zero_without_matches[0m[38;2;34;139;34m PASSED[0m[38;2;100;149;237m 4ms[0m
[38;2;128;128;128m[0m
  [38;2;250;235;215mres://tests/net/gate_metrics_test.gd[0m[38;2;128;128;128m > [0m[38;2;250;235;215mtest_observer_filters_remote_penetration_and_preserves_simulation_counters[0m[38;2;34;139;34m STARTED[0m[38;2;128;128;128m[0m
  [38;2;250;235;215mres://tests/net/gate_metrics_test.gd[0m[38;2;128;128;128m > [0m[38;2;250;235;215mtest_observer_filters_remote_penetration_and_preserves_simulation_counters[0m[38;2;34;139;34m PASSED[0m[38;2;100;149;237m 20ms[0m
[38;2;128;128;128m[0m
[38;2;30;144;255mStatistics:[0m[38;2;128;128;128m 12 test cases | 0 errors | 3 failures | 0 flaky | 0 skipped | 0 orphans |[0m[38;2;34;139;34m PASSED[0m[38;2;100;149;237m 131ms[0m
[38;2;128;128;128m[0m
[38;2;128;128;128m[0m
[38;2;30;144;255mOverall Summary:[0m[38;2;255;255;255m 23 test cases | 0 errors | 34 failures | 0 flaky | 0 skipped | 0 orphans |[0m
[38;2;233;150;122mExecuted test suites: (3/3)[0m
[38;2;233;150;122mExecuted test cases : (23/23)[0m
[38;2;233;150;122mTotal execution time: 253ms[0m
[38;2;255;255;255m [0m[38;2;100;149;237mOpen XML Report at: file://C:/Users/Leo/Documents/RutaFragil/reports/report_3/results.xml[0m
[38;2;100;149;237mOpen HTML Report at: file://C:/Users/Leo/Documents/RutaFragil/reports/report_3/index.html[0m
[38;2;178;34;34mExit code: 100[0m
Run dispose test resources
